2025-10-30 - 09:52:30
Workflow 'Input File Pre-Processing' started.
 09:52:31 - Action 'Converting legacy file(s) to AUTOSAR files' started.
 09:52:31 - Action 'Converting legacy file(s) to AUTOSAR files' started.
              Convert legacy file(s) to System Description.
              Used executable: C:\Vector\CBD1800851_D01_Traveo\Generators\LegacyDb2SystemDescrConverter\LegacyDb2SystemDescrConverter.exe.
              Arguments: "F:\snavoday\SANDBOX_EINSTEIN\28th_OCT_2025\WIP\wip\bsw-gen-develop\Project\Config\System\PlatformDBCE4v7.dbc" -o "C:\Users\snavoday\AppData\Local\Temp\DaVinci\Cfg-0342592\LegacyConverterResults\1761798151321-0\ConvertedLegacy" -r 42 -e -v 19.
              
              Vector Legacy Database Converter.
              Version: 1.8.29.0.
              Copyright (c) 2018 Vector Informatik GmbH.
              License is restricted to the usage with CBD1800851 (D01) for MSR_Ford_SLP1.
              
              [info] SIP License found as C:\Vector\CBD1800851_D01_Traveo\SipLicense.lic.
              [info] Command line: C:\Vector\CBD1800851_D01_Traveo\Generators\LegacyDb2SystemDescrConverter\LegacyDb2SystemDescrConverter.exe "F:\snavoday\SANDBOX_EINSTEIN\28th_OCT_2025\WIP\wip\bsw-gen-develop\Project\Config\System\PlatformDBCE4v7.dbc" -o "C:\Users\snavoday\AppData\Local\Temp\DaVinci\Cfg-0342592\LegacyConverterResults\1761798151321-0\ConvertedLegacy" -r 42 -e -v 19.
              [info] Converting DBC file F:\snavoday\SANDBOX_EINSTEIN\28th_OCT_2025\WIP\wip\bsw-gen-develop\Project\Config\System\PlatformDBCE4v7.dbc.
              [warning] DBC attribute Manufacturer not defined.
                    ==> Use Manufacturer='Vector' as attribute value.
              [warning] DBC message Cluster_Secure_Rx has an GenMsgCycleTime value of 0.
                    ==> ISignalIPdu.CyclicTiming.TimePeriod will be 0.
              [warning] DBC message Cluster_Secure_Tx has an GenMsgCycleTime value of 0.
                    ==> ISignalIPdu.CyclicTiming.TimePeriod will be 0.
              [warning] DBC message Debug_Frame5 has an GenMsgCycleTime value of 0.
                    ==> ISignalIPdu.CyclicTiming.TimePeriod will be 0.
              [warning] DBC message Diag_Resp_UUDT has an GenMsgCycleTime value of 0.
                    ==> ISignalIPdu.CyclicTiming.TimePeriod will be 0.
              [warning] DBC message Diag_Resp_USDT has an GenMsgCycleTime value of 0.
                    ==> ISignalIPdu.CyclicTiming.TimePeriod will be 0.
              [warning] DBC message Diag_Req_Functional has an GenMsgCycleTime value of 0.
                    ==> ISignalIPdu.CyclicTiming.TimePeriod will be 0.
              [warning] DBC message Diag_Req_Physical has an GenMsgCycleTime value of 0.
                    ==> ISignalIPdu.CyclicTiming.TimePeriod will be 0.
              [info] Writing System Description...
              [info] Writing 1 ECU Extracts...
              
              C:\Users\snavoday\AppData\Local\Temp\DaVinci\Cfg-0342592\LegacyConverterResults\1761798151321-0\ConvertedLegacy.arxml.
              C:\Users\snavoday\AppData\Local\Temp\DaVinci\Cfg-0342592\LegacyConverterResults\1761798151321-0\ConvertedLegacy_IC.arxml.
              Elapsed time: 4.414 seconds.
              0 Errors.
              8 Warnings.
              [Warning] Legacy Converter finished with errors/warnings.
 09:52:36 - Action 'Converting legacy file(s) to AUTOSAR files' successfully finished with warnings.
                 [Warning] Legacy Converter finished with errors/warnings.
 09:52:36 - Action 'Converting legacy file(s) to AUTOSAR files' successfully finished with warnings.
                 [Warning] Legacy Converter finished with errors/warnings.
09:52:37 - Workflow 'Input File Pre-Processing' finished.
