Version=9.0.10.I20200514-rhp901
Rhp_version=3.6.1.v20200406-1326
[2024-07-25 16:20:30];[ERROR];com.sodius.mdw.core.OperationCanceledException
com.sodius.mdw.core.CoreException: com.sodius.mdw.core.OperationCanceledException
	at com.sodius.mdw.rulesplayer.RulesPlayerGenerator.callMDW(RulesPlayerGenerator.java:388)
	at com.sodius.mdw.rulesplayer.RulesPlayerGenerator.generateMDW(RulesPlayerGenerator.java:574)
	at com.sodius.mdw.rulesplayer.RulesPlayer.generateMDW(RulesPlayer.java:374)
	at com.sodius.mdw.rulesplayer.RulesPlayer.generate(RulesPlayer.java:309)
Caused by: com.sodius.mdw.core.OperationCanceledException
	at com.sodius.mdw.internal.core.eval.EvaluationContextImpl.cancelEvaluation(EvaluationContextImpl.java:167)
	at com.jci.c.Utilities.genAssert(Utilities.java:93)
	at sun.reflect.NativeMethodAccessorImpl.invoke0(Native Method)
	at sun.reflect.NativeMethodAccessorImpl.invoke(NativeMethodAccessorImpl.java:90)
	at sun.reflect.DelegatingMethodAccessorImpl.invoke(DelegatingMethodAccessorImpl.java:55)
	at java.lang.reflect.Method.invoke(Method.java:508)
	at freemarker.ext.beans.BeansWrapper.invokeMethod(BeansWrapper.java:518)
	at freemarker.ext.beans.SimpleMethodModel.exec(SimpleMethodModel.java:149)
	at freemarker.core.MethodCall.getMethodModel(MethodCall.java:70)
	at freemarker.core.Dot.getPropertyModel(Dot.java:280)
	at freemarker.core.Dot.getPropertyOrScriptModel(Dot.java:267)
	at freemarker.core.Dot._getAsTemplateModel(Dot.java:167)
	at freemarker.core.MethodCall.getAsTemplateModel(MethodCall.java:47)
	at freemarker.core.StatementInstruction.accept(StatementInstruction.java:18)
	at freemarker.core.Environment.doVisit(Environment.java:196)
	at freemarker.core.Environment.visit(Environment.java:185)
	at freemarker.core.MixedContent.accept(MixedContent.java:91)
	at freemarker.core.Environment.doVisit(Environment.java:196)
	at freemarker.core.Environment.visit(Environment.java:185)
	at freemarker.core.NestedBlockRunnableContext.run(NestedBlockRunnableContext.java:18)
	at freemarker.core.Environment.visit(Environment.java:385)
	at freemarker.core.IfBlock.accept(IfBlock.java:93)
	at freemarker.core.Environment.doVisit(Environment.java:196)
	at freemarker.core.Environment.visit(Environment.java:185)
	at freemarker.core.MixedContent.accept(MixedContent.java:91)
	at freemarker.core.Environment.doVisit(Environment.java:196)
	at freemarker.core.Environment.visit(Environment.java:185)
	at freemarker.core.MethodElement$Context.runMethodElement(MethodElement.java:101)
	at freemarker.core.Environment.visit(Environment.java:375)
	at freemarker.core.Environment.visit(Environment.java:568)
	at freemarker.core.InvocableRuleCall.accept(InvocableRuleCall.java:50)
	at freemarker.core.Environment.doVisit(Environment.java:196)
	at freemarker.core.Environment.visit(Environment.java:185)
	at freemarker.core.Environment.process(Environment.java:167)
	at freemarker.core.InvocableRuleCall.evaluate(InvocableRuleCall.java:62)
	at com.sodius.mdw.internal.corext.ml.InvocableRuleImpl.invoke(InvocableRuleImpl.java:241)
	at com.sodius.mdw.internal.core.eval.project.RuleImpl.evaluate(RuleImpl.java:72)
	at com.sodius.mdw.internal.core.eval.project.ProjectInvokerImpl.evaluateRule(ProjectInvokerImpl.java:803)
	at com.sodius.mdw.internal.core.eval.project.ProjectInvokerImpl.evaluateRule(ProjectInvokerImpl.java:789)
	at com.sodius.mdw.internal.core.eval.EvaluationContextImpl.evaluateRule(EvaluationContextImpl.java:233)
	at com.sodius.mdw.rulesplayer.RulesPlayerGenerator$1.evaluate(RulesPlayerGenerator.java:432)
	at com.sodius.mdw.internal.core.eval.EvaluationManagerImpl.evaluate(EvaluationManagerImpl.java:125)
	at com.sodius.mdw.internal.core.eval.EvaluationManagerImpl.evaluate(EvaluationManagerImpl.java:88)
	at com.sodius.mdw.internal.core.eval.EvaluationManagerImpl.evaluate(EvaluationManagerImpl.java:80)
	at com.sodius.mdw.rulesplayer.RulesPlayerGenerator.callMDW(RulesPlayerGenerator.java:368)
	... 3 more
