Plugin version : 1.0.1.0
Canvas:root
    Generic properties:
        canvas width:800
        canvas height:480
Image:wallpaper_reference
    Generic properties:
        Image Pos x:0
        Image Pos y:0
        Image Size x:800
        Image Size y:480
Image:telltale_brake_row
    Generic properties:
        Image Pos x:635
        Image Pos y:28
        Image Size x:41
        Image Size y:32
Image:telltale_brake_usa
    Generic properties:
        Image Pos x:628
        Image Pos y:41
        Image Size x:48
        Image Size y:15
Image:telltale_epb_row
    Generic properties:
        Image Pos x:683
        Image Pos y:28
        Image Size x:41
        Image Size y:32
Image:telltale_epb_usa
    Generic properties:
        Image Pos x:683
        Image Pos y:28
        Image Size x:41
        Image Size y:32
Image:gear_1_PRNDS_unselected_cold
    Generic properties:
        Image Pos x:337
        Image Pos y:434
        Image Size x:117
        Image Size y:32
Image:gear_1_PRNDS_unselected_warm
    Generic properties:
        Image Pos x:337
        Image Pos y:434
        Image Size x:117
        Image Size y:32
Image:gear_2_RNDS_unselected_P_selected_cold
    Generic properties:
        Image Pos x:337
        Image Pos y:434
        Image Size x:117
        Image Size y:32
Image:gear_2_RNDS_unselected_P_selected_warm
    Generic properties:
        Image Pos x:337
        Image Pos y:434
        Image Size x:117
        Image Size y:32
Image:gear_3_PNDS_unselected_R_selected_cold
    Generic properties:
        Image Pos x:337
        Image Pos y:434
        Image Size x:117
        Image Size y:32
Image:gear_3_PNDS_unselected_R_selected_warm
    Generic properties:
        Image Pos x:337
        Image Pos y:434
        Image Size x:117
        Image Size y:32
Image:gear_4_PRDS_unselected_N_selected_cold
    Generic properties:
        Image Pos x:337
        Image Pos y:434
        Image Size x:117
        Image Size y:32
Image:gear_4_PRDS_unselected_N_selected_warm
    Generic properties:
        Image Pos x:337
        Image Pos y:434
        Image Size x:117
        Image Size y:32
Image:gear_5_PRNS_unselected_D_selected_cold
    Generic properties:
        Image Pos x:337
        Image Pos y:434
        Image Size x:117
        Image Size y:32
Image:gear_5_PRNS_unselected_D_selected_warm
    Generic properties:
        Image Pos x:337
        Image Pos y:434
        Image Size x:117
        Image Size y:32
Image:gear_6_PRND_unselected_S_selected_cold
    Generic properties:
        Image Pos x:337
        Image Pos y:434
        Image Size x:117
        Image Size y:32
Image:gear_6_PRND_unselected_S_selected_warm
    Generic properties:
        Image Pos x:337
        Image Pos y:434
        Image Size x:117
        Image Size y:32
Image:gear_7_PRNDS_selected_cold
    Generic properties:
        Image Pos x:337
        Image Pos y:434
        Image Size x:117
        Image Size y:32
Image:gear_7_PRNDS_selected_warm
    Generic properties:
        Image Pos x:337
        Image Pos y:434
        Image Size x:117
        Image Size y:32
Image:gear_8_PRNDM_unselected_cold
    Generic properties:
        Image Pos x:337
        Image Pos y:435
        Image Size x:124
        Image Size y:30
Image:gear_8_PRNDM_unselected_warm
    Generic properties:
        Image Pos x:337
        Image Pos y:435
        Image Size x:124
        Image Size y:30
Image:gear_9_RNDM_unselected_P_selected_cold
    Generic properties:
        Image Pos x:337
        Image Pos y:435
        Image Size x:124
        Image Size y:30
Image:gear_9_RNDM_unselected_P_selected_warm
    Generic properties:
        Image Pos x:337
        Image Pos y:435
        Image Size x:124
        Image Size y:30
Image:gear_10_PNDM_unselected_R_selected_cold
    Generic properties:
        Image Pos x:337
        Image Pos y:435
        Image Size x:124
        Image Size y:30
Image:gear_10_PNDM_unselected_R_selected_warm
    Generic properties:
        Image Pos x:337
        Image Pos y:435
        Image Size x:124
        Image Size y:30
Image:gear_11_PRDM_unselected_N_selected_cold
    Generic properties:
        Image Pos x:337
        Image Pos y:435
        Image Size x:124
        Image Size y:30
Image:gear_11_PRDM_unselected_N_selected_warm
    Generic properties:
        Image Pos x:337
        Image Pos y:435
        Image Size x:124
        Image Size y:30
Image:gear_12_PRNM_unselected_D_selected_cold
    Generic properties:
        Image Pos x:337
        Image Pos y:435
        Image Size x:124
        Image Size y:30
Image:gear_12_PRNM_unselected_D_selected_warm
    Generic properties:
        Image Pos x:337
        Image Pos y:435
        Image Size x:124
        Image Size y:30
Image:gear_13_PRND_unselected_M_selected_cold
    Generic properties:
        Image Pos x:337
        Image Pos y:435
        Image Size x:124
        Image Size y:30
Image:gear_13_PRND_unselected_M_selected_warm
    Generic properties:
        Image Pos x:337
        Image Pos y:435
        Image Size x:124
        Image Size y:30
Image:gear_14_PRNDM_selected_cold
    Generic properties:
        Image Pos x:337
        Image Pos y:435
        Image Size x:124
        Image Size y:30
Image:gear_14_PRNDM_selected_warm
    Generic properties:
        Image Pos x:337
        Image Pos y:435
        Image Size x:124
        Image Size y:30
Image:gear_15_PRNDL_unselected_cold
    Generic properties:
        Image Pos x:337
        Image Pos y:435
        Image Size x:116
        Image Size y:30
Image:gear_15_PRNDL_unselected_warm
    Generic properties:
        Image Pos x:337
        Image Pos y:435
        Image Size x:116
        Image Size y:30
Image:gear_15_RNDL_unselected_P_selected_cold
    Generic properties:
        Image Pos x:337
        Image Pos y:435
        Image Size x:116
        Image Size y:30
Image:gear_16_RNDL_unselected_P_selected_warm
    Generic properties:
        Image Pos x:337
        Image Pos y:435
        Image Size x:116
        Image Size y:30
Image:gear_17_PNDL_unselected_R_selected_cold
    Generic properties:
        Image Pos x:337
        Image Pos y:435
        Image Size x:116
        Image Size y:30
Image:gear_17_PNDL_unselected_R_selected_warm
    Generic properties:
        Image Pos x:337
        Image Pos y:435
        Image Size x:116
        Image Size y:30
Image:gear_18_PRDL_unselected_N_selected_cold
    Generic properties:
        Image Pos x:337
        Image Pos y:435
        Image Size x:116
        Image Size y:30
Image:gear_18_PRDL_unselected_N_selected_warm
    Generic properties:
        Image Pos x:337
        Image Pos y:435
        Image Size x:116
        Image Size y:30
Image:gear_19_PRNL_unselected_D_selected_cold
    Generic properties:
        Image Pos x:337
        Image Pos y:435
        Image Size x:116
        Image Size y:30
Image:gear_19_PRNL_unselected_D_selected_warm
    Generic properties:
        Image Pos x:337
        Image Pos y:435
        Image Size x:116
        Image Size y:30
Image:gear_20_PRND_unselected_L_selected_cold
    Generic properties:
        Image Pos x:337
        Image Pos y:435
        Image Size x:116
        Image Size y:30
Image:gear_20_PRND_unselected_L_selected_warm
    Generic properties:
        Image Pos x:337
        Image Pos y:435
        Image Size x:116
        Image Size y:30
Image:gear_21_PRNDL_selected_cold
    Generic properties:
        Image Pos x:337
        Image Pos y:435
        Image Size x:116
        Image Size y:30
Image:gear_21_PRNDL_selected_warm
    Generic properties:
        Image Pos x:337
        Image Pos y:435
        Image Size x:116
        Image Size y:30
