gear_1_PRNDS_unselected_cold_0x151,0x1B2,0x1C5,0x1D1,0xB33F1E9C,0xB117E9D,0x47B69E24,
./test_crc -s 0 -w 0 -c 0x151,0x1B2,0x1C5,0x1D1,0,0,0xB33F1E9C,0xB117E9D,0x47B69E24
gear_1_PRNDS_unselected_warm_0x151,0x1B2,0x1C5,0x1D1,0x3CBCE662,0x3CBCE662,0x3CBCE662,
./test_crc -s 0 -w 0 -c 0x151,0x1B2,0x1C5,0x1D1,0,0,0x3CBCE662,0x3CBCE662,0x3CBCE662
gear_2_RNDS_unselected_P_selected_cold_0x151,0x1B2,0x1C5,0x1D1,0xAEEB036C,0x41D5CD49,0xEA0ECD32,
./test_crc -s 0 -w 0 -c 0x151,0x1B2,0x1C5,0x1D1,0,0,0xAEEB036C,0x41D5CD49,0xEA0ECD32
gear_2_RNDS_unselected_P_selected_warm_0x151,0x1B2,0x1C5,0x1D1,0x98676AE3,0x17AC1A3A,0x29B07D32,
./test_crc -s 0 -w 0 -c 0x151,0x1B2,0x1C5,0x1D1,0,0,0x98676AE3,0x17AC1A3A,0x29B07D32
gear_3_PNDS_unselected_R_selected_cold_0x151,0x1B2,0x1C5,0x1D1,0x163A4055,0xDE680AA0,0xB98BF679,
./test_crc -s 0 -w 0 -c 0x151,0x1B2,0x1C5,0x1D1,0,0,0x163A4055,0xDE680AA0,0xB98BF679
gear_3_PNDS_unselected_R_selected_warm_0x151,0x1B2,0x1C5,0x1D1,0x76D6215E,0xFC181A3F,0x6AB67F67,
./test_crc -s 0 -w 0 -c 0x151,0x1B2,0x1C5,0x1D1,0,0,0x76D6215E,0xFC181A3F,0x6AB67F67
gear_4_PRDS_unselected_N_selected_cold_0x151,0x1B2,0x1C5,0x1D1,0xCCD37ECE,0x6F263DAE,0xAF67DBFC,
./test_crc -s 0 -w 0 -c 0x151,0x1B2,0x1C5,0x1D1,0,0,0xCCD37ECE,0x6F263DAE,0xAF67DBFC
gear_4_PRDS_unselected_N_selected_warm_0x151,0x1B2,0x1C5,0x1D1,0x58A7EC8A,0xA90994D3,0x4CF1DAC9,
./test_crc -s 0 -w 0 -c 0x151,0x1B2,0x1C5,0x1D1,0,0,0x58A7EC8A,0xA90994D3,0x4CF1DAC9
gear_5_PRNS_unselected_D_selected_cold_0x151,0x1B2,0x1C5,0x1D1,0xCC287E6D,0x195608CE,0xC3FA1745,
./test_crc -s 0 -w 0 -c 0x151,0x1B2,0x1C5,0x1D1,0,0,0xCC287E6D,0x195608CE,0xC3FA1745
gear_5_PRNS_unselected_D_selected_warm_0x151,0x1B2,0x1C5,0x1D1,0x76EE8BF8,0x3B79C98D,0xE3689AB2,
./test_crc -s 0 -w 0 -c 0x151,0x1B2,0x1C5,0x1D1,0,0,0x76EE8BF8,0x3B79C98D,0xE3689AB2
gear_6_PRND_unselected_S_selected_cold_0x151,0x1B2,0x1C5,0x1D1,0xAD0EF71F,0x86B570B3,0xC1EFA2B2,
./test_crc -s 0 -w 0 -c 0x151,0x1B2,0x1C5,0x1D1,0,0,0xAD0EF71F,0x86B570B3,0xC1EFA2B2
gear_6_PRND_unselected_S_selected_warm_0x151,0x1B2,0x1C5,0x1D1,0x2B13326,0x6A169307,0x74874FD5,
./test_crc -s 0 -w 0 -c 0x151,0x1B2,0x1C5,0x1D1,0,0,0x2B13326,0x6A169307,0x74874FD5
gear_7_PRNDS_selected_cold_0x151,0x1B2,0x1C5,0x1D1,0x1524B485,0x6F78823A,0xFEF75540,
./test_crc -s 0 -w 0 -c 0x151,0x1B2,0x1C5,0x1D1,0,0,0x1524B485,0x6F78823A,0xFEF75540
gear_7_PRNDS_selected_warm_0x151,0x1B2,0x1C5,0x1D1,0xC2491FE9,0x13D2CE5C,0x98180DFB,
./test_crc -s 0 -w 0 -c 0x151,0x1B2,0x1C5,0x1D1,0,0,0xC2491FE9,0x13D2CE5C,0x98180DFB
gear_8_PRNDM_unselected_cold_0x1E7,0x1B3,0x262,0x1D0,0x596F7DFC,0x717BAF09,0xFA5DBEE3,
./test_crc -s 0 -w 0 -c 0x1E7,0x1B3,0x262,0x1D0,0,0,0x596F7DFC,0x717BAF09,0xFA5DBEE3
gear_8_PRNDM_unselected_warm_0x1E7,0x1B3,0x262,0x1D0,0x32E97158,0x32E97158,0x32E97158,
./test_crc -s 0 -w 0 -c 0x1E7,0x1B3,0x262,0x1D0,0,0,0x32E97158,0x32E97158,0x32E97158
gear_9_RNDM_unselected_P_selected_cold_0x1E7,0x1B3,0x262,0x1D0,0x3839EC9B,0xAA8E04B4,0xF67D0206,
./test_crc -s 0 -w 0 -c 0x1E7,0x1B3,0x262,0x1D0,0,0,0x3839EC9B,0xAA8E04B4,0xF67D0206
gear_9_RNDM_unselected_P_selected_warm_0x1E7,0x1B3,0x262,0x1D0,0xC98A7899,0xB6AE56D5,0x80D96A91,
./test_crc -s 0 -w 0 -c 0x1E7,0x1B3,0x262,0x1D0,0,0,0xC98A7899,0xB6AE56D5,0x80D96A91
gear_10_PNDM_unselected_R_selected_cold_0x1E7,0x1B3,0x262,0x1D0,0xFB212339,0xF3200207,0x7185AAF1,
./test_crc -s 0 -w 0 -c 0x1E7,0x1B3,0x262,0x1D0,0,0,0xFB212339,0xF3200207,0x7185AAF1
gear_10_PNDM_unselected_R_selected_warm_0x1E7,0x1B3,0x262,0x1D0,0x1D1AAE73,0xCD959405,0x1A21EF09,
./test_crc -s 0 -w 0 -c 0x1E7,0x1B3,0x262,0x1D0,0,0,0x1D1AAE73,0xCD959405,0x1A21EF09
gear_11_PRDM_unselected_N_selected_cold_0x1E7,0x1B3,0x262,0x1D0,0x4576E9E4,0x2FC0C25E,0xA7EA982C,
./test_crc -s 0 -w 0 -c 0x1E7,0x1B3,0x262,0x1D0,0,0,0x4576E9E4,0x2FC0C25E,0xA7EA982C
gear_11_PRDM_unselected_N_selected_warm_0x1E7,0x1B3,0x262,0x1D0,0x9860234B,0xCEB9E606,0x4EEE0193,
./test_crc -s 0 -w 0 -c 0x1E7,0x1B3,0x262,0x1D0,0,0,0x9860234B,0xCEB9E606,0x4EEE0193
gear_12_PRNM_unselected_D_selected_cold_0x1E7,0x1B3,0x262,0x1D0,0x21E0DDFA,0xA47B1AC2,0x5DF3095F,
./test_crc -s 0 -w 0 -c 0x1E7,0x1B3,0x262,0x1D0,0,0,0x21E0DDFA,0xA47B1AC2,0x5DF3095F
gear_12_PRNM_unselected_D_selected_warm_0x1E7,0x1B3,0x262,0x1D0,0x7A32639E,0x704EDD15,0x28C2434F,
./test_crc -s 0 -w 0 -c 0x1E7,0x1B3,0x262,0x1D0,0,0,0x7A32639E,0x704EDD15,0x28C2434F
gear_13_PRND_unselected_M_selected_cold_0x1E7,0x1B3,0x262,0x1D0,0x2DE35D1F,0xE85131E8,0x48467B6F,
./test_crc -s 0 -w 0 -c 0x1E7,0x1B3,0x262,0x1D0,0,0,0x2DE35D1F,0xE85131E8,0x48467B6F
gear_13_PRND_unselected_M_selected_warm_0x1E7,0x1B3,0x262,0x1D0,0xDB586A7,0xA4051EA0,0x76A22AD0,
./test_crc -s 0 -w 0 -c 0x1E7,0x1B3,0x262,0x1D0,0,0,0xDB586A7,0xA4051EA0,0x76A22AD0
gear_14_PRNDM_selected_cold_0x1E7,0x1B3,0x262,0x1D0,0x8A6DA6A3,0x3A44EFC7,0x35A742EB,
./test_crc -s 0 -w 0 -c 0x1E7,0x1B3,0x262,0x1D0,0,0,0x8A6DA6A3,0x3A44EFC7,0x35A742EB
gear_14_PRNDM_selected_warm_0x1E7,0x1B3,0x262,0x1D0,0x3B771098,0x61C9E763,0x8A76ED94,
./test_crc -s 0 -w 0 -c 0x1E7,0x1B3,0x262,0x1D0,0,0,0x3B771098,0x61C9E763,0x8A76ED94
gear_15_PRNDL_unselected_cold_0x27D,0x1B3,0x2F0,0x1D0,0xD96AF7D5,0xBA66F3AA,0x2A271F38,
./test_crc -s 0 -w 0 -c 0x27D,0x1B3,0x2F0,0x1D0,0,0,0xD96AF7D5,0xBA66F3AA,0x2A271F38
gear_15_PRNDL_unselected_warm_0x27D,0x1B3,0x2F0,0x1D0,0xE554714,0xE554714,0xE554714,
./test_crc -s 0 -w 0 -c 0x27D,0x1B3,0x2F0,0x1D0,0,0,0xE554714,0xE554714,0xE554714
gear_15_RNDL_unselected_P_selected_cold_0x27D,0x1B3,0x2F0,0x1D0,0xD87959F7,0x2212BE30,0x7C902DB7,
./test_crc -s 0 -w 0 -c 0x27D,0x1B3,0x2F0,0x1D0,0,0,0xD87959F7,0x2212BE30,0x7C902DB7
gear_16_RNDL_unselected_P_selected_warm_0x27D,0x1B3,0x2F0,0x1D0,0xD5EEA05E,0x96016FB9,0xC6E4D4B8,
./test_crc -s 0 -w 0 -c 0x27D,0x1B3,0x2F0,0x1D0,0,0,0xD5EEA05E,0x96016FB9,0xC6E4D4B8
gear_17_PNDL_unselected_R_selected_cold_0x27D,0x1B3,0x2F0,0x1D0,0xB263C40E,0xEA4895EF,0x34BBB66A,
./test_crc -s 0 -w 0 -c 0x27D,0x1B3,0x2F0,0x1D0,0,0,0xB263C40E,0xEA4895EF,0x34BBB66A
gear_17_PNDL_unselected_R_selected_warm_0x27D,0x1B3,0x2F0,0x1D0,0x6147F800,0xE41D97E1,0x9D3C1323,
./test_crc -s 0 -w 0 -c 0x27D,0x1B3,0x2F0,0x1D0,0,0,0x6147F800,0xE41D97E1,0x9D3C1323
gear_18_PRDL_unselected_N_selected_cold_0x27D,0x1B3,0x2F0,0x1D0,0xA428A3BE,0x19A85136,0xB4352979,
./test_crc -s 0 -w 0 -c 0x27D,0x1B3,0x2F0,0x1D0,0,0,0xA428A3BE,0x19A85136,0xB4352979
gear_18_PRDL_unselected_N_selected_warm_0x27D,0x1B3,0x2F0,0x1D0,0x1030638A,0xC25503E3,0x93862BAA,
./test_crc -s 0 -w 0 -c 0x27D,0x1B3,0x2F0,0x1D0,0,0,0x1030638A,0xC25503E3,0x93862BAA
gear_19_PRNL_unselected_D_selected_cold_0x27D,0x1B3,0x2F0,0x1D0,0x2DC2C1D2,0x44C38C60,0xA3B9CCC3,
./test_crc -s 0 -w 0 -c 0x27D,0x1B3,0x2F0,0x1D0,0,0,0x2DC2C1D2,0x44C38C60,0xA3B9CCC3
gear_19_PRNL_unselected_D_selected_warm_0x27D,0x1B3,0x2F0,0x1D0,0x8F21B6A7,0x58343F31,0xBA793F00,
./test_crc -s 0 -w 0 -c 0x27D,0x1B3,0x2F0,0x1D0,0,0,0x8F21B6A7,0x58343F31,0xBA793F00
gear_20_PRND_unselected_L_selected_cold_0x27D,0x1B3,0x2F0,0x1D0,0x4FE36AA3,0xCC7F304B,0x7EEDF921,
./test_crc -s 0 -w 0 -c 0x27D,0x1B3,0x2F0,0x1D0,0,0,0x4FE36AA3,0xCC7F304B,0x7EEDF921
gear_20_PRND_unselected_L_selected_warm_0x27D,0x1B3,0x2F0,0x1D0,0xE6223884,0x48C2D65F,0xED256D99,
./test_crc -s 0 -w 0 -c 0x27D,0x1B3,0x2F0,0x1D0,0,0,0xE6223884,0x48C2D65F,0xED256D99
gear_21_PRNDL_selected_cold_0x27D,0x1B3,0x2F0,0x1D0,0xAC139536,0x594EC6C2,0x214A8746,
./test_crc -s 0 -w 0 -c 0x27D,0x1B3,0x2F0,0x1D0,0,0,0xAC139536,0x594EC6C2,0x214A8746
gear_21_PRNDL_selected_warm_0x27D,0x1B3,0x2F0,0x1D0,0xCD9AB5F7,0xA0BF12D5,0x9F02BEA8,
./test_crc -s 0 -w 0 -c 0x27D,0x1B3,0x2F0,0x1D0,0,0,0xCD9AB5F7,0xA0BF12D5,0x9F02BEA8
telltale_epb_row_0x2AB,0x1C,0x2D3,0x3B,0x36250A44,0xABA1331F,0x55168B23,
./test_crc -s 0 -w 0 -c 0x2AB,0x1C,0x2D3,0x3B,0,0,0x36250A44,0xABA1331F,0x55168B23
telltale_epb_usa_0x2AB,0x1C,0x2D3,0x3B,0x57F07B3D,0xC80044B1,0x55168B23,
./test_crc -s 0 -w 0 -c 0x2AB,0x1C,0x2D3,0x3B,0,0,0x57F07B3D,0xC80044B1,0x55168B23
telltale_brake_row0x27B,0x55,0x2A3,0x74,0x36250A44,0x55168B23,0x55168B23,
./test_crc -s 0 -w 0 -c 0x27B,0x55,0x2A3,0x74,0,0,0x36250A44,0x55168B23,0x55168B23
telltale_brake_usa0x274,0x29,0x2A3,0x37,0xE211F3D8,0x6A708500,0x6A708500,
./test_crc -s 0 -w 0 -c 0x274,0x29,0x2A3,0x37,0,0,0xE211F3D8,0x6A708500,0x6A708500
img_hazard_tt0x64,0x64,0x7C,0x79,0x54BA6DAE,0x87DD6F5C,0x5672B2CE,
./test_crc -s 0 -w 0 -c 0x64,0x64,0x7C,0x79,0,0,0x54BA6DAE,0x87DD6F5C,0x5672B2CE
img_highbeam_tt0x96,0x64,0xB0,0x76,0x4FA0F3D7,0x147BCEAC,0xF7CBC65A,
./test_crc -s 0 -w 0 -c 0x96,0x64,0xB0,0x76,0,0,0x4FA0F3D7,0x147BCEAC,0xF7CBC65A
img_lamp_icon0xC8,0x64,0xE3,0x7D,0x1D18F7FE,0x70D93974,0xFDEF6280,
./test_crc -s 0 -w 0 -c 0xC8,0x64,0xE3,0x7D,0,0,0x1D18F7FE,0x70D93974,0xFDEF6280
img_lanedep_tt0xFA,0x64,0x11D,0x74,0x92014FA2,0xAA66A02F,0x438F9D3D,
./test_crc -s 0 -w 0 -c 0xFA,0x64,0x11D,0x74,0,0,0x92014FA2,0xAA66A02F,0x438F9D3D
img_lowbeam_tt0x12C,0x64,0x149,0x77,0xB255234E,0x251C06DB,0xF70F4275,
./test_crc -s 0 -w 0 -c 0x12C,0x64,0x149,0x77,0,0,0xB255234E,0x251C06DB,0xF70F4275
img_lturn_tt0x15E,0x64,0x178,0x7A,0x37E506AD,0xC89F4CDB,0xC24BE340,
./test_crc -s 0 -w 0 -c 0x15E,0x64,0x178,0x7A,0,0,0x37E506AD,0xC89F4CDB,0xC24BE340
gear_1_PRNDS_unselected_cold_ 0x151,0x1B2,0x1C5,0x1D1,0,0,0xB33F1E9C,0xB117E9D,0x47B69E24
./test_crc -s 0 -w 0 -c 0x151,0x1B2,0x1C5,0x1D1,0,0,0xB33F1E9C,0xB117E9D,0x47B69E24
gear_1_PRNDS_unselected_warm_ 0x151,0x1B2,0x1C5,0x1D1,0,0,0x3CBCE662,0x3CBCE662,0x3CBCE662
./test_crc -s 0 -w 0 -c 0x151,0x1B2,0x1C5,0x1D1,0,0,0x3CBCE662,0x3CBCE662,0x3CBCE662
gear_2_RNDS_unselected_P_selected_cold_ 0x151,0x1B2,0x1C5,0x1D1,0,0,0xAEEB036C,0x41D5CD49,0xEA0ECD32
./test_crc -s 0 -w 0 -c 0x151,0x1B2,0x1C5,0x1D1,0,0,0xAEEB036C,0x41D5CD49,0xEA0ECD32
gear_2_RNDS_unselected_P_selected_warm_ 0x151,0x1B2,0x1C5,0x1D1,0,0,0x98676AE3,0x17AC1A3A,0x29B07D32
./test_crc -s 0 -w 0 -c 0x151,0x1B2,0x1C5,0x1D1,0,0,0x98676AE3,0x17AC1A3A,0x29B07D32
gear_3_PNDS_unselected_R_selected_cold_ 0x151,0x1B2,0x1C5,0x1D1,0,0,0x163A4055,0xDE680AA0,0xB98BF679
./test_crc -s 0 -w 0 -c 0x151,0x1B2,0x1C5,0x1D1,0,0,0x163A4055,0xDE680AA0,0xB98BF679
gear_3_PNDS_unselected_R_selected_warm_ 0x151,0x1B2,0x1C5,0x1D1,0,0,0x76D6215E,0xFC181A3F,0x6AB67F67
./test_crc -s 0 -w 0 -c 0x151,0x1B2,0x1C5,0x1D1,0,0,0x76D6215E,0xFC181A3F,0x6AB67F67
gear_4_PRDS_unselected_N_selected_cold_ 0x151,0x1B2,0x1C5,0x1D1,0,0,0xCCD37ECE,0x6F263DAE,0xAF67DBFC
./test_crc -s 0 -w 0 -c 0x151,0x1B2,0x1C5,0x1D1,0,0,0xCCD37ECE,0x6F263DAE,0xAF67DBFC
gear_4_PRDS_unselected_N_selected_warm_ 0x151,0x1B2,0x1C5,0x1D1,0,0,0x58A7EC8A,0xA90994D3,0x4CF1DAC9
./test_crc -s 0 -w 0 -c 0x151,0x1B2,0x1C5,0x1D1,0,0,0x58A7EC8A,0xA90994D3,0x4CF1DAC9
gear_5_PRNS_unselected_D_selected_cold_ 0x151,0x1B2,0x1C5,0x1D1,0,0,0xCC287E6D,0x195608CE,0xC3FA1745
./test_crc -s 0 -w 0 -c 0x151,0x1B2,0x1C5,0x1D1,0,0,0xCC287E6D,0x195608CE,0xC3FA1745
gear_5_PRNS_unselected_D_selected_warm_ 0x151,0x1B2,0x1C5,0x1D1,0,0,0x76EE8BF8,0x3B79C98D,0xE3689AB2
./test_crc -s 0 -w 0 -c 0x151,0x1B2,0x1C5,0x1D1,0,0,0x76EE8BF8,0x3B79C98D,0xE3689AB2
gear_6_PRND_unselected_S_selected_cold_ 0x151,0x1B2,0x1C5,0x1D1,0,0,0xAD0EF71F,0x86B570B3,0xC1EFA2B2
./test_crc -s 0 -w 0 -c 0x151,0x1B2,0x1C5,0x1D1,0,0,0xAD0EF71F,0x86B570B3,0xC1EFA2B2
gear_6_PRND_unselected_S_selected_warm_ 0x151,0x1B2,0x1C5,0x1D1,0,0,0x2B13326,0x6A169307,0x74874FD5
./test_crc -s 0 -w 0 -c 0x151,0x1B2,0x1C5,0x1D1,0,0,0x2B13326,0x6A169307,0x74874FD5
gear_7_PRNDS_selected_cold_ 0x151,0x1B2,0x1C5,0x1D1,0,0,0x1524B485,0x6F78823A,0xFEF75540
./test_crc -s 0 -w 0 -c 0x151,0x1B2,0x1C5,0x1D1,0,0,0x1524B485,0x6F78823A,0xFEF75540
gear_7_PRNDS_selected_warm_ 0x151,0x1B2,0x1C5,0x1D1,0,0,0xC2491FE9,0x13D2CE5C,0x98180DFB
./test_crc -s 0 -w 0 -c 0x151,0x1B2,0x1C5,0x1D1,0,0,0xC2491FE9,0x13D2CE5C,0x98180DFB
gear_8_PRNDM_unselected_cold_ 0x1E7,0x1B3,0x262,0x1D0,0,0,0x596F7DFC,0x717BAF09,0xFA5DBEE3
./test_crc -s 0 -w 0 -c 0x1E7,0x1B3,0x262,0x1D0,0,0,0x596F7DFC,0x717BAF09,0xFA5DBEE3
gear_8_PRNDM_unselected_warm_ 0x1E7,0x1B3,0x262,0x1D0,0,0,0x32E97158,0x32E97158,0x32E97158
./test_crc -s 0 -w 0 -c 0x1E7,0x1B3,0x262,0x1D0,0,0,0x32E97158,0x32E97158,0x32E97158
gear_9_RNDM_unselected_P_selected_cold_ 0x1E7,0x1B3,0x262,0x1D0,0,0,0x3839EC9B,0xAA8E04B4,0xF67D0206
./test_crc -s 0 -w 0 -c 0x1E7,0x1B3,0x262,0x1D0,0,0,0x3839EC9B,0xAA8E04B4,0xF67D0206
gear_9_RNDM_unselected_P_selected_warm_ 0x1E7,0x1B3,0x262,0x1D0,0,0,0xC98A7899,0xB6AE56D5,0x80D96A91
./test_crc -s 0 -w 0 -c 0x1E7,0x1B3,0x262,0x1D0,0,0,0xC98A7899,0xB6AE56D5,0x80D96A91
gear_10_PNDM_unselected_R_selected_cold_ 0x1E7,0x1B3,0x262,0x1D0,0,0,0xFB212339,0xF3200207,0x7185AAF1
./test_crc -s 0 -w 0 -c 0x1E7,0x1B3,0x262,0x1D0,0,0,0xFB212339,0xF3200207,0x7185AAF1
gear_10_PNDM_unselected_R_selected_warm_ 0x1E7,0x1B3,0x262,0x1D0,0,0,0x1D1AAE73,0xCD959405,0x1A21EF09
./test_crc -s 0 -w 0 -c 0x1E7,0x1B3,0x262,0x1D0,0,0,0x1D1AAE73,0xCD959405,0x1A21EF09
gear_11_PRDM_unselected_N_selected_cold_ 0x1E7,0x1B3,0x262,0x1D0,0,0,0x4576E9E4,0x2FC0C25E,0xA7EA982C
./test_crc -s 0 -w 0 -c 0x1E7,0x1B3,0x262,0x1D0,0,0,0x4576E9E4,0x2FC0C25E,0xA7EA982C
gear_11_PRDM_unselected_N_selected_warm_ 0x1E7,0x1B3,0x262,0x1D0,0,0,0x9860234B,0xCEB9E606,0x4EEE0193
./test_crc -s 0 -w 0 -c 0x1E7,0x1B3,0x262,0x1D0,0,0,0x9860234B,0xCEB9E606,0x4EEE0193
gear_12_PRNM_unselected_D_selected_cold_ 0x1E7,0x1B3,0x262,0x1D0,0,0,0x21E0DDFA,0xA47B1AC2,0x5DF3095F
./test_crc -s 0 -w 0 -c 0x1E7,0x1B3,0x262,0x1D0,0,0,0x21E0DDFA,0xA47B1AC2,0x5DF3095F
gear_12_PRNM_unselected_D_selected_warm_ 0x1E7,0x1B3,0x262,0x1D0,0,0,0x7A32639E,0x704EDD15,0x28C2434F
./test_crc -s 0 -w 0 -c 0x1E7,0x1B3,0x262,0x1D0,0,0,0x7A32639E,0x704EDD15,0x28C2434F
gear_13_PRND_unselected_M_selected_cold_ 0x1E7,0x1B3,0x262,0x1D0,0,0,0x2DE35D1F,0xE85131E8,0x48467B6F
./test_crc -s 0 -w 0 -c 0x1E7,0x1B3,0x262,0x1D0,0,0,0x2DE35D1F,0xE85131E8,0x48467B6F
gear_13_PRND_unselected_M_selected_warm_ 0x1E7,0x1B3,0x262,0x1D0,0,0,0xDB586A7,0xA4051EA0,0x76A22AD0
./test_crc -s 0 -w 0 -c 0x1E7,0x1B3,0x262,0x1D0,0,0,0xDB586A7,0xA4051EA0,0x76A22AD0
gear_14_PRNDM_selected_cold_ 0x1E7,0x1B3,0x262,0x1D0,0,0,0x8A6DA6A3,0x3A44EFC7,0x35A742EB
./test_crc -s 0 -w 0 -c 0x1E7,0x1B3,0x262,0x1D0,0,0,0x8A6DA6A3,0x3A44EFC7,0x35A742EB
gear_14_PRNDM_selected_warm_ 0x1E7,0x1B3,0x262,0x1D0,0,0,0x3B771098,0x61C9E763,0x8A76ED94
./test_crc -s 0 -w 0 -c 0x1E7,0x1B3,0x262,0x1D0,0,0,0x3B771098,0x61C9E763,0x8A76ED94
gear_15_PRNDL_unselected_cold_ 0x27D,0x1B3,0x2F0,0x1D0,0,0,0xD96AF7D5,0xBA66F3AA,0x2A271F38
./test_crc -s 0 -w 0 -c 0x27D,0x1B3,0x2F0,0x1D0,0,0,0xD96AF7D5,0xBA66F3AA,0x2A271F38
gear_15_PRNDL_unselected_warm_ 0x27D,0x1B3,0x2F0,0x1D0,0,0,0xE554714,0xE554714,0xE554714
./test_crc -s 0 -w 0 -c 0x27D,0x1B3,0x2F0,0x1D0,0,0,0xE554714,0xE554714,0xE554714
gear_15_RNDL_unselected_P_selected_cold_ 0x27D,0x1B3,0x2F0,0x1D0,0,0,0xD87959F7,0x2212BE30,0x7C902DB7
./test_crc -s 0 -w 0 -c 0x27D,0x1B3,0x2F0,0x1D0,0,0,0xD87959F7,0x2212BE30,0x7C902DB7
gear_16_RNDL_unselected_P_selected_warm_ 0x27D,0x1B3,0x2F0,0x1D0,0,0,0xD5EEA05E,0x96016FB9,0xC6E4D4B8
./test_crc -s 0 -w 0 -c 0x27D,0x1B3,0x2F0,0x1D0,0,0,0xD5EEA05E,0x96016FB9,0xC6E4D4B8
gear_17_PNDL_unselected_R_selected_cold_ 0x27D,0x1B3,0x2F0,0x1D0,0,0,0xB263C40E,0xEA4895EF,0x34BBB66A
./test_crc -s 0 -w 0 -c 0x27D,0x1B3,0x2F0,0x1D0,0,0,0xB263C40E,0xEA4895EF,0x34BBB66A
gear_17_PNDL_unselected_R_selected_warm_ 0x27D,0x1B3,0x2F0,0x1D0,0,0,0x6147F800,0xE41D97E1,0x9D3C1323
./test_crc -s 0 -w 0 -c 0x27D,0x1B3,0x2F0,0x1D0,0,0,0x6147F800,0xE41D97E1,0x9D3C1323
gear_18_PRDL_unselected_N_selected_cold_ 0x27D,0x1B3,0x2F0,0x1D0,0,0,0xA428A3BE,0x19A85136,0xB4352979
./test_crc -s 0 -w 0 -c 0x27D,0x1B3,0x2F0,0x1D0,0,0,0xA428A3BE,0x19A85136,0xB4352979
gear_18_PRDL_unselected_N_selected_warm_ 0x27D,0x1B3,0x2F0,0x1D0,0,0,0x1030638A,0xC25503E3,0x93862BAA
./test_crc -s 0 -w 0 -c 0x27D,0x1B3,0x2F0,0x1D0,0,0,0x1030638A,0xC25503E3,0x93862BAA
gear_19_PRNL_unselected_D_selected_cold_ 0x27D,0x1B3,0x2F0,0x1D0,0,0,0x2DC2C1D2,0x44C38C60,0xA3B9CCC3
./test_crc -s 0 -w 0 -c 0x27D,0x1B3,0x2F0,0x1D0,0,0,0x2DC2C1D2,0x44C38C60,0xA3B9CCC3
gear_19_PRNL_unselected_D_selected_warm_ 0x27D,0x1B3,0x2F0,0x1D0,0,0,0x8F21B6A7,0x58343F31,0xBA793F00
./test_crc -s 0 -w 0 -c 0x27D,0x1B3,0x2F0,0x1D0,0,0,0x8F21B6A7,0x58343F31,0xBA793F00
gear_20_PRND_unselected_L_selected_cold_ 0x27D,0x1B3,0x2F0,0x1D0,0,0,0x4FE36AA3,0xCC7F304B,0x7EEDF921
./test_crc -s 0 -w 0 -c 0x27D,0x1B3,0x2F0,0x1D0,0,0,0x4FE36AA3,0xCC7F304B,0x7EEDF921
gear_20_PRND_unselected_L_selected_warm_ 0x27D,0x1B3,0x2F0,0x1D0,0,0,0xE6223884,0x48C2D65F,0xED256D99
./test_crc -s 0 -w 0 -c 0x27D,0x1B3,0x2F0,0x1D0,0,0,0xE6223884,0x48C2D65F,0xED256D99
gear_21_PRNDL_selected_cold_ 0x27D,0x1B3,0x2F0,0x1D0,0,0,0xAC139536,0x594EC6C2,0x214A8746
./test_crc -s 0 -w 0 -c 0x27D,0x1B3,0x2F0,0x1D0,0,0,0xAC139536,0x594EC6C2,0x214A8746
gear_21_PRNDL_selected_warm_ 0x27D,0x1B3,0x2F0,0x1D0,0,0,0xCD9AB5F7,0xA0BF12D5,0x9F02BEA8
./test_crc -s 0 -w 0 -c 0x27D,0x1B3,0x2F0,0x1D0,0,0,0xCD9AB5F7,0xA0BF12D5,0x9F02BEA8
telltale_epb_row_ 0x2AB,0x1C,0x2D3,0x3B,0,0,0x36250A44,0xABA1331F,0x55168B23
./test_crc -s 0 -w 0 -c 0x2AB,0x1C,0x2D3,0x3B,0,0,0x36250A44,0xABA1331F,0x55168B23
telltale_epb_usa_ 0x2AB,0x1C,0x2D3,0x3B,0,0,0x57F07B3D,0xC80044B1,0x55168B23
./test_crc -s 0 -w 0 -c 0x2AB,0x1C,0x2D3,0x3B,0,0,0x57F07B3D,0xC80044B1,0x55168B23
telltale_brake_row 0x27B,0x55,0x2A3,0x74,0,0,0x36250A44,0x55168B23,0x55168B23
./test_crc -s 0 -w 0 -c 0x27B,0x55,0x2A3,0x74,0,0,0x36250A44,0x55168B23,0x55168B23
telltale_brake_usa 0x274,0x29,0x2A3,0x37,0,0,0xE211F3D8,0x6A708500,0x6A708500
./test_crc -s 0 -w 0 -c 0x274,0x29,0x2A3,0x37,0,0,0xE211F3D8,0x6A708500,0x6A708500
img_hazard_tt 0x64,0x64,0x7C,0x79,0,0,0x54BA6DAE,0x87DD6F5C,0x5672B2CE
./test_crc -s 0 -w 0 -c 0x64,0x64,0x7C,0x79,0,0,0x54BA6DAE,0x87DD6F5C,0x5672B2CE
img_highbeam_tt 0x96,0x64,0xB0,0x76,0,0,0x4FA0F3D7,0x147BCEAC,0xF7CBC65A
./test_crc -s 0 -w 0 -c 0x96,0x64,0xB0,0x76,0,0,0x4FA0F3D7,0x147BCEAC,0xF7CBC65A
img_lamp_icon 0xC8,0x64,0xE3,0x7D,0,0,0x1D18F7FE,0x70D93974,0xFDEF6280
./test_crc -s 0 -w 0 -c 0xC8,0x64,0xE3,0x7D,0,0,0x1D18F7FE,0x70D93974,0xFDEF6280
img_lanedep_tt 0xFA,0x64,0x11D,0x74,0,0,0x92014FA2,0xAA66A02F,0x438F9D3D
./test_crc -s 0 -w 0 -c 0xFA,0x64,0x11D,0x74,0,0,0x92014FA2,0xAA66A02F,0x438F9D3D
img_lowbeam_tt 0x12C,0x64,0x149,0x77,0,0,0xB255234E,0x251C06DB,0xF70F4275
./test_crc -s 0 -w 0 -c 0x12C,0x64,0x149,0x77,0,0,0xB255234E,0x251C06DB,0xF70F4275
img_lturn_tt 0x15E,0x64,0x178,0x7A,0,0,0x37E506AD,0xC89F4CDB,0xC24BE340
./test_crc -s 0 -w 0 -c 0x15E,0x64,0x178,0x7A,0,0,0x37E506AD,0xC89F4CDB,0xC24BE340
