Archive member included to satisfy reference by file (symbol)

/home/gsoundar/WORKSPACE/NewNew/cluster-platform/dijkstra/libraries/optee-securitylib/Prebuilt_OS/arm-plat-k3/export-ta_arm64/lib/libutils.a(stack_check.o)
                              ./SecurestorageCrypto_ta.o (__stack_chk_fail)
/home/gsoundar/WORKSPACE/NewNew/cluster-platform/dijkstra/libraries/optee-securitylib/Prebuilt_OS/arm-plat-k3/export-ta_arm64/lib/libutils.a(memset.o)
                              ./SecurestorageCrypto_ta.o (memset)
/home/gsoundar/WORKSPACE/NewNew/cluster-platform/dijkstra/libraries/optee-securitylib/Prebuilt_OS/arm-plat-k3/export-ta_arm64/lib/libutils.a(trace.o)
                              ./SecurestorageCrypto_ta.o (trace_printf)
/home/gsoundar/WORKSPACE/NewNew/cluster-platform/dijkstra/libraries/optee-securitylib/Prebuilt_OS/arm-plat-k3/export-ta_arm64/lib/libutils.a(memcpy.o)
                              /home/gsoundar/WORKSPACE/NewNew/cluster-platform/dijkstra/libraries/optee-securitylib/Prebuilt_OS/arm-plat-k3/export-ta_arm64/lib/libutils.a(trace.o) (memcpy)
/home/gsoundar/WORKSPACE/NewNew/cluster-platform/dijkstra/libraries/optee-securitylib/Prebuilt_OS/arm-plat-k3/export-ta_arm64/lib/libutils.a(snprintk.o)
                              /home/gsoundar/WORKSPACE/NewNew/cluster-platform/dijkstra/libraries/optee-securitylib/Prebuilt_OS/arm-plat-k3/export-ta_arm64/lib/libutils.a(trace.o) (vsnprintk)
/home/gsoundar/WORKSPACE/NewNew/cluster-platform/dijkstra/libraries/optee-securitylib/Prebuilt_OS/arm-plat-k3/export-ta_arm64/lib/libutils.a(memchr.o)
                              /home/gsoundar/WORKSPACE/NewNew/cluster-platform/dijkstra/libraries/optee-securitylib/Prebuilt_OS/arm-plat-k3/export-ta_arm64/lib/libutils.a(snprintk.o) (memchr)
/home/gsoundar/WORKSPACE/NewNew/cluster-platform/dijkstra/libraries/optee-securitylib/Prebuilt_OS/arm-plat-k3/export-ta_arm64/lib/libutils.a(strlen.o)
                              /home/gsoundar/WORKSPACE/NewNew/cluster-platform/dijkstra/libraries/optee-securitylib/Prebuilt_OS/arm-plat-k3/export-ta_arm64/lib/libutils.a(snprintk.o) (strlen)
/home/gsoundar/WORKSPACE/NewNew/cluster-platform/dijkstra/libraries/optee-securitylib/Prebuilt_OS/arm-plat-k3/export-ta_arm64/lib/libutee.a(trace_ext.o)
                              /home/gsoundar/WORKSPACE/NewNew/cluster-platform/dijkstra/libraries/optee-securitylib/Prebuilt_OS/arm-plat-k3/export-ta_arm64/lib/libutils.a(trace.o) (trace_ext_puts)
/home/gsoundar/WORKSPACE/NewNew/cluster-platform/dijkstra/libraries/optee-securitylib/Prebuilt_OS/arm-plat-k3/export-ta_arm64/lib/libutee.a(tee_api.o)
                              ./SecurestorageCrypto_ta.o (__GP11_TEE_MemMove)
/home/gsoundar/WORKSPACE/NewNew/cluster-platform/dijkstra/libraries/optee-securitylib/Prebuilt_OS/arm-plat-k3/export-ta_arm64/lib/libutee.a(tee_api_objects.o)
                              ./SecurestorageCrypto_ta.o (__GP11_TEE_GetObjectInfo1)
/home/gsoundar/WORKSPACE/NewNew/cluster-platform/dijkstra/libraries/optee-securitylib/Prebuilt_OS/arm-plat-k3/export-ta_arm64/lib/libutee.a(tee_api_operations.o)
                              ./SecurestorageCrypto_ta.o (TEE_AllocateOperation)
/home/gsoundar/WORKSPACE/NewNew/cluster-platform/dijkstra/libraries/optee-securitylib/Prebuilt_OS/arm-plat-k3/export-ta_arm64/lib/libutee.a(tee_api_panic.o)
                              /home/gsoundar/WORKSPACE/NewNew/cluster-platform/dijkstra/libraries/optee-securitylib/Prebuilt_OS/arm-plat-k3/export-ta_arm64/lib/libutee.a(tee_api.o) (TEE_Panic)
/home/gsoundar/WORKSPACE/NewNew/cluster-platform/dijkstra/libraries/optee-securitylib/Prebuilt_OS/arm-plat-k3/export-ta_arm64/lib/libutee.a(tee_system_pta.o)
                              /home/gsoundar/WORKSPACE/NewNew/cluster-platform/dijkstra/libraries/optee-securitylib/Prebuilt_OS/arm-plat-k3/export-ta_arm64/lib/libutee.a(tee_api.o) (tee_map_zi)
/home/gsoundar/WORKSPACE/NewNew/cluster-platform/dijkstra/libraries/optee-securitylib/Prebuilt_OS/arm-plat-k3/export-ta_arm64/lib/libutee.a(user_ta_entry.o)
                              ./user_ta_header.o (__utee_entry)
/home/gsoundar/WORKSPACE/NewNew/cluster-platform/dijkstra/libraries/optee-securitylib/Prebuilt_OS/arm-plat-k3/export-ta_arm64/lib/libutee.a(user_ta_entry_compat.o)
                              ./user_ta_header.o (__ta_open_sess)
/home/gsoundar/WORKSPACE/NewNew/cluster-platform/dijkstra/libraries/optee-securitylib/Prebuilt_OS/arm-plat-k3/export-ta_arm64/lib/libutee.a(utee_syscalls_a64.o)
                              /home/gsoundar/WORKSPACE/NewNew/cluster-platform/dijkstra/libraries/optee-securitylib/Prebuilt_OS/arm-plat-k3/export-ta_arm64/lib/libutils.a(stack_check.o) (_utee_panic)
/home/gsoundar/WORKSPACE/NewNew/cluster-platform/dijkstra/libraries/optee-securitylib/Prebuilt_OS/arm-plat-k3/export-ta_arm64/lib/libutee.a(abort.o)
[...]
Memory Configuration

Name             Origin             Length             Attributes
*default*        0x0000000000000000 0xffffffffffffffff

Linker script and memory map


.text           0x0000000000000000    0x2f48c
                0x0000000000000000                __text_start = .
 *(SORT_BY_ALIGNMENT(.text) SORT_BY_ALIGNMENT(.text.*))
 .text          0x0000000000000000       0xd8 /home/gsoundar/WORKSPACE/NewNew/cluster-platform/dijkstra/libraries/optee-securitylib/Prebuilt_OS/arm-plat-k3/export-ta_arm64/lib/libutils.a(memcpy.o)
                0x0000000000000000                memcpy
 .text          0x00000000000000d8     0x5e0c ./SecurestorageCrypto_ta.o
                0x0000000000003038                TA_CreateEntryPoint
                0x0000000000003040                TA_DestroyEntryPoint
                0x0000000000003044                __GP11_TA_OpenSessionEntryPoint
                0x0000000000003094                TA_CloseSessionEntryPoint
                0x00000000000030bc                __GP11_TA_InvokeCommandEntryPoint
 .text          0x0000000000005ee4       0x34 ./user_ta_header.o
                0x0000000000005ee4                __ta_entry
                0x0000000000005ef8                tahead_get_trace_level
                0x0000000000005f00                TA_OpenSessionEntryPoint
                0x0000000000005f0c                TA_InvokeCommandEntryPoint
 .text          0x0000000000005f18       0x30 /home/gsoundar/WORKSPACE/NewNew/cluster-platform/dijkstra/libraries/optee-securitylib/Prebuilt_OS/arm-plat-k3/export-ta_arm64/lib/libutils.a(stack_check.o)
                0x0000000000005f18                __stack_chk_fail
 .text          0x0000000000005f48       0x1c /home/gsoundar/WORKSPACE/NewNew/cluster-platform/dijkstra/libraries/optee-securitylib/Prebuilt_OS/arm-plat-k3/export-ta_arm64/lib/libutils.a(memset.o)
                0x0000000000005f48                memset
 .text          0x0000000000005f64      0x340 /home/gsoundar/WORKSPACE/NewNew/cluster-platform/dijkstra/libraries/optee-securitylib/Prebuilt_OS/arm-plat-k3/export-ta_arm64/lib/libutils.a(trace.o)
                0x0000000000005f64                trace_set_level
                0x0000000000005f80                trace_get_level
                0x0000000000005f90                trace_vprintf
                0x00000000000061b4                trace_printf
                0x00000000000062a0                dhex_dump
 .text          0x00000000000062a4      0xdfc /home/gsoundar/WORKSPACE/NewNew/cluster-platform/dijkstra/libraries/optee-securitylib/Prebuilt_OS/arm-plat-k3/export-ta_arm64/lib/libutils.a(snprintk.o)
                0x00000000000062a4                __vsnprintf
                0x0000000000006370                vsnprintk
                0x00000000000063c8                snprintk
                0x0000000000007054                __vsprintf
 .text          0x00000000000070a0       0x2c /home/gsoundar/WORKSPACE/NewNew/cluster-platform/dijkstra/libraries/optee-securitylib/Prebuilt_OS/arm-plat-k3/export-ta_arm64/lib/libutils.a(memchr.o)
                0x00000000000070a0                memchr
 .text          0x00000000000070cc       0x1c /home/gsoundar/WORKSPACE/NewNew/cluster-platform/dijkstra/libraries/optee-securitylib/Prebuilt_OS/arm-plat-k3/export-ta_arm64/lib/libutils.a(strlen.o)
                0x00000000000070cc                strlen
 .text          0x00000000000070e8      0x1e8 /home/gsoundar/WORKSPACE/NewNew/cluster-platform/dijkstra/libraries/optee-securitylib/Prebuilt_OS/arm-plat-k3/export-ta_arm64/lib/libutee.a(trace_ext.o)
                0x00000000000070e8                trace_ext_puts
                0x0000000000007110                trace_ext_get_thread_id
                0x0000000000007118                printf
                0x0000000000007218                puts
                0x0000000000007258                putchar
 .text          0x00000000000072d0     0x10f0 /home/gsoundar/WORKSPACE/NewNew/cluster-platform/dijkstra/libraries/optee-securitylib/Prebuilt_OS/arm-plat-k3/export-ta_arm64/lib/libutee.a(tee_api.o)
                0x0000000000007678                TEE_CloseTASession
                0x00000000000076a0                TEE_GetCancellationFlag
                0x0000000000007708                TEE_UnmaskCancellation
                0x0000000000007770                TEE_MaskCancellation
                0x00000000000077d8                TEE_CheckMemoryAccessRights
                0x0000000000007a04                TEE_OpenTASession
                0x0000000000007b60                __GP11_TEE_OpenTASession
                0x0000000000007cac                TEE_InvokeTACommand
                0x0000000000007e38                __GP11_TEE_InvokeTACommand
                0x0000000000007fb4                __GP11_TEE_CheckMemoryAccessRights
                0x0000000000007fbc                TEE_SetInstanceData
                0x0000000000007fc8                TEE_GetInstanceData
                0x0000000000007fd4                TEE_MemMove
                0x0000000000007fd8                __GP11_TEE_MemMove
                0x0000000000007fe0                TEE_MemCompare
                0x0000000000007fe4                __GP11_TEE_MemCompare
                0x0000000000007fec                TEE_MemFill
                0x0000000000007ff0                __GP11_TEE_MemFill
                0x0000000000007ff8                TEE_GetSystemTime
                0x0000000000008020                TEE_Wait
                0x000000000000805c                TEE_GetTAPersistentTime
                0x00000000000080d4                TEE_SetTAPersistentTime
                0x0000000000008118                TEE_GetREETime
                0x0000000000008140                TEE_Malloc
                0x0000000000008250                __GP11_TEE_Malloc
                0x0000000000008258                TEE_Free
                0x00000000000082b4                TEE_Realloc
                0x00000000000083a0                __GP11_TEE_Realloc
                0x00000000000083a8                TEE_CacheClean
                0x00000000000083b0                TEE_CacheFlush
                0x00000000000083b8                TEE_CacheInvalidate
 .text          0x00000000000083c0     0x1b0c /home/gsoundar/WORKSPACE/NewNew/cluster-platform/dijkstra/libraries/optee-securitylib/Prebuilt_OS/arm-plat-k3/export-ta_arm64/lib/libutee.a(tee_api_objects.o)
                0x00000000000083c0                __utee_from_attr
                0x0000000000008410                __utee_from_gp11_attr
                0x0000000000008460                TEE_GetObjectInfo
                0x0000000000008524                __GP11_TEE_GetObjectInfo
                0x00000000000085f4                TEE_GetObjectInfo1
                0x00000000000086ac                __GP11_TEE_GetObjectInfo1
                0x0000000000008774                TEE_RestrictObjectUsage1
                0x00000000000087b8                TEE_RestrictObjectUsage
                0x0000000000008850                TEE_GetObjectBufferAttribute
                0x000000000000895c                __GP11_TEE_GetObjectBufferAttribute
                0x0000000000008a00                TEE_GetObjectValueAttribute
                0x0000000000008b40                TEE_CloseObject
                0x0000000000008b68                __GP11_TEE_AllocateTransientObject
                0x0000000000008c24                TEE_AllocateTransientObject
                0x0000000000008c40                TEE_FreeTransientObject
                0x0000000000008cd8                TEE_ResetTransientObject
                0x0000000000008d70                TEE_PopulateTransientObject
                0x0000000000008e84                __GP11_TEE_PopulateTransientObject
                0x0000000000008f98                TEE_InitRefAttribute
                0x0000000000008fe4                __GP11_TEE_InitRefAttribute
                0x0000000000009034                TEE_InitValueAttribute
                0x0000000000009080                __GP11_TEE_InitValueAttribute
                0x00000000000090cc                TEE_CopyObjectAttributes1
                0x00000000000091cc                TEE_CopyObjectAttributes
                0x0000000000009268                TEE_GenerateKey
                0x0000000000009340                __GP11_TEE_GenerateKey
                0x0000000000009418                TEE_OpenPersistentObject
                0x0000000000009514                __GP11_TEE_OpenPersistentObject
                0x000000000000951c                TEE_CreatePersistentObject
                0x0000000000009668                __GP11_TEE_CreatePersistentObject
                0x00000000000096e4                TEE_CloseAndDeletePersistentObject1
                0x000000000000972c                TEE_CloseAndDeletePersistentObject
                0x0000000000009758                TEE_RenamePersistentObject
                0x00000000000097b4                __GP11_TEE_RenamePersistentObject
                0x00000000000097bc                TEE_AllocatePersistentObjectEnumerator
                0x0000000000009854                TEE_FreePersistentObjectEnumerator
                0x000000000000987c                TEE_ResetPersistentObjectEnumerator
                0x00000000000098a4                TEE_StartPersistentObjectEnumerator
                0x00000000000098f4                TEE_GetNextPersistentObject
                0x0000000000009a18                __GP11_TEE_GetNextPersistentObject
                0x0000000000009b4c                TEE_ReadObjectData
                0x0000000000009c1c                __GP11_TEE_ReadObjectData
                0x0000000000009cc0                TEE_WriteObjectData
                0x0000000000009d38                __GP11_TEE_WriteObjectData
                0x0000000000009d40                TEE_TruncateObjectData
                0x0000000000009d9c                __GP11_TEE_TruncateObjectData
                0x0000000000009da4                TEE_SeekObjectData
                0x0000000000009ec4                __GP11_TEE_SeekObjectData
 .text          0x0000000000009ecc     0x4430 /home/gsoundar/WORKSPACE/NewNew/cluster-platform/dijkstra/libraries/optee-securitylib/Prebuilt_OS/arm-plat-k3/export-ta_arm64/lib/libutee.a(tee_api_operations.o)
                0x000000000000a604                TEE_FreeOperation
                0x000000000000a644                TEE_AllocateOperation
                0x000000000000b154                __GP11_TEE_FreeOperation
                0x000000000000b180                TEE_GetOperationInfo
                0x000000000000b1d4                TEE_GetOperationInfoMultiple
                0x000000000000b38c                __GP11_TEE_GetOperationInfoMultiple
                0x000000000000b420                TEE_ResetOperation
                0x000000000000b45c                TEE_SetOperationKey
                0x000000000000b5b0                __GP11_TEE_SetOperationKey
                0x000000000000b5ec                TEE_SetOperationKey2
                0x000000000000b60c                __GP11_TEE_SetOperationKey2
                0x000000000000b658                TEE_CopyOperation
                0x000000000000b7b4                TEE_DigestUpdate
                0x000000000000b824                __GP11_TEE_DigestUpdate
                0x000000000000b82c                TEE_DigestDoFinal
                0x000000000000b9a0                __GP11_TEE_DigestDoFinal
                0x000000000000ba4c                TEE_DigestExtract
                0x000000000000bbf8                TEE_CipherInit
                0x000000000000bcd4                __GP11_TEE_CipherInit
                0x000000000000bcdc                TEE_CipherUpdate
                0x000000000000be78                __GP11_TEE_CipherUpdate
                0x000000000000bf24                TEE_CipherDoFinal
                0x000000000000c144                __GP11_TEE_CipherDoFinal
                0x000000000000c1fc                TEE_MACInit
                0x000000000000c2a0                __GP11_TEE_MACInit
                0x000000000000c2a8                TEE_MACUpdate
                0x000000000000c348                __GP11_TEE_MACUpdate
                0x000000000000c350                TEE_MACComputeFinal
                0x000000000000c468                __GP11_TEE_MACComputeFinal
                0x000000000000c514                TEE_MACCompareFinal
                0x000000000000c61c                __GP11_TEE_MACCompareFinal
                0x000000000000c628                TEE_AEInit
                0x000000000000c6ec                __GP11_TEE_AEInit
                0x000000000000c6fc                TEE_AEUpdateAAD
                0x000000000000c798                __GP11_TEE_AEUpdateAAD
                0x000000000000c82c                TEE_AEUpdate
                0x000000000000c8f8                __GP11_TEE_AEUpdate
                0x000000000000ca00                TEE_AEEncryptFinal
                0x000000000000cc08                __GP11_TEE_AEEncryptFinal
                0x000000000000cce8                TEE_AEDecryptFinal
                0x000000000000cec4                __GP11_TEE_AEDecryptFinal
                0x000000000000cf88                TEE_AsymmetricEncrypt
                0x000000000000d118                __GP11_TEE_AsymmetricEncrypt
                0x000000000000d290                TEE_AsymmetricDecrypt
                0x000000000000d424                __GP11_TEE_AsymmetricDecrypt
                0x000000000000d5a0                TEE_AsymmetricSignDigest
                0x000000000000d710                __GP11_TEE_AsymmetricSignDigest
                0x000000000000d880                TEE_AsymmetricVerifyDigest
                0x000000000000d9dc                __GP11_TEE_AsymmetricVerifyDigest
                0x000000000000db38                TEE_DeriveKey
                0x000000000000dcb4                __GP11_TEE_DeriveKey
                0x000000000000de30                TEE_GenerateRandom
                0x000000000000de50                __GP11_TEE_GenerateRandom
                0x000000000000de58                rand
                0x000000000000debc                TEE_IsAlgorithmSupported
 .text          0x000000000000e2fc      0x1b8 /home/gsoundar/WORKSPACE/NewNew/cluster-platform/dijkstra/libraries/optee-securitylib/Prebuilt_OS/arm-plat-k3/export-ta_arm64/lib/libutee.a(tee_api_panic.o)
                0x000000000000e318                TEE_Panic
                0x000000000000e328                __utee_check_outbuf_annotation
                0x000000000000e384                __utee_check_gp11_outbuf_annotation
                0x000000000000e3e0                __utee_check_instring_annotation
                0x000000000000e420                __utee_check_outstring_annotation
                0x000000000000e424                __utee_check_gp11_outstring_annotation
                0x000000000000e428                __utee_check_out_annotation
                0x000000000000e454                __utee_check_attr_in_annotation
                0x000000000000e484                __utee_check_gp11_attr_in_annotation
                0x000000000000e488                __utee_check_inout_annotation
 .text          0x000000000000e4b4      0x2f0 /home/gsoundar/WORKSPACE/NewNew/cluster-platform/dijkstra/libraries/optee-securitylib/Prebuilt_OS/arm-plat-k3/export-ta_arm64/lib/libutee.a(tee_system_pta.o)
                0x000000000000e538                tee_map_zi
                0x000000000000e5ec                tee_unmap
                0x000000000000e6b4                tee_invoke_supp_plugin
 .text          0x000000000000e7a4      0x758 /home/gsoundar/WORKSPACE/NewNew/cluster-platform/dijkstra/libraries/optee-securitylib/Prebuilt_OS/arm-plat-k3/export-ta_arm64/lib/libutee.a(user_ta_entry.o)
                0x000000000000ea74                __utee_call_elf_init_fn
                0x000000000000ebc8                __utee_call_elf_fini_fn
                0x000000000000ec6c                __utee_entry
 .text          0x000000000000eefc      0x224 /home/gsoundar/WORKSPACE/NewNew/cluster-platform/dijkstra/libraries/optee-securitylib/Prebuilt_OS/arm-plat-k3/export-ta_arm64/lib/libutee.a(user_ta_entry_compat.o)
                0x000000000000efc4                __ta_open_sess
                0x000000000000f068                __ta_invoke_cmd
 .text._utee_panic
                0x000000000000f120        0xc /home/gsoundar/WORKSPACE/NewNew/cluster-platform/dijkstra/libraries/optee-securitylib/Prebuilt_OS/arm-plat-k3/export-ta_arm64/lib/libutee.a(utee_syscalls_a64.o)
                0x000000000000f120                _utee_panic
 .text._utee_return
                0x000000000000f12c        0xc /home/gsoundar/WORKSPACE/NewNew/cluster-platform/dijkstra/libraries/optee-securitylib/Prebuilt_OS/arm-plat-k3/export-ta_arm64/lib/libutee.a(utee_syscalls_a64.o)
                0x000000000000f12c                _utee_return
 .text._utee_log
                0x000000000000f138        0xc /home/gsoundar/WORKSPACE/NewNew/cluster-platform/dijkstra/libraries/optee-securitylib/Prebuilt_OS/arm-plat-k3/export-ta_arm64/lib/libutee.a(utee_syscalls_a64.o)
                0x000000000000f138                _utee_log
 .text.__utee_panic
                0x000000000000f144        0xc /home/gsoundar/WORKSPACE/NewNew/cluster-platform/dijkstra/libraries/optee-securitylib/Prebuilt_OS/arm-plat-k3/export-ta_arm64/lib/libutee.a(utee_syscalls_a64.o)
                0x000000000000f144                __utee_panic
 .text._utee_get_property
                0x000000000000f150        0xc /home/gsoundar/WORKSPACE/NewNew/cluster-platform/dijkstra/libraries/optee-securitylib/Prebuilt_OS/arm-plat-k3/export-ta_arm64/lib/libutee.a(utee_syscalls_a64.o)
                0x000000000000f150                _utee_get_property
 .text._utee_get_property_name_to_index
                0x000000000000f15c        0xc /home/gsoundar/WORKSPACE/NewNew/cluster-platform/dijkstra/libraries/optee-securitylib/Prebuilt_OS/arm-plat-k3/export-ta_arm64/lib/libutee.a(utee_syscalls_a64.o)
                0x000000000000f15c                _utee_get_property_name_to_index
 .text._utee_open_ta_session
                0x000000000000f168        0xc /home/gsoundar/WORKSPACE/NewNew/cluster-platform/dijkstra/libraries/optee-securitylib/Prebuilt_OS/arm-plat-k3/export-ta_arm64/lib/libutee.a(utee_syscalls_a64.o)
                0x000000000000f168                _utee_open_ta_session
 .text._utee_close_ta_session
                0x000000000000f174        0xc /home/gsoundar/WORKSPACE/NewNew/cluster-platform/dijkstra/libraries/optee-securitylib/Prebuilt_OS/arm-plat-k3/export-ta_arm64/lib/libutee.a(utee_syscalls_a64.o)
                0x000000000000f174                _utee_close_ta_session
 .text._utee_invoke_ta_command
                0x000000000000f180        0xc /home/gsoundar/WORKSPACE/NewNew/cluster-platform/dijkstra/libraries/optee-securitylib/Prebuilt_OS/arm-plat-k3/export-ta_arm64/lib/libutee.a(utee_syscalls_a64.o)
                0x000000000000f180                _utee_invoke_ta_command
 .text._utee_get_cancellation_flag
                0x000000000000f18c        0xc /home/gsoundar/WORKSPACE/NewNew/cluster-platform/dijkstra/libraries/optee-securitylib/Prebuilt_OS/arm-plat-k3/export-ta_arm64/lib/libutee.a(utee_syscalls_a64.o)
                0x000000000000f18c                _utee_get_cancellation_flag
 .text._utee_check_access_rights
                0x000000000000f198        0xc /home/gsoundar/WORKSPACE/NewNew/cluster-platform/dijkstra/libraries/optee-securitylib/Prebuilt_OS/arm-plat-k3/export-ta_arm64/lib/libutee.a(utee_syscalls_a64.o)
                0x000000000000f198                _utee_check_access_rights
 .text._utee_unmask_cancellation
                0x000000000000f1a4        0xc /home/gsoundar/WORKSPACE/NewNew/cluster-platform/dijkstra/libraries/optee-securitylib/Prebuilt_OS/arm-plat-k3/export-ta_arm64/lib/libutee.a(utee_syscalls_a64.o)
                0x000000000000f1a4                _utee_unmask_cancellation
 .text._utee_mask_cancellation
                0x000000000000f1b0        0xc /home/gsoundar/WORKSPACE/NewNew/cluster-platform/dijkstra/libraries/optee-securitylib/Prebuilt_OS/arm-plat-k3/export-ta_arm64/lib/libutee.a(utee_syscalls_a64.o)
                0x000000000000f1b0                _utee_mask_cancellation
 .text._utee_wait
                0x000000000000f1bc        0xc /home/gsoundar/WORKSPACE/NewNew/cluster-platform/dijkstra/libraries/optee-securitylib/Prebuilt_OS/arm-plat-k3/export-ta_arm64/lib/libutee.a(utee_syscalls_a64.o)
                0x000000000000f1bc                _utee_wait
 .text._utee_get_time
                0x000000000000f1c8        0xc /home/gsoundar/WORKSPACE/NewNew/cluster-platform/dijkstra/libraries/optee-securitylib/Prebuilt_OS/arm-plat-k3/export-ta_arm64/lib/libutee.a(utee_syscalls_a64.o)
                0x000000000000f1c8                _utee_get_time
 .text._utee_set_ta_time
                0x000000000000f1d4        0xc /home/gsoundar/WORKSPACE/NewNew/cluster-platform/dijkstra/libraries/optee-securitylib/Prebuilt_OS/arm-plat-k3/export-ta_arm64/lib/libutee.a(utee_syscalls_a64.o)
                0x000000000000f1d4                _utee_set_ta_time
 .text._utee_cryp_state_alloc
                0x000000000000f1e0        0xc /home/gsoundar/WORKSPACE/NewNew/cluster-platform/dijkstra/libraries/optee-securitylib/Prebuilt_OS/arm-plat-k3/export-ta_arm64/lib/libutee.a(utee_syscalls_a64.o)
                0x000000000000f1e0                _utee_cryp_state_alloc
 .text._utee_cryp_state_copy
                0x000000000000f1ec        0xc /home/gsoundar/WORKSPACE/NewNew/cluster-platform/dijkstra/libraries/optee-securitylib/Prebuilt_OS/arm-plat-k3/export-ta_arm64/lib/libutee.a(utee_syscalls_a64.o)
                0x000000000000f1ec                _utee_cryp_state_copy
 .text._utee_cryp_state_free
                0x000000000000f1f8        0xc /home/gsoundar/WORKSPACE/NewNew/cluster-platform/dijkstra/libraries/optee-securitylib/Prebuilt_OS/arm-plat-k3/export-ta_arm64/lib/libutee.a(utee_syscalls_a64.o)
                0x000000000000f1f8                _utee_cryp_state_free
 .text._utee_hash_init
                0x000000000000f204        0xc /home/gsoundar/WORKSPACE/NewNew/cluster-platform/dijkstra/libraries/optee-securitylib/Prebuilt_OS/arm-plat-k3/export-ta_arm64/lib/libutee.a(utee_syscalls_a64.o)
                0x000000000000f204                _utee_hash_init
 .text._utee_hash_update
                0x000000000000f210        0xc /home/gsoundar/WORKSPACE/NewNew/cluster-platform/dijkstra/libraries/optee-securitylib/Prebuilt_OS/arm-plat-k3/export-ta_arm64/lib/libutee.a(utee_syscalls_a64.o)
                0x000000000000f210                _utee_hash_update
 .text._utee_hash_final
                0x000000000000f21c        0xc /home/gsoundar/WORKSPACE/NewNew/cluster-platform/dijkstra/libraries/optee-securitylib/Prebuilt_OS/arm-plat-k3/export-ta_arm64/lib/libutee.a(utee_syscalls_a64.o)
                0x000000000000f21c                _utee_hash_final
 .text._utee_cipher_init
                0x000000000000f228        0xc /home/gsoundar/WORKSPACE/NewNew/cluster-platform/dijkstra/libraries/optee-securitylib/Prebuilt_OS/arm-plat-k3/export-ta_arm64/lib/libutee.a(utee_syscalls_a64.o)
                0x000000000000f228                _utee_cipher_init
 .text._utee_cipher_update
                0x000000000000f234        0xc /home/gsoundar/WORKSPACE/NewNew/cluster-platform/dijkstra/libraries/optee-securitylib/Prebuilt_OS/arm-plat-k3/export-ta_arm64/lib/libutee.a(utee_syscalls_a64.o)
                0x000000000000f234                _utee_cipher_update
 .text._utee_cipher_final
                0x000000000000f240        0xc /home/gsoundar/WORKSPACE/NewNew/cluster-platform/dijkstra/libraries/optee-securitylib/Prebuilt_OS/arm-plat-k3/export-ta_arm64/lib/libutee.a(utee_syscalls_a64.o)
                0x000000000000f240                _utee_cipher_final
 .text._utee_cryp_obj_get_info
                0x000000000000f24c        0xc /home/gsoundar/WORKSPACE/NewNew/cluster-platform/dijkstra/libraries/optee-securitylib/Prebuilt_OS/arm-plat-k3/export-ta_arm64/lib/libutee.a(utee_syscalls_a64.o)
                0x000000000000f24c                _utee_cryp_obj_get_info
 .text._utee_cryp_obj_restrict_usage
                0x000000000000f258        0xc /home/gsoundar/WORKSPACE/NewNew/cluster-platform/dijkstra/libraries/optee-securitylib/Prebuilt_OS/arm-plat-k3/export-ta_arm64/lib/libutee.a(utee_syscalls_a64.o)
                0x000000000000f258                _utee_cryp_obj_restrict_usage
 .text._utee_cryp_obj_get_attr
                0x000000000000f264        0xc /home/gsoundar/WORKSPACE/NewNew/cluster-platform/dijkstra/libraries/optee-securitylib/Prebuilt_OS/arm-plat-k3/export-ta_arm64/lib/libutee.a(utee_syscalls_a64.o)
                0x000000000000f264                _utee_cryp_obj_get_attr
 .text._utee_cryp_obj_alloc
                0x000000000000f270        0xc /home/gsoundar/WORKSPACE/NewNew/cluster-platform/dijkstra/libraries/optee-securitylib/Prebuilt_OS/arm-plat-k3/export-ta_arm64/lib/libutee.a(utee_syscalls_a64.o)
                0x000000000000f270                _utee_cryp_obj_alloc
 .text._utee_cryp_obj_close
                0x000000000000f27c        0xc /home/gsoundar/WORKSPACE/NewNew/cluster-platform/dijkstra/libraries/optee-securitylib/Prebuilt_OS/arm-plat-k3/export-ta_arm64/lib/libutee.a(utee_syscalls_a64.o)
                0x000000000000f27c                _utee_cryp_obj_close
 .text._utee_cryp_obj_reset
                0x000000000000f288        0xc /home/gsoundar/WORKSPACE/NewNew/cluster-platform/dijkstra/libraries/optee-securitylib/Prebuilt_OS/arm-plat-k3/export-ta_arm64/lib/libutee.a(utee_syscalls_a64.o)
                0x000000000000f288                _utee_cryp_obj_reset
 .text._utee_cryp_obj_populate
                0x000000000000f294        0xc /home/gsoundar/WORKSPACE/NewNew/cluster-platform/dijkstra/libraries/optee-securitylib/Prebuilt_OS/arm-plat-k3/export-ta_arm64/lib/libutee.a(utee_syscalls_a64.o)
                0x000000000000f294                _utee_cryp_obj_populate
 .text._utee_cryp_obj_copy
                0x000000000000f2a0        0xc /home/gsoundar/WORKSPACE/NewNew/cluster-platform/dijkstra/libraries/optee-securitylib/Prebuilt_OS/arm-plat-k3/export-ta_arm64/lib/libutee.a(utee_syscalls_a64.o)
                0x000000000000f2a0                _utee_cryp_obj_copy
 .text._utee_cryp_derive_key
                0x000000000000f2ac        0xc /home/gsoundar/WORKSPACE/NewNew/cluster-platform/dijkstra/libraries/optee-securitylib/Prebuilt_OS/arm-plat-k3/export-ta_arm64/lib/libutee.a(utee_syscalls_a64.o)
                0x000000000000f2ac                _utee_cryp_derive_key
 .text._utee_cryp_random_number_generate
                0x000000000000f2b8        0xc /home/gsoundar/WORKSPACE/NewNew/cluster-platform/dijkstra/libraries/optee-securitylib/Prebuilt_OS/arm-plat-k3/export-ta_arm64/lib/libutee.a(utee_syscalls_a64.o)
                0x000000000000f2b8                _utee_cryp_random_number_generate
 .text._utee_authenc_init
                0x000000000000f2c4        0xc /home/gsoundar/WORKSPACE/NewNew/cluster-platform/dijkstra/libraries/optee-securitylib/Prebuilt_OS/arm-plat-k3/export-ta_arm64/lib/libutee.a(utee_syscalls_a64.o)
                0x000000000000f2c4                _utee_authenc_init
 .text._utee_authenc_update_aad
                0x000000000000f2d0        0xc /home/gsoundar/WORKSPACE/NewNew/cluster-platform/dijkstra/libraries/optee-securitylib/Prebuilt_OS/arm-plat-k3/export-ta_arm64/lib/libutee.a(utee_syscalls_a64.o)
                0x000000000000f2d0                _utee_authenc_update_aad
 .text._utee_authenc_update_payload
                0x000000000000f2dc        0xc /home/gsoundar/WORKSPACE/NewNew/cluster-platform/dijkstra/libraries/optee-securitylib/Prebuilt_OS/arm-plat-k3/export-ta_arm64/lib/libutee.a(utee_syscalls_a64.o)
                0x000000000000f2dc                _utee_authenc_update_payload
 .text._utee_authenc_enc_final
                0x000000000000f2e8        0xc /home/gsoundar/WORKSPACE/NewNew/cluster-platform/dijkstra/libraries/optee-securitylib/Prebuilt_OS/arm-plat-k3/export-ta_arm64/lib/libutee.a(utee_syscalls_a64.o)
                0x000000000000f2e8                _utee_authenc_enc_final
 .text._utee_authenc_dec_final
                0x000000000000f2f4        0xc /home/gsoundar/WORKSPACE/NewNew/cluster-platform/dijkstra/libraries/optee-securitylib/Prebuilt_OS/arm-plat-k3/export-ta_arm64/lib/libutee.a(utee_syscalls_a64.o)
                0x000000000000f2f4                _utee_authenc_dec_final
 .text._utee_asymm_operate
                0x000000000000f300        0xc /home/gsoundar/WORKSPACE/NewNew/cluster-platform/dijkstra/libraries/optee-securitylib/Prebuilt_OS/arm-plat-k3/export-ta_arm64/lib/libutee.a(utee_syscalls_a64.o)
                0x000000000000f300                _utee_asymm_operate
 .text._utee_asymm_verify
                0x000000000000f30c        0xc /home/gsoundar/WORKSPACE/NewNew/cluster-platform/dijkstra/libraries/optee-securitylib/Prebuilt_OS/arm-plat-k3/export-ta_arm64/lib/libutee.a(utee_syscalls_a64.o)
                0x000000000000f30c                _utee_asymm_verify
 .text._utee_storage_obj_open
                0x000000000000f318        0xc /home/gsoundar/WORKSPACE/NewNew/cluster-platform/dijkstra/libraries/optee-securitylib/Prebuilt_OS/arm-plat-k3/export-ta_arm64/lib/libutee.a(utee_syscalls_a64.o)
                0x000000000000f318                _utee_storage_obj_open
 .text._utee_storage_obj_create
                0x000000000000f324        0xc /home/gsoundar/WORKSPACE/NewNew/cluster-platform/dijkstra/libraries/optee-securitylib/Prebuilt_OS/arm-plat-k3/export-ta_arm64/lib/libutee.a(utee_syscalls_a64.o)
                0x000000000000f324                _utee_storage_obj_create
 .text._utee_storage_obj_del
                0x000000000000f330        0xc /home/gsoundar/WORKSPACE/NewNew/cluster-platform/dijkstra/libraries/optee-securitylib/Prebuilt_OS/arm-plat-k3/export-ta_arm64/lib/libutee.a(utee_syscalls_a64.o)
                0x000000000000f330                _utee_storage_obj_del
 .text._utee_storage_obj_rename
                0x000000000000f33c        0xc /home/gsoundar/WORKSPACE/NewNew/cluster-platform/dijkstra/libraries/optee-securitylib/Prebuilt_OS/arm-plat-k3/export-ta_arm64/lib/libutee.a(utee_syscalls_a64.o)
                0x000000000000f33c                _utee_storage_obj_rename
 .text._utee_storage_alloc_enum
                0x000000000000f348        0xc /home/gsoundar/WORKSPACE/NewNew/cluster-platform/dijkstra/libraries/optee-securitylib/Prebuilt_OS/arm-plat-k3/export-ta_arm64/lib/libutee.a(utee_syscalls_a64.o)
                0x000000000000f348                _utee_storage_alloc_enum
 .text._utee_storage_free_enum
                0x000000000000f354        0xc /home/gsoundar/WORKSPACE/NewNew/cluster-platform/dijkstra/libraries/optee-securitylib/Prebuilt_OS/arm-plat-k3/export-ta_arm64/lib/libutee.a(utee_syscalls_a64.o)
                0x000000000000f354                _utee_storage_free_enum
 .text._utee_storage_reset_enum
                0x000000000000f360        0xc /home/gsoundar/WORKSPACE/NewNew/cluster-platform/dijkstra/libraries/optee-securitylib/Prebuilt_OS/arm-plat-k3/export-ta_arm64/lib/libutee.a(utee_syscalls_a64.o)
                0x000000000000f360                _utee_storage_reset_enum
 .text._utee_storage_start_enum
                0x000000000000f36c        0xc /home/gsoundar/WORKSPACE/NewNew/cluster-platform/dijkstra/libraries/optee-securitylib/Prebuilt_OS/arm-plat-k3/export-ta_arm64/lib/libutee.a(utee_syscalls_a64.o)
                0x000000000000f36c                _utee_storage_start_enum
 .text._utee_storage_next_enum
                0x000000000000f378        0xc /home/gsoundar/WORKSPACE/NewNew/cluster-platform/dijkstra/libraries/optee-securitylib/Prebuilt_OS/arm-plat-k3/export-ta_arm64/lib/libutee.a(utee_syscalls_a64.o)
                0x000000000000f378                _utee_storage_next_enum
 .text._utee_storage_obj_read
                0x000000000000f384        0xc /home/gsoundar/WORKSPACE/NewNew/cluster-platform/dijkstra/libraries/optee-securitylib/Prebuilt_OS/arm-plat-k3/export-ta_arm64/lib/libutee.a(utee_syscalls_a64.o)
                0x000000000000f384                _utee_storage_obj_read
 .text._utee_storage_obj_write
                0x000000000000f390        0xc /home/gsoundar/WORKSPACE/NewNew/cluster-platform/dijkstra/libraries/optee-securitylib/Prebuilt_OS/arm-plat-k3/export-ta_arm64/lib/libutee.a(utee_syscalls_a64.o)
                0x000000000000f390                _utee_storage_obj_write
 .text._utee_storage_obj_trunc
                0x000000000000f39c        0xc /home/gsoundar/WORKSPACE/NewNew/cluster-platform/dijkstra/libraries/optee-securitylib/Prebuilt_OS/arm-plat-k3/export-ta_arm64/lib/libutee.a(utee_syscalls_a64.o)
                0x000000000000f39c                _utee_storage_obj_trunc
 .text._utee_storage_obj_seek
                0x000000000000f3a8        0xc /home/gsoundar/WORKSPACE/NewNew/cluster-platform/dijkstra/libraries/optee-securitylib/Prebuilt_OS/arm-plat-k3/export-ta_arm64/lib/libutee.a(utee_syscalls_a64.o)
                0x000000000000f3a8                _utee_storage_obj_seek
 .text._utee_cryp_obj_generate_key
                0x000000000000f3b4        0xc /home/gsoundar/WORKSPACE/NewNew/cluster-platform/dijkstra/libraries/optee-securitylib/Prebuilt_OS/arm-plat-k3/export-ta_arm64/lib/libutee.a(utee_syscalls_a64.o)
                0x000000000000f3b4                _utee_cryp_obj_generate_key
 .text._utee_cache_operation
                0x000000000000f3c0        0xc /home/gsoundar/WORKSPACE/NewNew/cluster-platform/dijkstra/libraries/optee-securitylib/Prebuilt_OS/arm-plat-k3/export-ta_arm64/lib/libutee.a(utee_syscalls_a64.o)
                0x000000000000f3c0                _utee_cache_operation
 .text.unlikely
                0x000000000000f3cc       0x20 /home/gsoundar/WORKSPACE/NewNew/cluster-platform/dijkstra/libraries/optee-securitylib/Prebuilt_OS/arm-plat-k3/export-ta_arm64/lib/libutee.a(abort.o)
                0x000000000000f3cc                abort
 .text          0x000000000000f3ec       0x58 /home/gsoundar/WORKSPACE/NewNew/cluster-platform/dijkstra/libraries/optee-securitylib/Prebuilt_OS/arm-plat-k3/export-ta_arm64/lib/libutee.a(assert.o)
                0x000000000000f3ec                _assert_log
                0x000000000000f430                _assert_break
 .text          0x000000000000f444     0x222c /home/gsoundar/WORKSPACE/NewNew/cluster-platform/dijkstra/libraries/optee-securitylib/Prebuilt_OS/arm-plat-k3/export-ta_arm64/lib/libutee.a(tee_api_arith_mpi.o)
                0x000000000000fca8                _TEE_MathAPI_Init
                0x000000000000fcf8                TEE_BigIntInit
                0x000000000000fd58                __GP11_TEE_BigIntInit
                0x000000000000fd60                TEE_BigIntConvertFromOctetString
                0x000000000000fe30                __GP11_TEE_BigIntConvertFromOctetString
                0x000000000000fe38                TEE_BigIntConvertToOctetString
                0x000000000000ff08                __GP11_TEE_BigIntConvertToOctetString
                0x000000000000ff74                TEE_BigIntConvertFromS32
                0x0000000000010030                TEE_BigIntConvertToS32
                0x00000000000100f0                TEE_BigIntCmp
                0x0000000000010190                TEE_BigIntCmpS32
                0x00000000000103fc                TEE_BigIntShiftRight
                0x00000000000105a4                __GP11_TEE_BigIntShiftRight
                0x00000000000105ac                TEE_BigIntGetBit
                0x0000000000010638                TEE_BigIntGetBitCount
                0x00000000000106b8                TEE_BigIntSetBit
                0x0000000000010770                TEE_BigIntAssign
                0x00000000000107c0                TEE_BigIntAbs
                0x00000000000107ec                TEE_BigIntAdd
                0x00000000000107f8                TEE_BigIntSub
                0x0000000000010804                TEE_BigIntNeg
                0x00000000000108f0                TEE_BigIntMul
                0x0000000000010a0c                TEE_BigIntSquare
                0x0000000000010a14                TEE_BigIntDiv
                0x0000000000010bd0                TEE_BigIntMod
                0x0000000000010c3c                TEE_BigIntAddMod
                0x0000000000010c48                TEE_BigIntSubMod
                0x0000000000010c54                TEE_BigIntMulMod
                0x0000000000010c60                TEE_BigIntSquareMod
                0x0000000000010c6c                TEE_BigIntInvMod
                0x0000000000010dc4                TEE_BigIntRelativePrime
                0x0000000000010ed4                TEE_BigIntExpMod
                0x00000000000110bc                TEE_BigIntComputeExtendedGcd
                0x0000000000011334                TEE_BigIntIsProbablePrime
                0x00000000000113d4                TEE_BigIntInitFMM
                0x00000000000113d8                __GP11_TEE_BigIntInitFMM
                0x00000000000113e0                TEE_BigIntInitFMMContext
                0x00000000000113e4                __GP11_TEE_BigIntInitFMMContext
                0x00000000000113ec                TEE_BigIntInitFMMContext1
                0x00000000000113f4                TEE_BigIntFMMSizeInU32
                0x0000000000011404                __GP11_TEE_BigIntFMMSizeInU32
                0x000000000001141c                TEE_BigIntFMMContextSizeInU32
                0x0000000000011424                __GP11_TEE_BigIntFMMContextSizeInU32
                0x000000000001143c                TEE_BigIntConvertToFMM
                0x0000000000011440                TEE_BigIntConvertFromFMM
                0x000000000001151c                TEE_BigIntComputeFMM
 .text          0x0000000000011670     0x103c /home/gsoundar/WORKSPACE/NewNew/cluster-platform/dijkstra/libraries/optee-securitylib/Prebuilt_OS/arm-plat-k3/export-ta_arm64/lib/libutee.a(tee_api_property.o)
                0x0000000000011a5c                TEE_GetPropertyAsString
                0x0000000000011ccc                __GP11_TEE_GetPropertyAsString
                0x0000000000011d70                TEE_GetPropertyAsBool
                0x0000000000011e4c                TEE_GetPropertyAsU32
                0x0000000000011f38                TEE_GetPropertyAsU64
                0x0000000000012024                __GP11_TEE_GetPropertyAsBinaryBlock
                0x0000000000012114                TEE_GetPropertyAsBinaryBlock
                0x00000000000121b8                TEE_GetPropertyAsUUID
                0x00000000000122a4                TEE_GetPropertyAsIdentity
                0x0000000000012390                TEE_ResetPropertyEnumerator
                0x000000000001239c                TEE_AllocatePropertyEnumerator
                0x00000000000123e4                TEE_FreePropertyEnumerator
                0x00000000000123e8                TEE_StartPropertyEnumerator
                0x00000000000123f8                __GP11_TEE_GetPropertyName
                0x0000000000012530                TEE_GetPropertyName
                0x00000000000125c4                TEE_GetNextProperty
 .text          0x00000000000126ac      0x34c /home/gsoundar/WORKSPACE/NewNew/cluster-platform/dijkstra/libraries/optee-securitylib/Prebuilt_OS/arm-plat-k3/export-ta_arm64/lib/libutee.a(tcb.o)
                0x00000000000126ac                __utee_tcb_init
                0x00000000000128ec                __tls_get_addr
                0x0000000000012908                dl_iterate_phdr
 .text          0x00000000000129f8      0x258 /home/gsoundar/WORKSPACE/NewNew/cluster-platform/dijkstra/libraries/optee-securitylib/Prebuilt_OS/arm-plat-k3/export-ta_arm64/lib/libutee.a(base64.o)
                0x00000000000129f8                _base64_enc_len
                0x0000000000012a10                _base64_enc
                0x0000000000012b24                _base64_dec
 .text          0x0000000000012c50     0x3690 /home/gsoundar/WORKSPACE/NewNew/cluster-platform/dijkstra/libraries/optee-securitylib/Prebuilt_OS/arm-plat-k3/export-ta_arm64/lib/libmbedtls.a(bignum.o)
                0x0000000000012dac                mbedtls_mpi_init
                0x0000000000012dc0                mbedtls_mpi_init_mempool
                0x0000000000012de8                mbedtls_mpi_free
                0x0000000000012e54                mbedtls_mpi_grow
                0x0000000000012fac                mbedtls_mpi_shrink
                0x00000000000130c4                mbedtls_mpi_copy
                0x0000000000013190                mbedtls_mpi_swap
                0x0000000000013224                mbedtls_mpi_lset
                0x0000000000013290                mbedtls_mpi_get_bit
                0x00000000000132bc                mbedtls_mpi_set_bit
                0x0000000000013348                mbedtls_mpi_lsb
                0x00000000000133a8                mbedtls_mpi_bitlen
                0x00000000000133b0                mbedtls_mpi_size
                0x00000000000133cc                mbedtls_mpi_read_binary_le
                0x0000000000013428                mbedtls_mpi_read_binary
                0x0000000000013484                mbedtls_mpi_write_binary_le
                0x0000000000013494                mbedtls_mpi_write_binary
                0x00000000000134a4                mbedtls_mpi_shift_l
                0x00000000000135b4                mbedtls_mpi_shift_r
                0x00000000000135e4                mbedtls_mpi_cmp_abs
                0x000000000001367c                mbedtls_mpi_cmp_mpi
                0x0000000000013750                mbedtls_mpi_cmp_int
                0x00000000000137d4                mbedtls_mpi_add_abs
                0x00000000000138cc                mbedtls_mpi_sub_abs
                0x0000000000013a88                mbedtls_mpi_add_mpi
                0x0000000000013a90                mbedtls_mpi_sub_mpi
                0x0000000000013a98                mbedtls_mpi_add_int
                0x0000000000013b1c                mbedtls_mpi_sub_int
                0x0000000000013ba0                mbedtls_mpi_mul_mpi
                0x0000000000013d54                mbedtls_mpi_mul_int
                0x0000000000013e08                mbedtls_mpi_read_string
                0x0000000000014018                mbedtls_mpi_div_mpi
                0x0000000000014500                mbedtls_mpi_div_int
                0x0000000000014584                mbedtls_mpi_mod_mpi
                0x0000000000014638                mbedtls_mpi_mod_int
                0x00000000000146d0                mbedtls_mpi_write_string
                0x0000000000014a18                mbedtls_mpi_montg_init
                0x0000000000014a40                mbedtls_mpi_montmul
                0x0000000000014a4c                mbedtls_mpi_montred
                0x0000000000014a50                mbedtls_mpi_exp_mod
                0x00000000000150ac                mbedtls_mpi_gcd
                0x000000000001528c                mbedtls_mpi_fill_random
                0x00000000000155a0                mbedtls_mpi_random
                0x0000000000015634                mbedtls_mpi_inv_mod
                0x0000000000015a94                mbedtls_mpi_is_prime_ext
                0x0000000000015b84                mbedtls_mpi_gen_prime
                0x0000000000015ed0                mbedtls_mpi_self_test
 .text          0x00000000000162e0      0xe14 /home/gsoundar/WORKSPACE/NewNew/cluster-platform/dijkstra/libraries/optee-securitylib/Prebuilt_OS/arm-plat-k3/export-ta_arm64/lib/libmbedtls.a(bignum_core.o)
                0x00000000000162e0                mbedtls_mpi_core_clz
                0x0000000000016314                mbedtls_mpi_core_bitlen
                0x0000000000016368                mbedtls_mpi_core_bigendian_to_host
                0x000000000001639c                mbedtls_mpi_core_uint_le_mpi
                0x0000000000016400                mbedtls_mpi_core_cond_assign
                0x0000000000016424                mbedtls_mpi_core_cond_swap
                0x00000000000164a0                mbedtls_mpi_core_read_le
                0x000000000001652c                mbedtls_mpi_core_read_be
                0x00000000000165bc                mbedtls_mpi_core_write_le
                0x0000000000016668                mbedtls_mpi_core_write_be
                0x0000000000016720                mbedtls_mpi_core_shift_r
                0x00000000000167c0                mbedtls_mpi_core_add
                0x00000000000167fc                mbedtls_mpi_core_add_if
                0x000000000001686c                mbedtls_mpi_core_sub
                0x00000000000168b0                mbedtls_mpi_core_mla
                0x0000000000016a7c                mbedtls_mpi_core_montmul_init
                0x0000000000016ab0                mbedtls_mpi_core_montmul
                0x0000000000016ba8                mbedtls_mpi_core_get_mont_r2_unsafe
                0x0000000000016c10                mbedtls_mpi_core_fill_random
                0x0000000000016cc0                mbedtls_mpi_core_random
                0x0000000000016db0                mbedtls_mpi_core_exp_mod_working_limbs
                0x0000000000016dd8                mbedtls_mpi_core_exp_mod
                0x000000000001700c                mbedtls_mpi_core_sub_int
                0x000000000001703c                mbedtls_mpi_core_check_zero_ct
                0x0000000000017064                mbedtls_mpi_core_to_mont_rep
                0x0000000000017080                mbedtls_mpi_core_from_mont_rep
 .text          0x00000000000170f4      0x768 /home/gsoundar/WORKSPACE/NewNew/cluster-platform/dijkstra/libraries/optee-securitylib/Prebuilt_OS/arm-plat-k3/export-ta_arm64/lib/libmbedtls.a(constant_time.o)
                0x0000000000017114                mbedtls_ct_memcmp
                0x0000000000017148                mbedtls_ct_uint_mask
                0x0000000000017158                mbedtls_ct_mpi_uint_mask
                0x0000000000017168                mbedtls_ct_size_bool_eq
                0x0000000000017180                mbedtls_ct_mpi_uint_lt
                0x000000000001719c                mbedtls_ct_uint_if
                0x00000000000171cc                mbedtls_ct_mpi_uint_cond_assign
                0x0000000000017208                mbedtls_ct_base64_enc_char
                0x00000000000172bc                mbedtls_ct_base64_dec_value
                0x0000000000017378                mbedtls_mpi_safe_cond_assign
                0x0000000000017434                mbedtls_mpi_safe_cond_swap
                0x00000000000174ec                mbedtls_mpi_core_lt_ct
                0x000000000001756c                mbedtls_mpi_lt_mpi_ct
                0x0000000000017668                mbedtls_ct_rsaes_pkcs1_v15_unpadding
 .text          0x000000000001785c      0x234 /home/gsoundar/WORKSPACE/NewNew/cluster-platform/dijkstra/libraries/optee-securitylib/Prebuilt_OS/arm-plat-k3/export-ta_arm64/lib/libmbedtls.a(platform_util.o)
                0x000000000001785c                mbedtls_get_unaligned_uint16
                0x00000000000178b8                mbedtls_put_unaligned_uint16
                0x00000000000178d0                mbedtls_get_unaligned_uint32
                0x0000000000017934                mbedtls_put_unaligned_uint32
                0x0000000000017954                mbedtls_get_unaligned_uint64
                0x00000000000179b8                mbedtls_put_unaligned_uint64
                0x00000000000179d8                mbedtls_xor
                0x0000000000017a70                mbedtls_platform_zeroize
 .text          0x0000000000017a90     0x1ebc /home/gsoundar/WORKSPACE/NewNew/cluster-platform/dijkstra/libraries/optee-securitylib/Prebuilt_OS/arm-plat-k3/export-ta_arm64/lib/libmbedtls.a(x509_crt.o)
                0x0000000000017dac                mbedtls_x509_crt_info
                0x0000000000018458                mbedtls_x509_crt_verify_info
                0x0000000000018538                mbedtls_x509_crt_check_key_usage
                0x0000000000018a94                mbedtls_x509_crt_check_extended_key_usage
                0x0000000000018b28                mbedtls_x509_crt_verify
                0x0000000000018b34                mbedtls_x509_crt_verify_with_profile
                0x0000000000018b4c                mbedtls_x509_crt_verify_restartable
                0x0000000000018b64                mbedtls_x509_crt_init
                0x0000000000018b70                mbedtls_x509_crt_free
                0x0000000000019734                mbedtls_x509_crt_parse_der_nocopy
                0x0000000000019744                mbedtls_x509_crt_parse_der_with_ext_cb
                0x0000000000019748                mbedtls_x509_crt_parse_der
                0x0000000000019758                mbedtls_x509_crt_parse
 .text          0x000000000001994c      0x9b0 /home/gsoundar/WORKSPACE/NewNew/cluster-platform/dijkstra/libraries/optee-securitylib/Prebuilt_OS/arm-plat-k3/export-ta_arm64/lib/libmbedtls.a(asn1parse.o)
                0x00000000000199c0                mbedtls_asn1_get_len
                0x0000000000019ae8                mbedtls_asn1_get_tag
                0x0000000000019c10                mbedtls_asn1_get_bool
                0x0000000000019ca8                mbedtls_asn1_get_int
                0x0000000000019cb4                mbedtls_asn1_get_enum
                0x0000000000019cc0                mbedtls_asn1_get_mpi
                0x0000000000019d4c                mbedtls_asn1_get_bitstring
                0x0000000000019dd4                mbedtls_asn1_traverse_sequence_of
                0x0000000000019f20                mbedtls_asn1_get_bitstring_null
                0x0000000000019f78                mbedtls_asn1_sequence_free
                0x0000000000019fa8                mbedtls_asn1_get_sequence_of
                0x000000000001a020                mbedtls_asn1_get_alg
                0x000000000001a164                mbedtls_asn1_get_alg_null
                0x000000000001a1ec                mbedtls_asn1_free_named_data
                0x000000000001a228                mbedtls_asn1_free_named_data_list
                0x000000000001a270                mbedtls_asn1_free_named_data_list_shallow
                0x000000000001a2a0                mbedtls_asn1_find_named_data
 .text          0x000000000001a2fc      0x944 /home/gsoundar/WORKSPACE/NewNew/cluster-platform/dijkstra/libraries/optee-securitylib/Prebuilt_OS/arm-plat-k3/export-ta_arm64/lib/libmbedtls.a(md.o)
                0x000000000001a2fc                mbedtls_md_info_from_type
                0x000000000001a340                mbedtls_md_init
                0x000000000001a34c                mbedtls_md_free
                0x000000000001a404                mbedtls_md_clone
                0x000000000001a4e0                mbedtls_md_setup
                0x000000000001a5f0                mbedtls_md_starts
                0x000000000001a654                mbedtls_md_update
                0x000000000001a6b0                mbedtls_md_finish
                0x000000000001a70c                mbedtls_md
                0x000000000001a768                mbedtls_md_get_size
                0x000000000001a77c                mbedtls_md_get_type
                0x000000000001a790                mbedtls_md_list
                0x000000000001a79c                mbedtls_md_info_from_string
                0x000000000001a854                mbedtls_md_info_from_ctx
                0x000000000001a860                mbedtls_md_hmac_starts
                0x000000000001a9d0                mbedtls_md_hmac_update
                0x000000000001a9f0                mbedtls_md_hmac_finish
                0x000000000001aad4                mbedtls_md_hmac_reset
                0x000000000001ab34                mbedtls_md_hmac
                0x000000000001ac34                mbedtls_md_get_name
 .text          0x000000000001ac40      0xf80 /home/gsoundar/WORKSPACE/NewNew/cluster-platform/dijkstra/libraries/optee-securitylib/Prebuilt_OS/arm-plat-k3/export-ta_arm64/lib/libmbedtls.a(md5.o)
                0x000000000001ac40                mbedtls_md5_init
                0x000000000001ac4c                mbedtls_md5_free
                0x000000000001ac5c                mbedtls_md5_clone
                0x000000000001ac74                mbedtls_md5_starts
                0x000000000001acb0                mbedtls_internal_md5_process
                0x000000000001b7e4                mbedtls_md5_update
                0x000000000001b8d0                mbedtls_md5_finish
                0x000000000001b9d8                mbedtls_md5
                0x000000000001ba98                mbedtls_md5_self_test
 .text          0x000000000001bbc0      0x7b0 /home/gsoundar/WORKSPACE/NewNew/cluster-platform/dijkstra/libraries/optee-securitylib/Prebuilt_OS/arm-plat-k3/export-ta_arm64/lib/libmbedtls.a(oid.o)
                0x000000000001bc18                mbedtls_oid_get_attr_short_name
                0x000000000001bc94                mbedtls_oid_get_x509_ext_type
                0x000000000001bd10                mbedtls_oid_get_extended_key_usage
                0x000000000001bd8c                mbedtls_oid_get_certificate_policies
                0x000000000001be08                mbedtls_oid_get_sig_alg_desc
                0x000000000001be4c                mbedtls_oid_get_sig_alg
                0x000000000001be9c                mbedtls_oid_get_oid_by_sig_alg
                0x000000000001bee8                mbedtls_oid_get_pk_alg
                0x000000000001bf64                mbedtls_oid_get_oid_by_pk_alg
                0x000000000001bfa8                mbedtls_oid_get_ec_grp
                0x000000000001c024                mbedtls_oid_get_oid_by_ec_grp
                0x000000000001c068                mbedtls_oid_get_cipher_alg
                0x000000000001c0e4                mbedtls_oid_get_md_alg
                0x000000000001c160                mbedtls_oid_get_oid_by_md
                0x000000000001c1a4                mbedtls_oid_get_md_hmac
                0x000000000001c220                mbedtls_oid_get_numeric_string
 .text          0x000000000001c370      0xc2c /home/gsoundar/WORKSPACE/NewNew/cluster-platform/dijkstra/libraries/optee-securitylib/Prebuilt_OS/arm-plat-k3/export-ta_arm64/lib/libmbedtls.a(pem.o)
                0x000000000001c7fc                mbedtls_pem_init
                0x000000000001c808                mbedtls_pem_read_buffer
                0x000000000001cd64                mbedtls_pem_free
                0x000000000001cda8                mbedtls_pem_write_buffer
 .text          0x000000000001cf9c      0x4d8 /home/gsoundar/WORKSPACE/NewNew/cluster-platform/dijkstra/libraries/optee-securitylib/Prebuilt_OS/arm-plat-k3/export-ta_arm64/lib/libmbedtls.a(pk.o)
                0x000000000001cf9c                mbedtls_pk_init
                0x000000000001cfa4                mbedtls_pk_free
                0x000000000001cfe4                mbedtls_pk_info_from_type
                0x000000000001d028                mbedtls_pk_setup
                0x000000000001d084                mbedtls_pk_can_do
                0x000000000001d0ac                mbedtls_pk_verify_restartable
                0x000000000001d158                mbedtls_pk_verify
                0x000000000001d160                mbedtls_pk_verify_ext
                0x000000000001d228                mbedtls_pk_sign_restartable
                0x000000000001d2f8                mbedtls_pk_sign
                0x000000000001d31c                mbedtls_pk_decrypt
                0x000000000001d348                mbedtls_pk_encrypt
                0x000000000001d374                mbedtls_pk_check_pair
                0x000000000001d3d8                mbedtls_pk_get_bitlen
                0x000000000001d3fc                mbedtls_pk_debug
                0x000000000001d438                mbedtls_pk_get_name
                0x000000000001d458                mbedtls_pk_get_type
 .text          0x000000000001d474      0x42c /home/gsoundar/WORKSPACE/NewNew/cluster-platform/dijkstra/libraries/optee-securitylib/Prebuilt_OS/arm-plat-k3/export-ta_arm64/lib/libmbedtls.a(pk_wrap.o)
 .text          0x000000000001d8a0     0x1240 /home/gsoundar/WORKSPACE/NewNew/cluster-platform/dijkstra/libraries/optee-securitylib/Prebuilt_OS/arm-plat-k3/export-ta_arm64/lib/libmbedtls.a(pkparse.o)
                0x000000000001e3a0                mbedtls_pk_parse_subpubkey
                0x000000000001e594                mbedtls_pk_parse_key
                0x000000000001e8a0                mbedtls_pk_parse_public_key
 .text          0x000000000001eae0     0x212c /home/gsoundar/WORKSPACE/NewNew/cluster-platform/dijkstra/libraries/optee-securitylib/Prebuilt_OS/arm-plat-k3/export-ta_arm64/lib/libmbedtls.a(rsa.o)
                0x000000000001ee20                mbedtls_rsa_import
                0x000000000001eef4                mbedtls_rsa_import_raw
                0x000000000001efdc                mbedtls_rsa_complete
                0x000000000001f24c                mbedtls_rsa_export_raw
                0x000000000001f3b8                mbedtls_rsa_export
                0x000000000001f4f4                mbedtls_rsa_export_crt
                0x000000000001f5d0                mbedtls_rsa_init
                0x000000000001f5dc                mbedtls_rsa_set_padding
                0x000000000001f5fc                mbedtls_rsa_get_padding_mode
                0x000000000001f604                mbedtls_rsa_get_md_alg
                0x000000000001f60c                mbedtls_rsa_get_len
                0x000000000001f614                mbedtls_rsa_check_pubkey
                0x000000000001f69c                mbedtls_rsa_check_privkey
                0x000000000001f730                mbedtls_rsa_check_pub_priv
                0x000000000001f78c                mbedtls_rsa_public
                0x000000000001f89c                mbedtls_rsa_private
                0x000000000001fe3c                mbedtls_rsa_rsaes_pkcs1_v15_encrypt
                0x000000000001ff5c                mbedtls_rsa_pkcs1_encrypt
                0x000000000001ff70                mbedtls_rsa_rsaes_pkcs1_v15_decrypt
                0x0000000000020044                mbedtls_rsa_pkcs1_decrypt
                0x0000000000020058                mbedtls_rsa_rsassa_pkcs1_v15_sign
                0x00000000000201bc                mbedtls_rsa_pkcs1_sign
                0x00000000000201e4                mbedtls_rsa_rsassa_pkcs1_v15_verify
                0x000000000002033c                mbedtls_rsa_pkcs1_verify
                0x0000000000020364                mbedtls_rsa_free
                0x00000000000203ec                mbedtls_rsa_gen_key
                0x0000000000020710                mbedtls_rsa_copy
                0x0000000000020864                mbedtls_rsa_self_test
 .text          0x0000000000020c0c      0xafc /home/gsoundar/WORKSPACE/NewNew/cluster-platform/dijkstra/libraries/optee-securitylib/Prebuilt_OS/arm-plat-k3/export-ta_arm64/lib/libmbedtls.a(rsa_alt_helpers.o)
                0x0000000000020c0c                mbedtls_rsa_deduce_primes
                0x0000000000020f20                mbedtls_rsa_deduce_private_exponent
                0x00000000000210a4                mbedtls_rsa_deduce_crt
                0x00000000000211d0                mbedtls_rsa_validate_params
                0x00000000000214ec                mbedtls_rsa_validate_crt
 .text          0x0000000000021708     0x1714 /home/gsoundar/WORKSPACE/NewNew/cluster-platform/dijkstra/libraries/optee-securitylib/Prebuilt_OS/arm-plat-k3/export-ta_arm64/lib/libmbedtls.a(sha1.o)
                0x0000000000021710                mbedtls_sha1_init
                0x000000000002171c                mbedtls_sha1_free
                0x000000000002172c                mbedtls_sha1_clone
                0x0000000000021744                mbedtls_sha1_starts
                0x000000000002178c                mbedtls_internal_sha1_process
                0x0000000000022988                mbedtls_sha1_update
                0x0000000000022a74                mbedtls_sha1_finish
                0x0000000000022bbc                mbedtls_sha1
                0x0000000000022c7c                mbedtls_sha1_self_test
 .text          0x0000000000022e1c      0xe08 /home/gsoundar/WORKSPACE/NewNew/cluster-platform/dijkstra/libraries/optee-securitylib/Prebuilt_OS/arm-plat-k3/export-ta_arm64/lib/libmbedtls.a(sha256.o)
                0x0000000000022e24                mbedtls_sha256_init
                0x0000000000022e30                mbedtls_sha256_free
                0x0000000000022e40                mbedtls_sha256_clone
                0x0000000000022e58                mbedtls_sha256_starts
                0x0000000000022ed4                mbedtls_internal_sha256_process
                0x00000000000236ec                mbedtls_sha256_update
                0x00000000000237f4                mbedtls_sha256_finish
                0x0000000000023978                mbedtls_sha256
                0x0000000000023a48                mbedtls_sha256_self_test
 .text          0x0000000000023c24      0xa74 /home/gsoundar/WORKSPACE/NewNew/cluster-platform/dijkstra/libraries/optee-securitylib/Prebuilt_OS/arm-plat-k3/export-ta_arm64/lib/libmbedtls.a(sha512.o)
                0x0000000000023c2c                mbedtls_sha512_init
                0x0000000000023c38                mbedtls_sha512_free
                0x0000000000023c48                mbedtls_sha512_clone
                0x0000000000023c60                mbedtls_sha512_starts
                0x0000000000023d1c                mbedtls_internal_sha512_process
                0x0000000000024154                mbedtls_sha512_update
                0x000000000002425c                mbedtls_sha512_finish
                0x00000000000245c0                mbedtls_sha512
                0x0000000000024694                mbedtls_sha384_self_test
 .text          0x0000000000024698     0x1960 /home/gsoundar/WORKSPACE/NewNew/cluster-platform/dijkstra/libraries/optee-securitylib/Prebuilt_OS/arm-plat-k3/export-ta_arm64/lib/libmbedtls.a(x509.o)
                0x00000000000246f4                mbedtls_x509_get_serial
                0x0000000000024780                mbedtls_x509_get_alg_null
                0x00000000000247a0                mbedtls_x509_get_alg
                0x00000000000247c0                mbedtls_x509_get_name
                0x0000000000024a0c                mbedtls_x509_get_time
                0x0000000000024c88                mbedtls_x509_get_sig
                0x0000000000024d38                mbedtls_x509_get_sig_alg
                0x0000000000024da8                mbedtls_x509_get_ext
                0x0000000000024e74                mbedtls_x509_dn_gets
                0x000000000002509c                mbedtls_x509_serial_gets
                0x00000000000251ac                mbedtls_x509_sig_alg_gets
                0x0000000000025264                mbedtls_x509_key_size_helper
                0x00000000000252a8                mbedtls_x509_time_is_past
                0x00000000000252b0                mbedtls_x509_time_is_future
                0x00000000000252b8                mbedtls_x509_get_ns_cert_type
                0x0000000000025360                mbedtls_x509_get_key_usage
                0x000000000002541c                mbedtls_x509_parse_subject_alt_name
                0x0000000000025674                mbedtls_x509_get_subject_alt_name
                0x000000000002585c                mbedtls_x509_info_subject_alt_name
                0x0000000000025ba0                mbedtls_x509_info_cert_type
                0x0000000000025db0                mbedtls_x509_info_key_usage
 .text          0x0000000000025ff8     0x1578 /home/gsoundar/WORKSPACE/NewNew/cluster-platform/dijkstra/libraries/optee-securitylib/Prebuilt_OS/arm-plat-k3/export-ta_arm64/lib/libmbedtls.a(aes.o)
                0x0000000000026294                mbedtls_aes_init
                0x00000000000262a0                mbedtls_aes_free
                0x00000000000262b0                mbedtls_aes_setkey_enc
                0x0000000000026580                mbedtls_aes_setkey_dec
                0x0000000000026740                mbedtls_internal_aes_encrypt
                0x0000000000026bf8                mbedtls_internal_aes_decrypt
                0x00000000000270b8                mbedtls_aes_crypt_ecb
                0x00000000000270e0                mbedtls_aes_crypt_cbc
                0x0000000000027248                mbedtls_aes_self_test
 .text          0x0000000000027570      0x48c /home/gsoundar/WORKSPACE/NewNew/cluster-platform/dijkstra/libraries/optee-securitylib/Prebuilt_OS/arm-plat-k3/export-ta_arm64/lib/libmbedtls.a(base64.o)
                0x0000000000027570                mbedtls_base64_encode
                0x00000000000276ec                mbedtls_base64_decode
                0x00000000000278d0                mbedtls_base64_self_test
 .text          0x00000000000279fc     0x1580 /home/gsoundar/WORKSPACE/NewNew/cluster-platform/dijkstra/libraries/optee-securitylib/Prebuilt_OS/arm-plat-k3/export-ta_arm64/lib/libmbedtls.a(des.o)
                0x0000000000027a04                mbedtls_des_init
                0x0000000000027a10                mbedtls_des_free
                0x0000000000027a20                mbedtls_des3_init
                0x0000000000027a2c                mbedtls_des3_free
                0x0000000000027a3c                mbedtls_des_key_set_parity
                0x0000000000027a68                mbedtls_des_key_check_key_parity
                0x0000000000027aa4                mbedtls_des_key_check_weak
                0x0000000000027b08                mbedtls_des_setkey
                0x0000000000027fc0                mbedtls_des_setkey_enc
                0x0000000000027fd8                mbedtls_des_setkey_dec
                0x0000000000028038                mbedtls_des3_set2key_enc
                0x00000000000280a8                mbedtls_des3_set2key_dec
                0x000000000002811c                mbedtls_des3_set3key_enc
                0x000000000002818c                mbedtls_des3_set3key_dec
                0x0000000000028200                mbedtls_des_crypt_ecb
                0x000000000002842c                mbedtls_des_crypt_cbc
                0x000000000002857c                mbedtls_des3_crypt_ecb
                0x00000000000289d4                mbedtls_des3_crypt_cbc
                0x0000000000028b24                mbedtls_des_self_test
 .text          0x0000000000028f7c      0xa10 /home/gsoundar/WORKSPACE/NewNew/cluster-platform/dijkstra/libraries/optee-securitylib/Prebuilt_OS/arm-plat-k3/export-ta_arm64/lib/libmbedtls.a(ecdsa.o)
                0x0000000000029028                mbedtls_ecdsa_can_do
                0x0000000000029030                mbedtls_ecdsa_sign_restartable
                0x000000000002930c                mbedtls_ecdsa_sign
                0x0000000000029330                mbedtls_ecdsa_verify_restartable
                0x000000000002957c                mbedtls_ecdsa_verify
                0x0000000000029584                mbedtls_ecdsa_write_signature_restartable
                0x0000000000029738                mbedtls_ecdsa_write_signature
                0x000000000002975c                mbedtls_ecdsa_read_signature_restartable
                0x00000000000298b4                mbedtls_ecdsa_read_signature
                0x00000000000298bc                mbedtls_ecdsa_genkey
                0x0000000000029914                mbedtls_ecdsa_init
                0x0000000000029918                mbedtls_ecdsa_free
                0x0000000000029924                mbedtls_ecdsa_from_keypair
 .text          0x000000000002998c     0x2e70 /home/gsoundar/WORKSPACE/NewNew/cluster-platform/dijkstra/libraries/optee-securitylib/Prebuilt_OS/arm-plat-k3/export-ta_arm64/lib/libmbedtls.a(ecp.o)
                0x000000000002a75c                mbedtls_ecp_curve_list
                0x000000000002a768                mbedtls_ecp_grp_id_list
                0x000000000002a7d0                mbedtls_ecp_curve_info_from_grp_id
                0x000000000002a80c                mbedtls_ecp_curve_info_from_tls_id
                0x000000000002a84c                mbedtls_ecp_curve_info_from_name
                0x000000000002a89c                mbedtls_ecp_get_type
                0x000000000002a8c0                mbedtls_ecp_point_init
                0x000000000002a8ec                mbedtls_ecp_group_init
                0x000000000002a944                mbedtls_ecp_keypair_init
                0x000000000002a970                mbedtls_ecp_point_free
                0x000000000002a9a4                mbedtls_ecp_group_free
                0x000000000002aa34                mbedtls_ecp_keypair_free
                0x000000000002aa68                mbedtls_ecp_copy
                0x000000000002aab4                mbedtls_ecp_group_copy
                0x000000000002aabc                mbedtls_ecp_set_zero
                0x000000000002b16c                mbedtls_ecp_is_zero
                0x000000000002b190                mbedtls_ecp_point_cmp
                0x000000000002b1e0                mbedtls_ecp_point_read_string
                0x000000000002b240                mbedtls_ecp_point_write_binary
                0x000000000002b374                mbedtls_ecp_point_read_binary
                0x000000000002b604                mbedtls_ecp_tls_read_point
                0x000000000002b64c                mbedtls_ecp_tls_write_point
                0x000000000002b6a4                mbedtls_ecp_tls_read_group_id
                0x000000000002b72c                mbedtls_ecp_tls_read_group
                0x000000000002b79c                mbedtls_ecp_tls_write_group
                0x000000000002b810                mbedtls_ecp_check_pubkey
                0x000000000002b970                mbedtls_ecp_check_privkey
                0x000000000002bf30                mbedtls_ecp_muladd_restartable
                0x000000000002c064                mbedtls_ecp_muladd
                0x000000000002c06c                mbedtls_ecp_mul_restartable
                0x000000000002c07c                mbedtls_ecp_mul
                0x000000000002c208                mbedtls_ecp_gen_privkey
                0x000000000002c270                mbedtls_ecp_gen_keypair_base
                0x000000000002c2f0                mbedtls_ecp_gen_keypair
                0x000000000002c308                mbedtls_ecp_gen_key
                0x000000000002c368                mbedtls_ecp_read_key
                0x000000000002c404                mbedtls_ecp_write_key
                0x000000000002c45c                mbedtls_ecp_check_pub_priv
                0x000000000002c5c4                mbedtls_ecp_export
                0x000000000002c628                mbedtls_ecp_self_test
 .text          0x000000000002c7fc      0x9bc /home/gsoundar/WORKSPACE/NewNew/cluster-platform/dijkstra/libraries/optee-securitylib/Prebuilt_OS/arm-plat-k3/export-ta_arm64/lib/libmbedtls.a(ecp_curves.o)
                0x000000000002c9e0                mbedtls_ecp_group_load
 .text          0x000000000002d1b8       0xf4 /home/gsoundar/WORKSPACE/NewNew/cluster-platform/dijkstra/libraries/optee-securitylib/Prebuilt_OS/arm-plat-k3/export-ta_arm64/lib/libmbedtls.a(hash_info.o)
                0x000000000002d1b8                mbedtls_hash_info_get_size
                0x000000000002d1e0                mbedtls_hash_info_get_block_size
                0x000000000002d208                mbedtls_hash_info_psa_from_md
                0x000000000002d230                mbedtls_hash_info_md_from_psa
                0x000000000002d25c                mbedtls_md_error_from_psa
 .text          0x000000000002d2ac      0x9e8 /home/gsoundar/WORKSPACE/NewNew/cluster-platform/dijkstra/libraries/optee-securitylib/Prebuilt_OS/arm-plat-k3/export-ta_arm64/lib/libmbedtls.a(asn1write.o)
                0x000000000002d2ac                mbedtls_asn1_write_len
                0x000000000002d46c                mbedtls_asn1_write_tag
                0x000000000002d574                mbedtls_asn1_write_raw_buffer
                0x000000000002d5cc                mbedtls_asn1_write_mpi
                0x000000000002d6bc                mbedtls_asn1_write_null
                0x000000000002d714                mbedtls_asn1_write_oid
                0x000000000002d788                mbedtls_asn1_write_algorithm_identifier
                0x000000000002d838                mbedtls_asn1_write_bool
                0x000000000002d8c0                mbedtls_asn1_write_int
                0x000000000002d8c8                mbedtls_asn1_write_enum
                0x000000000002d8d0                mbedtls_asn1_write_tagged_string
                0x000000000002d958                mbedtls_asn1_write_utf8_string
                0x000000000002d968                mbedtls_asn1_write_printable_string
                0x000000000002d978                mbedtls_asn1_write_ia5_string
                0x000000000002d988                mbedtls_asn1_write_bitstring
                0x000000000002da74                mbedtls_asn1_write_named_bitstring
                0x000000000002dac8                mbedtls_asn1_write_octet_string
                0x000000000002db3c                mbedtls_asn1_store_named_data
 .text          0x000000000002dc94      0xf40 /home/gsoundar/WORKSPACE/NewNew/cluster-platform/dijkstra/libraries/optee-securitylib/Prebuilt_OS/arm-plat-k3/export-ta_arm64/lib/libutils.a(bget_malloc.o)
                0x000000000002dccc                bget
                0x000000000002dfb0                bgetz
                0x000000000002e038                brel
                0x000000000002e2fc                bgetr
                0x000000000002e3cc                bpool
                0x000000000002e49c                bstats
                0x000000000002e530                malloc_reset_stats
                0x000000000002e548                raw_memalign
                0x000000000002e5ec                raw_malloc
                0x000000000002e5fc                raw_free
                0x000000000002e60c                raw_calloc
                0x000000000002e6a8                raw_realloc
                0x000000000002e7c8                malloc
                0x000000000002e7e0                calloc
                0x000000000002e7fc                realloc
                0x000000000002e814                memalign
                0x000000000002e830                aligned_alloc
                0x000000000002e848                free
                0x000000000002e858                free_wipe
                0x000000000002e868                raw_malloc_get_ctx_size
                0x000000000002e870                raw_malloc_init_ctx
                0x000000000002e89c                raw_malloc_add_pool
                0x000000000002e970                raw_malloc_buffer_overlaps_heap
                0x000000000002e9f8                raw_malloc_buffer_is_within_alloced
                0x000000000002eb4c                raw_malloc_get_stats
                0x000000000002eb88                malloc_get_stats
                0x000000000002eb98                malloc_add_pool
                0x000000000002ebac                malloc_buffer_is_within_alloced
                0x000000000002ebc0                malloc_buffer_overlaps_heap
 .text          0x000000000002ebd4      0x134 /home/gsoundar/WORKSPACE/NewNew/cluster-platform/dijkstra/libraries/optee-securitylib/Prebuilt_OS/arm-plat-k3/export-ta_arm64/lib/libutils.a(snprintf.o)
                0x000000000002ebd4                snprintf
                0x000000000002ecb0                vsnprintf
 .text          0x000000000002ed08       0x34 /home/gsoundar/WORKSPACE/NewNew/cluster-platform/dijkstra/libraries/optee-securitylib/Prebuilt_OS/arm-plat-k3/export-ta_arm64/lib/libutils.a(memcmp.o)
                0x000000000002ed08                memcmp
 .text          0x000000000002ed3c       0x58 /home/gsoundar/WORKSPACE/NewNew/cluster-platform/dijkstra/libraries/optee-securitylib/Prebuilt_OS/arm-plat-k3/export-ta_arm64/lib/libutils.a(memmove.o)
                0x000000000002ed3c                memmove
 .text          0x000000000002ed94       0x2c /home/gsoundar/WORKSPACE/NewNew/cluster-platform/dijkstra/libraries/optee-securitylib/Prebuilt_OS/arm-plat-k3/export-ta_arm64/lib/libutils.a(strchr.o)
                0x000000000002ed94                strchr
 .text          0x000000000002edc0       0x24 /home/gsoundar/WORKSPACE/NewNew/cluster-platform/dijkstra/libraries/optee-securitylib/Prebuilt_OS/arm-plat-k3/export-ta_arm64/lib/libutils.a(strcmp.o)
                0x000000000002edc0                strcmp
 .text          0x000000000002ede4       0x4c /home/gsoundar/WORKSPACE/NewNew/cluster-platform/dijkstra/libraries/optee-securitylib/Prebuilt_OS/arm-plat-k3/export-ta_arm64/lib/libutils.a(strstr.o)
                0x000000000002ede4                strstr
 .text          0x000000000002ee30       0x38 /home/gsoundar/WORKSPACE/NewNew/cluster-platform/dijkstra/libraries/optee-securitylib/Prebuilt_OS/arm-plat-k3/export-ta_arm64/lib/libutils.a(strlcpy.o)
                0x000000000002ee30                strlcpy
 .text          0x000000000002ee68      0x198 /home/gsoundar/WORKSPACE/NewNew/cluster-platform/dijkstra/libraries/optee-securitylib/Prebuilt_OS/arm-plat-k3/export-ta_arm64/lib/libutils.a(mempool.o)
                0x000000000002ee68                mempool_alloc_pool
                0x000000000002ef30                mempool_alloc
                0x000000000002ef94                mempool_calloc
                0x000000000002efe4                mempool_free
 .text          0x000000000002f000       0x70 /home/gsoundar/WORKSPACE/NewNew/cluster-platform/dijkstra/libraries/optee-securitylib/Prebuilt_OS/arm-plat-k3/export-ta_arm64/lib/libutils.a(consttime_memcmp.o)
                0x000000000002f000                consttime_memcmp
 .text          0x000000000002f070      0x41c /home/gsoundar/WORKSPACE/NewNew/cluster-platform/dijkstra/libraries/optee-securitylib/Prebuilt_OS/arm-plat-k3/export-ta_arm64/lib/libutils.a(fault_mitigation.o)
                0x000000000002f070                ___ftmn_return_res
                0x000000000002f0d0                ___ftmn_expect_state
                0x000000000002f144                ___ftmn_callee_done
                0x000000000002f15c                ___ftmn_callee_done_not_zero
                0x000000000002f1a8                ___ftmn_callee_done_memcmp
                0x000000000002f230                ___ftmn_callee_done_check
                0x000000000002f2d4                ___ftmn_callee_update_not_zero
                0x000000000002f30c                ___ftmn_copy_linked_call_res
                0x000000000002f374                ___ftmn_set_check_res
                0x000000000002f39c                ___ftmn_set_check_res_not_zero
                0x000000000002f3f4                ___ftmn_set_check_res_memcmp
 .text          0x000000000002f48c        0x0 /home/gsoundar/WORKSPACE/NewNew/cluster-platform/dijkstra/libraries/optee-securitylib/Prebuilt_OS/arm-plat-k3/export-ta_arm64/lib/libutee.a(utee_syscalls_a64.o)
 .text          0x000000000002f48c        0x0 /home/gsoundar/WORKSPACE/NewNew/cluster-platform/dijkstra/libraries/optee-securitylib/Prebuilt_OS/arm-plat-k3/export-ta_arm64/lib/libutee.a(abort.o)
 *(SORT_BY_ALIGNMENT(.stub))
 *(SORT_BY_ALIGNMENT(.glue_7))
 *(SORT_BY_ALIGNMENT(.glue_7t))
 *(SORT_BY_ALIGNMENT(.gnu.linkonce.t.*))
 *(SORT_BY_ALIGNMENT(.vfp11_veneer))
                0x000000000002f48c                __text_end = .

.note.gnu.property
 *(SORT_BY_ALIGNMENT(.note.gnu.property))

.plt            0x000000000002f48c        0x0
 *(SORT_BY_ALIGNMENT(.plt))
 .plt           0x000000000002f48c        0x0 ./SecurestorageCrypto_ta.o

.eh_frame_hdr
 *(SORT_BY_ALIGNMENT(.eh_frame_hdr))
 *(SORT_BY_ALIGNMENT(.eh_frame_entry) SORT_BY_ALIGNMENT(.eh_frame_entry.*))

.eh_frame       0x000000000002f490     0x84dc
 *(SORT_BY_ALIGNMENT(.eh_frame))
 .eh_frame      0x000000000002f490      0x638 ./SecurestorageCrypto_ta.o
 .eh_frame      0x000000000002fac8       0x58 ./user_ta_header.o
                                         0x68 (size before relaxing)
 .eh_frame      0x000000000002fb20       0x18 /home/gsoundar/WORKSPACE/NewNew/cluster-platform/dijkstra/libraries/optee-securitylib/Prebuilt_OS/arm-plat-k3/export-ta_arm64/lib/libutils.a(stack_check.o)
                                         0x30 (size before relaxing)
 .eh_frame      0x000000000002fb38       0x18 /home/gsoundar/WORKSPACE/NewNew/cluster-platform/dijkstra/libraries/optee-securitylib/Prebuilt_OS/arm-plat-k3/export-ta_arm64/lib/libutils.a(memset.o)
                                         0x28 (size before relaxing)
 .eh_frame      0x000000000002fb50       0xb8 /home/gsoundar/WORKSPACE/NewNew/cluster-platform/dijkstra/libraries/optee-securitylib/Prebuilt_OS/arm-plat-k3/export-ta_arm64/lib/libutils.a(trace.o)
                                         0xc8 (size before relaxing)
 .eh_frame      0x000000000002fc08       0x18 /home/gsoundar/WORKSPACE/NewNew/cluster-platform/dijkstra/libraries/optee-securitylib/Prebuilt_OS/arm-plat-k3/export-ta_arm64/lib/libutils.a(memcpy.o)
                                         0x28 (size before relaxing)
 .eh_frame      0x000000000002fc20       0xf0 /home/gsoundar/WORKSPACE/NewNew/cluster-platform/dijkstra/libraries/optee-securitylib/Prebuilt_OS/arm-plat-k3/export-ta_arm64/lib/libutils.a(snprintk.o)
                                        0x108 (size before relaxing)
 .eh_frame      0x000000000002fd10       0x18 /home/gsoundar/WORKSPACE/NewNew/cluster-platform/dijkstra/libraries/optee-securitylib/Prebuilt_OS/arm-plat-k3/export-ta_arm64/lib/libutils.a(memchr.o)
                                         0x28 (size before relaxing)
 .eh_frame      0x000000000002fd28       0x18 /home/gsoundar/WORKSPACE/NewNew/cluster-platform/dijkstra/libraries/optee-securitylib/Prebuilt_OS/arm-plat-k3/export-ta_arm64/lib/libutils.a(strlen.o)
                                         0x28 (size before relaxing)
 .eh_frame      0x000000000002fd40       0xa8 /home/gsoundar/WORKSPACE/NewNew/cluster-platform/dijkstra/libraries/optee-securitylib/Prebuilt_OS/arm-plat-k3/export-ta_arm64/lib/libutee.a(trace_ext.o)
                                         0xc0 (size before relaxing)
 .eh_frame      0x000000000002fde8      0x590 /home/gsoundar/WORKSPACE/NewNew/cluster-platform/dijkstra/libraries/optee-securitylib/Prebuilt_OS/arm-plat-k3/export-ta_arm64/lib/libutee.a(tee_api.o)
                                        0x5a8 (size before relaxing)
 .eh_frame      0x0000000000030378      0x778 /home/gsoundar/WORKSPACE/NewNew/cluster-platform/dijkstra/libraries/optee-securitylib/Prebuilt_OS/arm-plat-k3/export-ta_arm64/lib/libutee.a(tee_api_objects.o)
                                        0x788 (size before relaxing)
 .eh_frame      0x0000000000030af0      0xb00 /home/gsoundar/WORKSPACE/NewNew/cluster-platform/dijkstra/libraries/optee-securitylib/Prebuilt_OS/arm-plat-k3/export-ta_arm64/lib/libutee.a(tee_api_operations.o)
                                        0xb10 (size before relaxing)
 .eh_frame      0x00000000000315f0      0x180 /home/gsoundar/WORKSPACE/NewNew/cluster-platform/dijkstra/libraries/optee-securitylib/Prebuilt_OS/arm-plat-k3/export-ta_arm64/lib/libutee.a(tee_api_panic.o)
                                        0x190 (size before relaxing)
 .eh_frame      0x0000000000031770       0xb8 /home/gsoundar/WORKSPACE/NewNew/cluster-platform/dijkstra/libraries/optee-securitylib/Prebuilt_OS/arm-plat-k3/export-ta_arm64/lib/libutee.a(tee_system_pta.o)
                                         0xc8 (size before relaxing)
 .eh_frame      0x0000000000031828      0x150 /home/gsoundar/WORKSPACE/NewNew/cluster-platform/dijkstra/libraries/optee-securitylib/Prebuilt_OS/arm-plat-k3/export-ta_arm64/lib/libutee.a(user_ta_entry.o)
                                        0x168 (size before relaxing)
 .eh_frame      0x0000000000031978       0x88 /home/gsoundar/WORKSPACE/NewNew/cluster-platform/dijkstra/libraries/optee-securitylib/Prebuilt_OS/arm-plat-k3/export-ta_arm64/lib/libutee.a(user_ta_entry_compat.o)
                                         0xa0 (size before relaxing)
 .eh_frame      0x0000000000031a00       0x18 /home/gsoundar/WORKSPACE/NewNew/cluster-platform/dijkstra/libraries/optee-securitylib/Prebuilt_OS/arm-plat-k3/export-ta_arm64/lib/libutee.a(abort.o)
                                         0x30 (size before relaxing)
 .eh_frame      0x0000000000031a18       0x38 /home/gsoundar/WORKSPACE/NewNew/cluster-platform/dijkstra/libraries/optee-securitylib/Prebuilt_OS/arm-plat-k3/export-ta_arm64/lib/libutee.a(assert.o)
                                         0x50 (size before relaxing)
 .eh_frame      0x0000000000031a50      0x7f8 /home/gsoundar/WORKSPACE/NewNew/cluster-platform/dijkstra/libraries/optee-securitylib/Prebuilt_OS/arm-plat-k3/export-ta_arm64/lib/libutee.a(tee_api_arith_mpi.o)
                                        0x808 (size before relaxing)
 .eh_frame      0x0000000000032248      0x328 /home/gsoundar/WORKSPACE/NewNew/cluster-platform/dijkstra/libraries/optee-securitylib/Prebuilt_OS/arm-plat-k3/export-ta_arm64/lib/libutee.a(tee_api_property.o)
                                        0x338 (size before relaxing)
 .eh_frame      0x0000000000032570       0x90 /home/gsoundar/WORKSPACE/NewNew/cluster-platform/dijkstra/libraries/optee-securitylib/Prebuilt_OS/arm-plat-k3/export-ta_arm64/lib/libutee.a(tcb.o)
                                         0xa8 (size before relaxing)
 .eh_frame      0x0000000000032600       0x58 /home/gsoundar/WORKSPACE/NewNew/cluster-platform/dijkstra/libraries/optee-securitylib/Prebuilt_OS/arm-plat-k3/export-ta_arm64/lib/libutee.a(base64.o)
                                         0x70 (size before relaxing)
 .eh_frame      0x0000000000032658      0x918 /home/gsoundar/WORKSPACE/NewNew/cluster-platform/dijkstra/libraries/optee-securitylib/Prebuilt_OS/arm-plat-k3/export-ta_arm64/lib/libmbedtls.a(bignum.o)
                                        0x930 (size before relaxing)
 .eh_frame      0x0000000000032f70      0x3a8 /home/gsoundar/WORKSPACE/NewNew/cluster-platform/dijkstra/libraries/optee-securitylib/Prebuilt_OS/arm-plat-k3/export-ta_arm64/lib/libmbedtls.a(bignum_core.o)
                                        0x3c0 (size before relaxing)
 .eh_frame      0x0000000000033318      0x210 /home/gsoundar/WORKSPACE/NewNew/cluster-platform/dijkstra/libraries/optee-securitylib/Prebuilt_OS/arm-plat-k3/export-ta_arm64/lib/libmbedtls.a(constant_time.o)
                                        0x228 (size before relaxing)
 .eh_frame      0x0000000000033528      0x110 /home/gsoundar/WORKSPACE/NewNew/cluster-platform/dijkstra/libraries/optee-securitylib/Prebuilt_OS/arm-plat-k3/export-ta_arm64/lib/libmbedtls.a(platform_util.o)
                                        0x128 (size before relaxing)
 .eh_frame      0x0000000000033638      0x2f8 /home/gsoundar/WORKSPACE/NewNew/cluster-platform/dijkstra/libraries/optee-securitylib/Prebuilt_OS/arm-plat-k3/export-ta_arm64/lib/libmbedtls.a(x509_crt.o)
                                        0x310 (size before relaxing)
 .eh_frame      0x0000000000033930      0x2d0 /home/gsoundar/WORKSPACE/NewNew/cluster-platform/dijkstra/libraries/optee-securitylib/Prebuilt_OS/arm-plat-k3/export-ta_arm64/lib/libmbedtls.a(asn1parse.o)
                                        0x2e0 (size before relaxing)
 .eh_frame      0x0000000000033c00      0x280 /home/gsoundar/WORKSPACE/NewNew/cluster-platform/dijkstra/libraries/optee-securitylib/Prebuilt_OS/arm-plat-k3/export-ta_arm64/lib/libmbedtls.a(md.o)
                                        0x298 (size before relaxing)
 .eh_frame      0x0000000000033e80      0x178 /home/gsoundar/WORKSPACE/NewNew/cluster-platform/dijkstra/libraries/optee-securitylib/Prebuilt_OS/arm-plat-k3/export-ta_arm64/lib/libmbedtls.a(md5.o)
                                        0x188 (size before relaxing)
 .eh_frame      0x0000000000033ff8      0x350 /home/gsoundar/WORKSPACE/NewNew/cluster-platform/dijkstra/libraries/optee-securitylib/Prebuilt_OS/arm-plat-k3/export-ta_arm64/lib/libmbedtls.a(oid.o)
                                        0x368 (size before relaxing)
 .eh_frame      0x0000000000034348      0x1a0 /home/gsoundar/WORKSPACE/NewNew/cluster-platform/dijkstra/libraries/optee-securitylib/Prebuilt_OS/arm-plat-k3/export-ta_arm64/lib/libmbedtls.a(pem.o)
                                        0x1b0 (size before relaxing)
 .eh_frame      0x00000000000344e8      0x238 /home/gsoundar/WORKSPACE/NewNew/cluster-platform/dijkstra/libraries/optee-securitylib/Prebuilt_OS/arm-plat-k3/export-ta_arm64/lib/libmbedtls.a(pk.o)
                                        0x248 (size before relaxing)
 .eh_frame      0x0000000000034720      0x2c0 /home/gsoundar/WORKSPACE/NewNew/cluster-platform/dijkstra/libraries/optee-securitylib/Prebuilt_OS/arm-plat-k3/export-ta_arm64/lib/libmbedtls.a(pk_wrap.o)
                                        0x2d0 (size before relaxing)
 .eh_frame      0x00000000000349e0      0x248 /home/gsoundar/WORKSPACE/NewNew/cluster-platform/dijkstra/libraries/optee-securitylib/Prebuilt_OS/arm-plat-k3/export-ta_arm64/lib/libmbedtls.a(pkparse.o)
                                        0x260 (size before relaxing)
 .eh_frame      0x0000000000034c28      0x5c0 /home/gsoundar/WORKSPACE/NewNew/cluster-platform/dijkstra/libraries/optee-securitylib/Prebuilt_OS/arm-plat-k3/export-ta_arm64/lib/libmbedtls.a(rsa.o)
                                        0x5d0 (size before relaxing)
 .eh_frame      0x00000000000351e8      0x140 /home/gsoundar/WORKSPACE/NewNew/cluster-platform/dijkstra/libraries/optee-securitylib/Prebuilt_OS/arm-plat-k3/export-ta_arm64/lib/libmbedtls.a(rsa_alt_helpers.o)
                                        0x150 (size before relaxing)
 .eh_frame      0x0000000000035328      0x190 /home/gsoundar/WORKSPACE/NewNew/cluster-platform/dijkstra/libraries/optee-securitylib/Prebuilt_OS/arm-plat-k3/export-ta_arm64/lib/libmbedtls.a(sha1.o)
                                        0x1a0 (size before relaxing)
 .eh_frame      0x00000000000354b8      0x180 /home/gsoundar/WORKSPACE/NewNew/cluster-platform/dijkstra/libraries/optee-securitylib/Prebuilt_OS/arm-plat-k3/export-ta_arm64/lib/libmbedtls.a(sha256.o)
                                        0x190 (size before relaxing)
 .eh_frame      0x0000000000035638      0x198 /home/gsoundar/WORKSPACE/NewNew/cluster-platform/dijkstra/libraries/optee-securitylib/Prebuilt_OS/arm-plat-k3/export-ta_arm64/lib/libmbedtls.a(sha512.o)
                                        0x1a8 (size before relaxing)
 .eh_frame      0x00000000000357d0      0x3d0 /home/gsoundar/WORKSPACE/NewNew/cluster-platform/dijkstra/libraries/optee-securitylib/Prebuilt_OS/arm-plat-k3/export-ta_arm64/lib/libmbedtls.a(x509.o)
                                        0x3e0 (size before relaxing)
 .eh_frame      0x0000000000035ba0      0x1c8 /home/gsoundar/WORKSPACE/NewNew/cluster-platform/dijkstra/libraries/optee-securitylib/Prebuilt_OS/arm-plat-k3/export-ta_arm64/lib/libmbedtls.a(aes.o)
                                        0x1d8 (size before relaxing)
 .eh_frame      0x0000000000035d68       0xb8 /home/gsoundar/WORKSPACE/NewNew/cluster-platform/dijkstra/libraries/optee-securitylib/Prebuilt_OS/arm-plat-k3/export-ta_arm64/lib/libmbedtls.a(base64.o)
                                         0xc8 (size before relaxing)
 .eh_frame      0x0000000000035e20      0x340 /home/gsoundar/WORKSPACE/NewNew/cluster-platform/dijkstra/libraries/optee-securitylib/Prebuilt_OS/arm-plat-k3/export-ta_arm64/lib/libmbedtls.a(des.o)
                                        0x358 (size before relaxing)
 .eh_frame      0x0000000000036160      0x240 /home/gsoundar/WORKSPACE/NewNew/cluster-platform/dijkstra/libraries/optee-securitylib/Prebuilt_OS/arm-plat-k3/export-ta_arm64/lib/libmbedtls.a(ecdsa.o)
                                        0x258 (size before relaxing)
 .eh_frame      0x00000000000363a0      0xb60 /home/gsoundar/WORKSPACE/NewNew/cluster-platform/dijkstra/libraries/optee-securitylib/Prebuilt_OS/arm-plat-k3/export-ta_arm64/lib/libmbedtls.a(ecp.o)
                                        0xb78 (size before relaxing)
 .eh_frame      0x0000000000036f00       0xa8 /home/gsoundar/WORKSPACE/NewNew/cluster-platform/dijkstra/libraries/optee-securitylib/Prebuilt_OS/arm-plat-k3/export-ta_arm64/lib/libmbedtls.a(ecp_curves.o)
                                         0xc0 (size before relaxing)
 .eh_frame      0x0000000000036fa8       0x68 /home/gsoundar/WORKSPACE/NewNew/cluster-platform/dijkstra/libraries/optee-securitylib/Prebuilt_OS/arm-plat-k3/export-ta_arm64/lib/libmbedtls.a(hash_info.o)
                                         0x78 (size before relaxing)
 .eh_frame      0x0000000000037010      0x2a8 /home/gsoundar/WORKSPACE/NewNew/cluster-platform/dijkstra/libraries/optee-securitylib/Prebuilt_OS/arm-plat-k3/export-ta_arm64/lib/libmbedtls.a(asn1write.o)
                                        0x2c0 (size before relaxing)
 .eh_frame      0x00000000000372b8      0x370 /home/gsoundar/WORKSPACE/NewNew/cluster-platform/dijkstra/libraries/optee-securitylib/Prebuilt_OS/arm-plat-k3/export-ta_arm64/lib/libutils.a(bget_malloc.o)
                                        0x388 (size before relaxing)
 .eh_frame      0x0000000000037628       0x58 /home/gsoundar/WORKSPACE/NewNew/cluster-platform/dijkstra/libraries/optee-securitylib/Prebuilt_OS/arm-plat-k3/export-ta_arm64/lib/libutils.a(snprintf.o)
                                         0x70 (size before relaxing)
 .eh_frame      0x0000000000037680       0x18 /home/gsoundar/WORKSPACE/NewNew/cluster-platform/dijkstra/libraries/optee-securitylib/Prebuilt_OS/arm-plat-k3/export-ta_arm64/lib/libutils.a(memcmp.o)
                                         0x28 (size before relaxing)
 .eh_frame      0x0000000000037698       0x18 /home/gsoundar/WORKSPACE/NewNew/cluster-platform/dijkstra/libraries/optee-securitylib/Prebuilt_OS/arm-plat-k3/export-ta_arm64/lib/libutils.a(memmove.o)