Plugin version : 2.4.0.0
Canvas:root
    Generic properties:
        canvas width:1920
        canvas height:720
Image:tt_left
    Generic properties:
        Image Pos x:571
        Image Pos y:46
        Image Size x:42
        Image Size y:42
Image:tt_right
    Generic properties:
        Image Pos x:1307
        Image Pos y:46
        Image Size x:42
        Image Size y:42
Image:tt_batt
    Generic properties:
        Image Pos x:678
        Image Pos y:46
        Image Size x:42
        Image Size y:42
Image:tt_p_sbr
    Generic properties:
        Image Pos x:765
        Image Pos y:46
        Image Size x:42
        Image Size y:42
Image:tt_abs
    Generic properties:
        Image Pos x:852
        Image Pos y:45
        Image Size x:42
        Image Size y:42
Image:tt_h_beam
    Generic properties:
        Image Pos x:939
        Image Pos y:46
        Image Size x:42
        Image Size y:42
Image:tt_acc
    Generic properties:
        Image Pos x:1026
        Image Pos y:45
        Image Size x:42
        Image Size y:42
Image:tt_airbag
    Generic properties:
        Image Pos x:1113
        Image Pos y:45
        Image Size x:42
        Image Size y:42
Image:tt_key
    Generic properties:
        Image Pos x:1200
        Image Pos y:45
        Image Size x:42
        Image Size y:42
