Archive member included to satisfy reference by file (symbol)

c:/progra~2/gnutoo~1/82019-~1/bin/../lib/gcc/arm-none-eabi/8.3.1/../../../../arm-none-eabi/lib/thumb/v7e-m+dp/hard\libc_nano.a(lib_a-errno.o)
                              CMakeFiles/pxp_blend_cm7.elf.dir/C_/Anitha/Projects/iMXRT/Nxp-Evk/SDK_2.9.1_MIMXRT1170-EVK/devices/MIMXRT1176/utilities/fsl_sbrk.c.obj (__errno)
c:/progra~2/gnutoo~1/82019-~1/bin/../lib/gcc/arm-none-eabi/8.3.1/../../../../arm-none-eabi/lib/thumb/v7e-m+dp/hard\libc_nano.a(lib_a-exit.o)
                              c:/progra~2/gnutoo~1/82019-~1/bin/../lib/gcc/arm-none-eabi/8.3.1/../../../../arm-none-eabi/lib/thumb/v7e-m+dp/hard/crt0.o (exit)
c:/progra~2/gnutoo~1/82019-~1/bin/../lib/gcc/arm-none-eabi/8.3.1/../../../../arm-none-eabi/lib/thumb/v7e-m+dp/hard\libc_nano.a(lib_a-impure.o)
                              c:/progra~2/gnutoo~1/82019-~1/bin/../lib/gcc/arm-none-eabi/8.3.1/../../../../arm-none-eabi/lib/thumb/v7e-m+dp/hard\libc_nano.a(lib_a-exit.o) (_global_impure_ptr)
c:/progra~2/gnutoo~1/82019-~1/bin/../lib/gcc/arm-none-eabi/8.3.1/../../../../arm-none-eabi/lib/thumb/v7e-m+dp/hard\libc_nano.a(lib_a-init.o)
                              c:/progra~2/gnutoo~1/82019-~1/bin/../lib/gcc/arm-none-eabi/8.3.1/../../../../arm-none-eabi/lib/thumb/v7e-m+dp/hard/crt0.o (__libc_init_array)
c:/progra~2/gnutoo~1/82019-~1/bin/../lib/gcc/arm-none-eabi/8.3.1/../../../../arm-none-eabi/lib/thumb/v7e-m+dp/hard\libc_nano.a(lib_a-malloc.o)
                              CMakeFiles/pxp_blend_cm7.elf.dir/C_/Anitha/Projects/iMXRT/Nxp-Evk/SDK_2.9.1_MIMXRT1170-EVK/devices/MIMXRT1176/drivers/fsl_common.c.obj (malloc)
c:/progra~2/gnutoo~1/82019-~1/bin/../lib/gcc/arm-none-eabi/8.3.1/../../../../arm-none-eabi/lib/thumb/v7e-m+dp/hard\libc_nano.a(lib_a-memset.o)
                              c:/progra~2/gnutoo~1/82019-~1/bin/../lib/gcc/arm-none-eabi/8.3.1/../../../../arm-none-eabi/lib/thumb/v7e-m+dp/hard/crt0.o (memset)
c:/progra~2/gnutoo~1/82019-~1/bin/../lib/gcc/arm-none-eabi/8.3.1/../../../../arm-none-eabi/lib/thumb/v7e-m+dp/hard\libc_nano.a(lib_a-nano-freer.o)
                              c:/progra~2/gnutoo~1/82019-~1/bin/../lib/gcc/arm-none-eabi/8.3.1/../../../../arm-none-eabi/lib/thumb/v7e-m+dp/hard\libc_nano.a(lib_a-malloc.o) (_free_r)
c:/progra~2/gnutoo~1/82019-~1/bin/../lib/gcc/arm-none-eabi/8.3.1/../../../../arm-none-eabi/lib/thumb/v7e-m+dp/hard\libc_nano.a(lib_a-nano-mallocr.o)
                              c:/progra~2/gnutoo~1/82019-~1/bin/../lib/gcc/arm-none-eabi/8.3.1/../../../../arm-none-eabi/lib/thumb/v7e-m+dp/hard\libc_nano.a(lib_a-malloc.o) (_malloc_r)
c:/progra~2/gnutoo~1/82019-~1/bin/../lib/gcc/arm-none-eabi/8.3.1/../../../../arm-none-eabi/lib/thumb/v7e-m+dp/hard\libc_nano.a(lib_a-sbrkr.o)
                              c:/progra~2/gnutoo~1/82019-~1/bin/../lib/gcc/arm-none-eabi/8.3.1/../../../../arm-none-eabi/lib/thumb/v7e-m+dp/hard\libc_nano.a(lib_a-nano-mallocr.o) (_sbrk_r)
c:/progra~2/gnutoo~1/82019-~1/bin/../lib/gcc/arm-none-eabi/8.3.1/../../../../arm-none-eabi/lib/thumb/v7e-m+dp/hard\libc_nano.a(lib_a-strlen.o)
                              CMakeFiles/pxp_blend_cm7.elf.dir/10b8ce2f6874732e46283430d9d82733/MIMXRT1176/utilities/debug_console_lite/fsl_debug_console.c.obj (strlen)
c:/progra~2/gnutoo~1/82019-~1/bin/../lib/gcc/arm-none-eabi/8.3.1/../../../../arm-none-eabi/lib/thumb/v7e-m+dp/hard\libc_nano.a(lib_a-mlock.o)
                              c:/progra~2/gnutoo~1/82019-~1/bin/../lib/gcc/arm-none-eabi/8.3.1/../../../../arm-none-eabi/lib/thumb/v7e-m+dp/hard\libc_nano.a(lib_a-nano-freer.o) (__malloc_lock)
c:/progra~2/gnutoo~1/82019-~1/bin/../lib/gcc/arm-none-eabi/8.3.1/../../../../arm-none-eabi/lib/thumb/v7e-m+dp/hard\libc_nano.a(lib_a-reent.o)
                              c:/progra~2/gnutoo~1/82019-~1/bin/../lib/gcc/arm-none-eabi/8.3.1/../../../../arm-none-eabi/lib/thumb/v7e-m+dp/hard\libc_nano.a(lib_a-sbrkr.o) (errno)
c:/progra~2/gnutoo~1/82019-~1/bin/../lib/gcc/arm-none-eabi/8.3.1/../../../../arm-none-eabi/lib/thumb/v7e-m+dp/hard\libc_nano.a(lib_a-lock.o)
                              c:/progra~2/gnutoo~1/82019-~1/bin/../lib/gcc/arm-none-eabi/8.3.1/../../../../arm-none-eabi/lib/thumb/v7e-m+dp/hard\libc_nano.a(lib_a-mlock.o) (__retarget_lock_acquire_recursive)
c:/progra~2/gnutoo~1/82019-~1/bin/../lib/gcc/arm-none-eabi/8.3.1/thumb/v7e-m+dp/hard\libgcc.a(_aeabi_uldivmod.o)
                              CMakeFiles/pxp_blend_cm7.elf.dir/C_/Anitha/Projects/iMXRT/Nxp-Evk/SDK_2.9.1_MIMXRT1170-EVK/devices/MIMXRT1176/drivers/fsl_common.c.obj (__aeabi_uldivmod)
c:/progra~2/gnutoo~1/82019-~1/bin/../lib/gcc/arm-none-eabi/8.3.1/thumb/v7e-m+dp/hard\libgcc.a(_udivmoddi4.o)
                              c:/progra~2/gnutoo~1/82019-~1/bin/../lib/gcc/arm-none-eabi/8.3.1/thumb/v7e-m+dp/hard\libgcc.a(_aeabi_uldivmod.o) (__udivmoddi4)
c:/progra~2/gnutoo~1/82019-~1/bin/../lib/gcc/arm-none-eabi/8.3.1/thumb/v7e-m+dp/hard\libgcc.a(_dvmd_tls.o)
[...]
Memory Configuration

Name             Origin             Length             Attributes
m_interrupts     0x00000000         0x00000400         xr
m_text           0x00000400         0x0003fc00         xr
m_data           0x80000000         0x02fffc00         rw
m_ncache         0x83000000         0x01000000         rw
m_data2          0x20000000         0x00040000         rw
m_data3          0x202c0000         0x00080000         rw
m_heap           0x82fffc00         0x00000400         rw
*default*        0x00000000         0xffffffff

Linker script and memory map

LOAD c:/progra~2/gnutoo~1/82019-~1/bin/../lib/gcc/arm-none-eabi/8.3.1/thumb/v7e-m+dp/hard/crti.o
LOAD c:/progra~2/gnutoo~1/82019-~1/bin/../lib/gcc/arm-none-eabi/8.3.1/thumb/v7e-m+dp/hard/crtbegin.o
LOAD c:/progra~2/gnutoo~1/82019-~1/bin/../lib/gcc/arm-none-eabi/8.3.1/../../../../arm-none-eabi/lib/thumb/v7e-m+dp/hard/crt0.o
LOAD CMakeFiles/pxp_blend_cm7.elf.dir/dfef8441e47d1fa9a11dc21b8ab1aa9b/boards/evkmimxrt1170/driver_examples/pxp/blend/cm7/pxp_blend.c.obj
LOAD CMakeFiles/pxp_blend_cm7.elf.dir/dfef8441e47d1fa9a11dc21b8ab1aa9b/boards/evkmimxrt1170/driver_examples/pxp/blend/cm7/pin_mux.c.obj
LOAD CMakeFiles/pxp_blend_cm7.elf.dir/579cf93999af14faafa3ba8831541c72/evkmimxrt1170/driver_examples/pxp/blend/cm7/display_support.c.obj
LOAD CMakeFiles/pxp_blend_cm7.elf.dir/dfef8441e47d1fa9a11dc21b8ab1aa9b/boards/evkmimxrt1170/driver_examples/pxp/blend/cm7/board.c.obj
LOAD CMakeFiles/pxp_blend_cm7.elf.dir/579cf93999af14faafa3ba8831541c72/evkmimxrt1170/driver_examples/pxp/blend/cm7/clock_config.c.obj
LOAD CMakeFiles/pxp_blend_cm7.elf.dir/dfef8441e47d1fa9a11dc21b8ab1aa9b/boards/evkmimxrt1170/driver_examples/pxp/blend/cm7/dcd.c.obj
LOAD CMakeFiles/pxp_blend_cm7.elf.dir/C_/Anitha/Projects/iMXRT/Nxp-Evk/SDK_2.9.1_MIMXRT1170-EVK/components/video/fsl_video_common.c.obj
LOAD CMakeFiles/pxp_blend_cm7.elf.dir/C_/Anitha/Projects/iMXRT/Nxp-Evk/SDK_2.9.1_MIMXRT1170-EVK/devices/MIMXRT1176/drivers/fsl_common.c.obj
LOAD CMakeFiles/pxp_blend_cm7.elf.dir/C_/Anitha/Projects/iMXRT/Nxp-Evk/SDK_2.9.1_MIMXRT1170-EVK/devices/MIMXRT1176/drivers/fsl_clock.c.obj
LOAD CMakeFiles/pxp_blend_cm7.elf.dir/dfef8441e47d1fa9a11dc21b8ab1aa9b/devices/MIMXRT1176/drivers/fsl_anatop_ai.c.obj
LOAD CMakeFiles/pxp_blend_cm7.elf.dir/dfef8441e47d1fa9a11dc21b8ab1aa9b/components/video/display/rm68191/fsl_rm68191.c.obj
LOAD CMakeFiles/pxp_blend_cm7.elf.dir/dfef8441e47d1fa9a11dc21b8ab1aa9b/components/video/display/mipi_dsi_cmd/fsl_mipi_dsi_cmd.c.obj
LOAD CMakeFiles/pxp_blend_cm7.elf.dir/dfef8441e47d1fa9a11dc21b8ab1aa9b/devices/MIMXRT1176/drivers/fsl_mipi_dsi.c.obj
LOAD CMakeFiles/pxp_blend_cm7.elf.dir/dfef8441e47d1fa9a11dc21b8ab1aa9b/devices/MIMXRT1176/drivers/fsl_soc_mipi_csi2rx.c.obj
LOAD CMakeFiles/pxp_blend_cm7.elf.dir/dfef8441e47d1fa9a11dc21b8ab1aa9b/components/video/display/rm68200/fsl_rm68200.c.obj
LOAD CMakeFiles/pxp_blend_cm7.elf.dir/dfef8441e47d1fa9a11dc21b8ab1aa9b/components/video/display/dc/lcdifv2/fsl_dc_fb_lcdifv2.c.obj
LOAD CMakeFiles/pxp_blend_cm7.elf.dir/dfef8441e47d1fa9a11dc21b8ab1aa9b/devices/MIMXRT1176/drivers/fsl_lcdifv2.c.obj
LOAD CMakeFiles/pxp_blend_cm7.elf.dir/dfef8441e47d1fa9a11dc21b8ab1aa9b/devices/MIMXRT1176/drivers/fsl_soc_src.c.obj
LOAD CMakeFiles/pxp_blend_cm7.elf.dir/C_/Anitha/Projects/iMXRT/Nxp-Evk/SDK_2.9.1_MIMXRT1170-EVK/devices/MIMXRT1176/drivers/fsl_elcdif.c.obj
LOAD CMakeFiles/pxp_blend_cm7.elf.dir/dfef8441e47d1fa9a11dc21b8ab1aa9b/components/video/display/dc/elcdif/fsl_dc_fb_elcdif.c.obj
LOAD CMakeFiles/pxp_blend_cm7.elf.dir/10b8ce2f6874732e46283430d9d82733/MIMXRT1176/utilities/debug_console_lite/fsl_debug_console.c.obj
LOAD CMakeFiles/pxp_blend_cm7.elf.dir/C_/Anitha/Projects/iMXRT/Nxp-Evk/SDK_2.9.1_MIMXRT1170-EVK/components/uart/fsl_adapter_lpuart.c.obj
LOAD CMakeFiles/pxp_blend_cm7.elf.dir/C_/Anitha/Projects/iMXRT/Nxp-Evk/SDK_2.9.1_MIMXRT1170-EVK/devices/MIMXRT1176/drivers/fsl_lpuart.c.obj
LOAD CMakeFiles/pxp_blend_cm7.elf.dir/dfef8441e47d1fa9a11dc21b8ab1aa9b/devices/MIMXRT1176/utilities/debug_console_lite/fsl_assert.c.obj
LOAD CMakeFiles/pxp_blend_cm7.elf.dir/C_/Anitha/Projects/iMXRT/Nxp-Evk/SDK_2.9.1_MIMXRT1170-EVK/devices/MIMXRT1176/drivers/fsl_gpio.c.obj
LOAD CMakeFiles/pxp_blend_cm7.elf.dir/C_/Anitha/Projects/iMXRT/Nxp-Evk/SDK_2.9.1_MIMXRT1170-EVK/devices/MIMXRT1176/drivers/fsl_pxp.c.obj
LOAD CMakeFiles/pxp_blend_cm7.elf.dir/dfef8441e47d1fa9a11dc21b8ab1aa9b/components/lists/fsl_component_generic_list.c.obj
LOAD CMakeFiles/pxp_blend_cm7.elf.dir/dfef8441e47d1fa9a11dc21b8ab1aa9b/devices/MIMXRT1176/gcc/startup_MIMXRT1176_cm7.S.obj
LOAD CMakeFiles/pxp_blend_cm7.elf.dir/dfef8441e47d1fa9a11dc21b8ab1aa9b/devices/MIMXRT1176/system_MIMXRT1176_cm7.c.obj
LOAD CMakeFiles/pxp_blend_cm7.elf.dir/dfef8441e47d1fa9a11dc21b8ab1aa9b/devices/MIMXRT1176/xip/fsl_flexspi_nor_boot.c.obj
LOAD CMakeFiles/pxp_blend_cm7.elf.dir/dfef8441e47d1fa9a11dc21b8ab1aa9b/boards/evkmimxrt1170/xip/evkmimxrt1170_flexspi_nor_config.c.obj
LOAD CMakeFiles/pxp_blend_cm7.elf.dir/C_/Anitha/Projects/iMXRT/Nxp-Evk/SDK_2.9.1_MIMXRT1170-EVK/devices/MIMXRT1176/drivers/fsl_pmu.c.obj
LOAD CMakeFiles/pxp_blend_cm7.elf.dir/C_/Anitha/Projects/iMXRT/Nxp-Evk/SDK_2.9.1_MIMXRT1170-EVK/devices/MIMXRT1176/drivers/fsl_dcdc.c.obj
LOAD CMakeFiles/pxp_blend_cm7.elf.dir/dfef8441e47d1fa9a11dc21b8ab1aa9b/devices/MIMXRT1176/drivers/cm7/fsl_cache.c.obj
LOAD CMakeFiles/pxp_blend_cm7.elf.dir/C_/Anitha/Projects/iMXRT/Nxp-Evk/SDK_2.9.1_MIMXRT1170-EVK/devices/MIMXRT1176/utilities/fsl_sbrk.c.obj
START GROUP
LOAD c:/progra~2/gnutoo~1/82019-~1/bin/../lib/gcc/arm-none-eabi/8.3.1/../../../../arm-none-eabi/lib/thumb/v7e-m+dp/hard\libm.a
LOAD c:/progra~2/gnutoo~1/82019-~1/bin/../lib/gcc/arm-none-eabi/8.3.1/../../../../arm-none-eabi/lib/thumb/v7e-m+dp/hard\libc_nano.a
LOAD c:/progra~2/gnutoo~1/82019-~1/bin/../lib/gcc/arm-none-eabi/8.3.1/thumb/v7e-m+dp/hard\libgcc.a
LOAD c:/progra~2/gnutoo~1/82019-~1/bin/../lib/gcc/arm-none-eabi/8.3.1/../../../../arm-none-eabi/lib/thumb/v7e-m+dp/hard\libnosys.a
END GROUP
START GROUP
LOAD c:/progra~2/gnutoo~1/82019-~1/bin/../lib/gcc/arm-none-eabi/8.3.1/thumb/v7e-m+dp/hard\libgcc.a
LOAD c:/progra~2/gnutoo~1/82019-~1/bin/../lib/gcc/arm-none-eabi/8.3.1/../../../../arm-none-eabi/lib/thumb/v7e-m+dp/hard\libc_nano.a
END GROUP
START GROUP
LOAD c:/progra~2/gnutoo~1/82019-~1/bin/../lib/gcc/arm-none-eabi/8.3.1/thumb/v7e-m+dp/hard\libgcc.a
LOAD c:/progra~2/gnutoo~1/82019-~1/bin/../lib/gcc/arm-none-eabi/8.3.1/../../../../arm-none-eabi/lib/thumb/v7e-m+dp/hard\libc_nano.a
LOAD c:/progra~2/gnutoo~1/82019-~1/bin/../lib/gcc/arm-none-eabi/8.3.1/../../../../arm-none-eabi/lib/thumb/v7e-m+dp/hard\libnosys.a
END GROUP
START GROUP
LOAD c:/progra~2/gnutoo~1/82019-~1/bin/../lib/gcc/arm-none-eabi/8.3.1/thumb/v7e-m+dp/hard\libgcc.a
LOAD c:/progra~2/gnutoo~1/82019-~1/bin/../lib/gcc/arm-none-eabi/8.3.1/../../../../arm-none-eabi/lib/thumb/v7e-m+dp/hard\libc_nano.a
LOAD c:/progra~2/gnutoo~1/82019-~1/bin/../lib/gcc/arm-none-eabi/8.3.1/../../../../arm-none-eabi/lib/thumb/v7e-m+dp/hard\libnosys.a
END GROUP
LOAD c:/progra~2/gnutoo~1/82019-~1/bin/../lib/gcc/arm-none-eabi/8.3.1/thumb/v7e-m+dp/hard/crtend.o
LOAD c:/progra~2/gnutoo~1/82019-~1/bin/../lib/gcc/arm-none-eabi/8.3.1/thumb/v7e-m+dp/hard/crtn.o
                0x00000400                HEAP_SIZE = DEFINED (__heap_size__)?__heap_size__:0x400
                0x00000400                STACK_SIZE = DEFINED (__stack_size__)?__stack_size__:0x400
                0x82fffc00                NCACHE_HEAP_START = DEFINED (__heap_noncacheable__)?(0x84000000 - HEAP_SIZE):(0x83000000 - HEAP_SIZE)
                0x00000000                NCACHE_HEAP_SIZE = DEFINED (__heap_noncacheable__)?HEAP_SIZE:0x0
                0x83000000                __NCACHE_REGION_START = ORIGIN (m_ncache)
                0x01000000                __NCACHE_REGION_SIZE = (LENGTH (m_ncache) + NCACHE_HEAP_SIZE)

.interrupts     0x00000000      0x400
                0x00000000                __VECTOR_TABLE = .
                0x00000000                __Vectors = .
                0x00000000                . = ALIGN (0x4)
 *(.isr_vector)
 .isr_vector    0x00000000      0x400 CMakeFiles/pxp_blend_cm7.elf.dir/dfef8441e47d1fa9a11dc21b8ab1aa9b/devices/MIMXRT1176/gcc/startup_MIMXRT1176_cm7.S.obj
                0x00000000                __isr_vector
                0x00000400                . = ALIGN (0x4)

.text           0x00000400     0x4a18
                0x00000400                . = ALIGN (0x4)
 *(.text)
 .text          0x00000400       0x40 c:/progra~2/gnutoo~1/82019-~1/bin/../lib/gcc/arm-none-eabi/8.3.1/thumb/v7e-m+dp/hard/crtbegin.o
 .text          0x00000440       0x74 c:/progra~2/gnutoo~1/82019-~1/bin/../lib/gcc/arm-none-eabi/8.3.1/../../../../arm-none-eabi/lib/thumb/v7e-m+dp/hard/crt0.o
                0x00000440                _start
                0x00000440                _mainCRTStartup
 .text          0x000004b4      0x328 CMakeFiles/pxp_blend_cm7.elf.dir/dfef8441e47d1fa9a11dc21b8ab1aa9b/devices/MIMXRT1176/gcc/startup_MIMXRT1176_cm7.S.obj
                0x000004b4                Reset_Handler
                0x00000540                USBPHY2_IRQHandler
                0x00000540                Reserved179_IRQHandler
                0x00000540                FLEXSPI2_DriverIRQHandler
                0x00000540                LPSPI2_DriverIRQHandler
                0x00000540                ADC_ETC_IRQ0_IRQHandler
                0x00000540                DebugMon_Handler
                0x00000540                Reserved178_IRQHandler
                0x00000540                SAI3_RX_DriverIRQHandler
                0x00000540                PXP_IRQHandler
                0x00000540                DMA13_DMA29_DriverIRQHandler
                0x00000540                Reserved214_IRQHandler
                0x00000540                FLEXRAM_ECC_IRQHandler
                0x00000540                ENET_1G_DriverIRQHandler
                0x00000540                LPUART12_DriverIRQHandler
                0x00000540                LPSPI4_DriverIRQHandler
                0x00000540                CM7_GPIO2_3_IRQHandler
                0x00000540                DMA3_DMA19_DriverIRQHandler
                0x00000540                GPIO2_Combined_0_15_IRQHandler
                0x00000540                SPDIF_DriverIRQHandler
                0x00000540                CSI_IRQHandler
                0x00000540                ANATOP_TEMP_INT_IRQHandler
                0x00000540                LPI2C5_DriverIRQHandler
                0x00000540                eLCDIF_IRQHandler
                0x00000540                XECC_SEMC_INT_IRQHandler
                0x00000540                ENC2_IRQHandler
                0x00000540                PWM2_2_IRQHandler
                0x00000540                ANATOP_TEMP_PANIC_IRQHandler
                0x00000540                SNVS_PULSE_EVENT_IRQHandler
                0x00000540                MIPI_CSI_IRQHandler
                0x00000540                PWM1_3_IRQHandler
                0x00000540                CAAM_IRQ1_IRQHandler
                0x00000540                Reserved168_IRQHandler
                0x00000540                PWM3_FAULT_IRQHandler
                0x00000540                PWM4_FAULT_IRQHandler
                0x00000540                ACMP3_IRQHandler
                0x00000540                TMR1_IRQHandler
                0x00000540                CAN3_DriverIRQHandler
                0x00000540                ADC_ETC_IRQ1_IRQHandler
                0x00000540                Reserved210_IRQHandler
                0x00000540                CAN1_DriverIRQHandler
                0x00000540                ANATOP_LP8_BROWNOUT_IRQHandler
                0x00000540                PWM4_0_IRQHandler
                0x00000540                DMA_ERROR_DriverIRQHandler
                0x00000540                DMA7_DMA23_DriverIRQHandler
                0x00000540                ADC_ETC_IRQ3_IRQHandler
                0x00000540                GPIO5_Combined_0_15_IRQHandler
                0x00000540                PWM1_0_IRQHandler
                0x00000540                SAI4_TX_DriverIRQHandler
                0x00000540                MIPI_DSI_IRQHandler
                0x00000540                Reserved68_IRQHandler
                0x00000540                LPI2C3_DriverIRQHandler
                0x00000540                XECC_FLEXSPI2_FATAL_INT_DriverIRQHandler
                0x00000540                LPI2C2_DriverIRQHandler
                0x00000540                XECC_SEMC_FATAL_INT_IRQHandler
                0x00000540                CAAM_IRQ0_IRQHandler
                0x00000540                MECC2_FATAL_INT_IRQHandler
                0x00000540                ENET_MAC0_Tx_Rx_Done_0_DriverIRQHandler
                0x00000540                GPIO4_Combined_0_15_IRQHandler
                0x00000540                GPT6_IRQHandler
                0x00000540                CTI_TRIGGER_OUT1_IRQHandler
                0x00000540                XECC_FLEXSPI2_INT_DriverIRQHandler
                0x00000540                PWM2_0_IRQHandler
                0x00000540                ENC4_IRQHandler
                0x00000540                DMA14_DMA30_DriverIRQHandler
                0x00000540                Reserved212_IRQHandler
                0x00000540                ENET_1588_Timer_DriverIRQHandler
                0x00000540                GPU2D_IRQHandler
                0x00000540                LPSPI3_DriverIRQHandler
                0x00000540                PWM2_1_IRQHandler
                0x00000540                GPIO13_Combined_0_31_IRQHandler
                0x00000540                ENET_QOS_PMT_DriverIRQHandler
                0x00000540                CAAM_RECORVE_ERRPR_IRQHandler
                0x00000540                PWM2_FAULT_IRQHandler
                0x00000540                FLEXIO2_DriverIRQHandler
                0x00000540                GPIO4_Combined_16_31_IRQHandler
                0x00000540                UsageFault_Handler
                0x00000540                WDOG1_IRQHandler
                0x00000540                DMA15_DMA31_DriverIRQHandler
                0x00000540                HWVAD_ERROR_DriverIRQHandler
                0x00000540                SNVS_HP_NON_TZ_IRQHandler
                0x00000540                GPT1_IRQHandler
                0x00000540                BusFault_Handler
                0x00000540                PWM4_1_IRQHandler
                0x00000540                USB_OTG2_IRQHandler
                0x00000540                ACMP4_IRQHandler
                0x00000540                SEMC_IRQHandler
                0x00000540                DMA0_DMA16_DriverIRQHandler
                0x00000540                DefaultISR
                0x00000540                GPT5_IRQHandler
                0x00000540                PWM1_1_IRQHandler
                0x00000540                ACMP1_IRQHandler
                0x00000540                DMA2_DMA18_DriverIRQHandler
                0x00000540                PWM3_0_IRQHandler
                0x00000540                Reserved180_IRQHandler
                0x00000540                GPT3_IRQHandler
                0x00000540                Reserved177_IRQHandler
                0x00000540                XECC_FLEXSPI1_FATAL_INT_DriverIRQHandler
                0x00000540                SEMA4_CP1_IRQHandler
                0x00000540                HWVAD_EVENT_DriverIRQHandler
                0x00000540                USDHC1_DriverIRQHandler
                0x00000540                PWM3_3_IRQHandler
                0x00000540                DMA5_DMA21_DriverIRQHandler
                0x00000540                FLEXRAM_IRQHandler
                0x00000540                KEY_MANAGER_IRQHandler
                0x00000540                ASRC_DriverIRQHandler
                0x00000540                Reserved213_IRQHandler
                0x00000540                ADC1_IRQHandler
                0x00000540                OCOTP_READ_DONE_ERROR_IRQHandler
                0x00000540                LPI2C6_DriverIRQHandler
                0x00000540                PIT2_IRQHandler
                0x00000540                FLEXIO1_DriverIRQHandler
                0x00000540                Reserved215_IRQHandler
                0x00000540                ENET_DriverIRQHandler
                0x00000540                SNVS_HP_TZ_IRQHandler
                0x00000540                GPT2_IRQHandler
                0x00000540                ACMP2_IRQHandler
                0x00000540                GPIO1_Combined_16_31_IRQHandler
                0x00000540                CAAM_IRQ2_IRQHandler
                0x00000540                CTI_TRIGGER_OUT0_IRQHandler
                0x00000540                SAI1_DriverIRQHandler
                0x00000540                DMA12_DMA28_DriverIRQHandler
                0x00000540                ENC3_IRQHandler
                0x00000540                GPIO3_Combined_16_31_IRQHandler
                0x00000540                EWM_IRQHandler
                0x00000540                MUA_IRQHandler
                0x00000540                USBPHY1_IRQHandler
                0x00000540                RDC_IRQHandler
                0x00000540                WDOG2_IRQHandler
                0x00000540                Reserved209_IRQHandler
                0x00000540                Reserved170_IRQHandler
                0x00000540                PWM3_1_IRQHandler
                0x00000540                PWM2_3_IRQHandler
                0x00000540                Reserved211_IRQHandler
                0x00000540                CAN1_ERROR_DriverIRQHandler
                0x00000540                CORE_IRQHandler
                0x00000540                ANATOP_TEMP_LOW_HIGH_IRQHandler
                0x00000540                CAN3_ERROR_DriverIRQHandler
                0x00000540                ENET_1G_1588_Timer_DriverIRQHandler
                0x00000540                CAAM_IRQ3_IRQHandler
                0x00000540                DMA10_DMA26_DriverIRQHandler
                0x00000540                OCOTP_READ_FUSE_ERROR_IRQHandler
                0x00000540                Reserved208_IRQHandler
                0x00000540                MECC1_FATAL_INT_IRQHandler
                0x00000540                PWM1_2_IRQHandler
                0x00000540                GPIO6_Combined_0_15_IRQHandler
                0x00000540                GPR_IRQ_IRQHandler
                0x00000540                LPSPI1_DriverIRQHandler
                0x00000540                Reserved110_IRQHandler
                0x00000540                GPC_IRQHandler
                0x00000540                GPIO3_Combined_0_15_IRQHandler
                0x00000540                PWM4_3_IRQHandler
                0x00000540                PDM_ERROR_DriverIRQHandler
                0x00000540                SAI3_TX_DriverIRQHandler
                0x00000540                DAC_IRQHandler
                0x00000540                Reserved169_IRQHandler
                0x00000540                DMA1_DMA17_DriverIRQHandler
                0x00000540                DCIC2_IRQHandler
                0x00000540                SEMA4_CP0_IRQHandler
                0x00000540                USB_OTG1_IRQHandler
                0x00000540                GPIO6_Combined_16_31_IRQHandler
                0x00000540                ANATOP_LP0_BROWNOUT_IRQHandler
                0x00000540                CAN2_DriverIRQHandler
                0x00000540                PIT1_IRQHandler
                0x00000540                GPIO5_Combined_16_31_IRQHandler
                0x00000540                CAN2_ERROR_DriverIRQHandler
                0x00000540                ENET_MAC0_Tx_Rx_Done_1_DriverIRQHandler
                0x00000540                TMR2_IRQHandler
                0x00000540                ADC_ETC_ERROR_IRQ_IRQHandler
                0x00000540                DMA8_DMA24_DriverIRQHandler
                0x00000540                PWM4_2_IRQHandler
                0x00000540                DMA6_DMA22_DriverIRQHandler
                0x00000540                Reserved186_IRQHandler
                0x00000540                SAI4_RX_DriverIRQHandler
                0x00000540                RTWDOG3_IRQHandler
                0x00000540                ADC_ETC_IRQ2_IRQHandler
                0x00000540                XBAR1_IRQ_0_1_IRQHandler
                0x00000540                KPP_IRQHandler
                0x00000540                FLEXSPI1_DriverIRQHandler
                0x00000540                ADC2_IRQHandler
                0x00000540                MECC1_INT_IRQHandler
                0x00000540                USDHC2_DriverIRQHandler
                0x00000540                TMR3_IRQHandler
                0x00000540                MemManage_Handler
                0x00000540                SAI2_DriverIRQHandler
                0x00000540                DCIC1_IRQHandler
                0x00000540                Reserved166_IRQHandler
                0x00000540                LPI2C4_DriverIRQHandler
                0x00000540                LPSPI6_DriverIRQHandler
                0x00000540                GPT4_IRQHandler
                0x00000540                GPIO2_Combined_16_31_IRQHandler
                0x00000540                MECC2_INT_IRQHandler
                0x00000540                CDOG_DriverIRQHandler
                0x00000540                EMVSIM2_IRQHandler
                0x00000540                PDM_EVENT_DriverIRQHandler
                0x00000540                LPSPI5_DriverIRQHandler
                0x00000540                PWM1_FAULT_IRQHandler
                0x00000540                ENET_QOS_DriverIRQHandler
                0x00000540                Reserved185_IRQHandler
                0x00000540                EMVSIM1_IRQHandler
                0x00000540                DMA11_DMA27_DriverIRQHandler
                0x00000540                XECC_FLEXSPI1_INT_DriverIRQHandler
                0x00000540                XBAR1_IRQ_2_3_IRQHandler
                0x00000540                PWM3_2_IRQHandler
                0x00000540                LPI2C1_DriverIRQHandler
                0x00000540                ENC1_IRQHandler
                0x00000540                DMA4_DMA20_DriverIRQHandler
                0x00000540                CAAM_RTIC_IRQHandler
                0x00000540                DMA9_DMA25_DriverIRQHandler
                0x00000540                Reserved167_IRQHandler
                0x00000540                GPIO1_Combined_0_15_IRQHandler
                0x00000540                TMR4_IRQHandler
                0x00000544                NMI_Handler
                0x00000548                HardFault_Handler
                0x0000054c                SVC_Handler
                0x00000550                PendSV_Handler
                0x00000554                SysTick_Handler
                0x00000558                DMA0_DMA16_IRQHandler
                0x0000055c                DMA1_DMA17_IRQHandler
                0x00000560                DMA2_DMA18_IRQHandler
                0x00000564                DMA3_DMA19_IRQHandler
                0x00000568                DMA4_DMA20_IRQHandler
                0x0000056c                DMA5_DMA21_IRQHandler
                0x00000570                DMA6_DMA22_IRQHandler
                0x00000574                DMA7_DMA23_IRQHandler
                0x00000578                DMA8_DMA24_IRQHandler
                0x0000057c                DMA9_DMA25_IRQHandler
                0x00000580                DMA10_DMA26_IRQHandler
                0x00000584                DMA11_DMA27_IRQHandler
                0x00000588                DMA12_DMA28_IRQHandler
                0x0000058c                DMA13_DMA29_IRQHandler
                0x00000590                DMA14_DMA30_IRQHandler
                0x00000594                DMA15_DMA31_IRQHandler
                0x00000598                DMA_ERROR_IRQHandler
                0x0000059c                LPUART1_IRQHandler
                0x000005a0                LPUART2_IRQHandler
                0x000005a4                LPUART3_IRQHandler
                0x000005a8                LPUART4_IRQHandler
                0x000005ac                LPUART5_IRQHandler
                0x000005b0                LPUART6_IRQHandler
                0x000005b4                LPUART7_IRQHandler
                0x000005b8                LPUART8_IRQHandler
                0x000005bc                LPUART9_IRQHandler
                0x000005c0                LPUART10_IRQHandler
                0x000005c4                LPUART11_IRQHandler
                0x000005c8                LPUART12_IRQHandler
                0x000005cc                LPI2C1_IRQHandler
                0x000005d0                LPI2C2_IRQHandler
                0x000005d4                LPI2C3_IRQHandler
                0x000005d8                LPI2C4_IRQHandler
                0x000005dc                LPI2C5_IRQHandler
                0x000005e0                LPI2C6_IRQHandler
                0x000005e4                LPSPI1_IRQHandler
                0x000005e8                LPSPI2_IRQHandler
                0x000005ec                LPSPI3_IRQHandler
                0x000005f0                LPSPI4_IRQHandler
                0x000005f4                LPSPI5_IRQHandler
                0x000005f8                LPSPI6_IRQHandler
                0x000005fc                CAN1_IRQHandler
                0x00000600                CAN1_ERROR_IRQHandler
                0x00000604                CAN2_IRQHandler
                0x00000608                CAN2_ERROR_IRQHandler
                0x0000060c                CAN3_IRQHandler
                0x00000610                CAN3_ERROR_IRQHandler
                0x00000614                CDOG_IRQHandler
                0x00000618                SAI1_IRQHandler
                0x0000061c                SAI2_IRQHandler
                0x00000620                SAI3_RX_IRQHandler
                0x00000624                SAI3_TX_IRQHandler
                0x00000628                SAI4_RX_IRQHandler
                0x0000062c                SAI4_TX_IRQHandler
                0x00000630                SPDIF_IRQHandler
                0x00000634                ASRC_IRQHandler
                0x00000638                FLEXIO1_IRQHandler
                0x0000063c                FLEXIO2_IRQHandler
                0x00000640                FLEXSPI1_IRQHandler
                0x00000644                FLEXSPI2_IRQHandler
                0x00000648                USDHC1_IRQHandler
                0x0000064c                USDHC2_IRQHandler
                0x00000650                ENET_IRQHandler
                0x00000654                ENET_1588_Timer_IRQHandler
                0x00000658                ENET_MAC0_Tx_Rx_Done_0_IRQHandler
                0x0000065c                ENET_MAC0_Tx_Rx_Done_1_IRQHandler
                0x00000660                ENET_1G_IRQHandler
                0x00000664                ENET_1G_1588_Timer_IRQHandler
                0x00000668                HWVAD_EVENT_IRQHandler
                0x0000066c                HWVAD_ERROR_IRQHandler
                0x00000670                PDM_EVENT_IRQHandler
                0x00000674                PDM_ERROR_IRQHandler
                0x00000678                XECC_FLEXSPI1_INT_IRQHandler
                0x0000067c                XECC_FLEXSPI1_FATAL_INT_IRQHandler
                0x00000680                XECC_FLEXSPI2_INT_IRQHandler
                0x00000684                XECC_FLEXSPI2_FATAL_INT_IRQHandler
                0x00000688                ENET_QOS_IRQHandler
                0x0000068c                ENET_QOS_PMT_IRQHandler
 .text          0x000007dc       0x10 c:/progra~2/gnutoo~1/82019-~1/bin/../lib/gcc/arm-none-eabi/8.3.1/../../../../arm-none-eabi/lib/thumb/v7e-m+dp/hard\libc_nano.a(lib_a-strlen.o)
                0x000007dc                strlen
 .text          0x000007ec       0x30 c:/progra~2/gnutoo~1/82019-~1/bin/../lib/gcc/arm-none-eabi/8.3.1/thumb/v7e-m+dp/hard\libgcc.a(_aeabi_uldivmod.o)
                0x000007ec                __aeabi_uldivmod
 .text          0x0000081c      0x2d0 c:/progra~2/gnutoo~1/82019-~1/bin/../lib/gcc/arm-none-eabi/8.3.1/thumb/v7e-m+dp/hard\libgcc.a(_udivmoddi4.o)
                0x0000081c                __udivmoddi4
 .text          0x00000aec        0x4 c:/progra~2/gnutoo~1/82019-~1/bin/../lib/gcc/arm-none-eabi/8.3.1/thumb/v7e-m+dp/hard\libgcc.a(_dvmd_tls.o)
                0x00000aec                __aeabi_idiv0
                0x00000aec                __aeabi_ldiv0
 *(.text*)
 .text.APP_BufferSwitchOffCallback
                0x00000af0        0xc CMakeFiles/pxp_blend_cm7.elf.dir/dfef8441e47d1fa9a11dc21b8ab1aa9b/boards/evkmimxrt1170/driver_examples/pxp/blend/cm7/pxp_blend.c.obj
 .text.startup.main
                0x00000afc      0x2ec CMakeFiles/pxp_blend_cm7.elf.dir/dfef8441e47d1fa9a11dc21b8ab1aa9b/boards/evkmimxrt1170/driver_examples/pxp/blend/cm7/pxp_blend.c.obj
                0x00000afc                main
 .text.BOARD_InitLpuartPins
                0x00000de8       0x38 CMakeFiles/pxp_blend_cm7.elf.dir/dfef8441e47d1fa9a11dc21b8ab1aa9b/boards/evkmimxrt1170/driver_examples/pxp/blend/cm7/pin_mux.c.obj
                0x00000de8                BOARD_InitLpuartPins
 .text.BOARD_InitMipiPanelPins
                0x00000e20       0x30 CMakeFiles/pxp_blend_cm7.elf.dir/dfef8441e47d1fa9a11dc21b8ab1aa9b/boards/evkmimxrt1170/driver_examples/pxp/blend/cm7/pin_mux.c.obj
                0x00000e20                BOARD_InitMipiPanelPins
 .text.CLOCK_SetRootClock
                0x00000e50       0x34 CMakeFiles/pxp_blend_cm7.elf.dir/579cf93999af14faafa3ba8831541c72/evkmimxrt1170/driver_examples/pxp/blend/cm7/display_support.c.obj
 .text.CLOCK_GetRootClockFreq
                0x00000e84       0x30 CMakeFiles/pxp_blend_cm7.elf.dir/579cf93999af14faafa3ba8831541c72/evkmimxrt1170/driver_examples/pxp/blend/cm7/display_support.c.obj
 .text.BOARD_DSI_Transfer
                0x00000eb4        0xc CMakeFiles/pxp_blend_cm7.elf.dir/579cf93999af14faafa3ba8831541c72/evkmimxrt1170/driver_examples/pxp/blend/cm7/display_support.c.obj
 .text.BOARD_PullPanelPowerPin
                0x00000ec0       0x14 CMakeFiles/pxp_blend_cm7.elf.dir/579cf93999af14faafa3ba8831541c72/evkmimxrt1170/driver_examples/pxp/blend/cm7/display_support.c.obj
 .text.BOARD_PullPanelResetPin
                0x00000ed4       0x14 CMakeFiles/pxp_blend_cm7.elf.dir/579cf93999af14faafa3ba8831541c72/evkmimxrt1170/driver_examples/pxp/blend/cm7/display_support.c.obj
 .text.BOARD_InitDisplayInterface
                0x00000ee8      0x1c0 CMakeFiles/pxp_blend_cm7.elf.dir/579cf93999af14faafa3ba8831541c72/evkmimxrt1170/driver_examples/pxp/blend/cm7/display_support.c.obj
                0x00000ee8                BOARD_InitDisplayInterface
 .text.LCDIFv2_IRQHandler
                0x000010a8        0xc CMakeFiles/pxp_blend_cm7.elf.dir/579cf93999af14faafa3ba8831541c72/evkmimxrt1170/driver_examples/pxp/blend/cm7/display_support.c.obj
                0x000010a8                LCDIFv2_IRQHandler
 .text.BOARD_VerifyDisplayClockSource
                0x000010b4       0x20 CMakeFiles/pxp_blend_cm7.elf.dir/579cf93999af14faafa3ba8831541c72/evkmimxrt1170/driver_examples/pxp/blend/cm7/display_support.c.obj
                0x000010b4                BOARD_VerifyDisplayClockSource
 .text.BOARD_PrepareDisplayController
                0x000010d4       0x64 CMakeFiles/pxp_blend_cm7.elf.dir/579cf93999af14faafa3ba8831541c72/evkmimxrt1170/driver_examples/pxp/blend/cm7/display_support.c.obj
                0x000010d4                BOARD_PrepareDisplayController
 .text.BOARD_DebugConsoleSrcFreq
                0x00001138       0x30 CMakeFiles/pxp_blend_cm7.elf.dir/dfef8441e47d1fa9a11dc21b8ab1aa9b/boards/evkmimxrt1170/driver_examples/pxp/blend/cm7/board.c.obj
                0x00001138                BOARD_DebugConsoleSrcFreq
 .text.BOARD_InitDebugConsole
                0x00001168       0x18 CMakeFiles/pxp_blend_cm7.elf.dir/dfef8441e47d1fa9a11dc21b8ab1aa9b/boards/evkmimxrt1170/driver_examples/pxp/blend/cm7/board.c.obj
                0x00001168                BOARD_InitDebugConsole
 .text.BOARD_ConfigMPU
                0x00001180      0x234 CMakeFiles/pxp_blend_cm7.elf.dir/dfef8441e47d1fa9a11dc21b8ab1aa9b/boards/evkmimxrt1170/driver_examples/pxp/blend/cm7/board.c.obj
                0x00001180                BOARD_ConfigMPU
 .text.CLOCK_SetRootClock
                0x000013b4       0x34 CMakeFiles/pxp_blend_cm7.elf.dir/579cf93999af14faafa3ba8831541c72/evkmimxrt1170/driver_examples/pxp/blend/cm7/clock_config.c.obj
 .text.BOARD_BootClockRUN
                0x000013e8      0x6f8 CMakeFiles/pxp_blend_cm7.elf.dir/579cf93999af14faafa3ba8831541c72/evkmimxrt1170/driver_examples/pxp/blend/cm7/clock_config.c.obj
                0x000013e8                BOARD_BootClockRUN
 .text.VIDEO_DelayMs
                0x00001ae0       0x20 CMakeFiles/pxp_blend_cm7.elf.dir/C_/Anitha/Projects/iMXRT/Nxp-Evk/SDK_2.9.1_MIMXRT1170-EVK/components/video/fsl_video_common.c.obj
                0x00001ae0                VIDEO_DelayMs
 .text.SDK_DelayAtLeastUs
                0x00001b00       0x20 CMakeFiles/pxp_blend_cm7.elf.dir/C_/Anitha/Projects/iMXRT/Nxp-Evk/SDK_2.9.1_MIMXRT1170-EVK/devices/MIMXRT1176/drivers/fsl_common.c.obj
                0x00001b00                SDK_DelayAtLeastUs
 .text.ANATOP_PllBypass
                0x00001b20       0x10 CMakeFiles/pxp_blend_cm7.elf.dir/C_/Anitha/Projects/iMXRT/Nxp-Evk/SDK_2.9.1_MIMXRT1170-EVK/devices/MIMXRT1176/drivers/fsl_clock.c.obj
 .text.CLOCK_GetAvPllFreq
                0x00001b30       0x80 CMakeFiles/pxp_blend_cm7.elf.dir/C_/Anitha/Projects/iMXRT/Nxp-Evk/SDK_2.9.1_MIMXRT1170-EVK/devices/MIMXRT1176/drivers/fsl_clock.c.obj
 .text.CLOCK_GetPllFreq.part.10
                0x00001bb0       0x2c CMakeFiles/pxp_blend_cm7.elf.dir/C_/Anitha/Projects/iMXRT/Nxp-Evk/SDK_2.9.1_MIMXRT1170-EVK/devices/MIMXRT1176/drivers/fsl_clock.c.obj
 .text.ANATOP_PllToggleHoldRingOff.constprop.17
                0x00001bdc       0x2c CMakeFiles/pxp_blend_cm7.elf.dir/C_/Anitha/Projects/iMXRT/Nxp-Evk/SDK_2.9.1_MIMXRT1170-EVK/devices/MIMXRT1176/drivers/fsl_clock.c.obj
 .text.ANATOP_PllConfigure
                0x00001c08       0xa4 CMakeFiles/pxp_blend_cm7.elf.dir/C_/Anitha/Projects/iMXRT/Nxp-Evk/SDK_2.9.1_MIMXRT1170-EVK/devices/MIMXRT1176/drivers/fsl_clock.c.obj
 .text.CLOCK_InitArmPll
                0x00001cac       0xd4 CMakeFiles/pxp_blend_cm7.elf.dir/C_/Anitha/Projects/iMXRT/Nxp-Evk/SDK_2.9.1_MIMXRT1170-EVK/devices/MIMXRT1176/drivers/fsl_clock.c.obj
                0x00001cac                CLOCK_InitArmPll
 .text.CLOCK_InitSysPll2
                0x00001d80      0x124 CMakeFiles/pxp_blend_cm7.elf.dir/C_/Anitha/Projects/iMXRT/Nxp-Evk/SDK_2.9.1_MIMXRT1170-EVK/devices/MIMXRT1176/drivers/fsl_clock.c.obj
                0x00001d80                CLOCK_InitSysPll2
 .text.CLOCK_InitPfd
                0x00001ea4       0x7c CMakeFiles/pxp_blend_cm7.elf.dir/C_/Anitha/Projects/iMXRT/Nxp-Evk/SDK_2.9.1_MIMXRT1170-EVK/devices/MIMXRT1176/drivers/fsl_clock.c.obj
                0x00001ea4                CLOCK_InitPfd
 .text.CLOCK_GetPfdFreq
                0x00001f20       0x4c CMakeFiles/pxp_blend_cm7.elf.dir/C_/Anitha/Projects/iMXRT/Nxp-Evk/SDK_2.9.1_MIMXRT1170-EVK/devices/MIMXRT1176/drivers/fsl_clock.c.obj
                0x00001f20                CLOCK_GetPfdFreq
 .text.CLOCK_InitSysPll3
                0x00001f6c       0xa0 CMakeFiles/pxp_blend_cm7.elf.dir/C_/Anitha/Projects/iMXRT/Nxp-Evk/SDK_2.9.1_MIMXRT1170-EVK/devices/MIMXRT1176/drivers/fsl_clock.c.obj
                0x00001f6c                CLOCK_InitSysPll3
 .text.CLOCK_SetPllBypass
                0x0000200c       0x6c CMakeFiles/pxp_blend_cm7.elf.dir/C_/Anitha/Projects/iMXRT/Nxp-Evk/SDK_2.9.1_MIMXRT1170-EVK/devices/MIMXRT1176/drivers/fsl_clock.c.obj
                0x0000200c                CLOCK_SetPllBypass
 .text.ANATOP_PllEnableClk
                0x00002078       0x10 CMakeFiles/pxp_blend_cm7.elf.dir/C_/Anitha/Projects/iMXRT/Nxp-Evk/SDK_2.9.1_MIMXRT1170-EVK/devices/MIMXRT1176/drivers/fsl_clock.c.obj
                0x00002078                ANATOP_PllEnableSs
 .text.CLOCK_DeinitAudioPll
                0x00002088       0x4c CMakeFiles/pxp_blend_cm7.elf.dir/C_/Anitha/Projects/iMXRT/Nxp-Evk/SDK_2.9.1_MIMXRT1170-EVK/devices/MIMXRT1176/drivers/fsl_clock.c.obj
                0x00002088                CLOCK_DeinitAudioPll
 .text.CLOCK_InitVideoPll
                0x000020d4       0xb8 CMakeFiles/pxp_blend_cm7.elf.dir/C_/Anitha/Projects/iMXRT/Nxp-Evk/SDK_2.9.1_MIMXRT1170-EVK/devices/MIMXRT1176/drivers/fsl_clock.c.obj
                0x000020d4                CLOCK_InitVideoPll
 .text.CLOCK_DeinitSysPll1
                0x0000218c       0x64 CMakeFiles/pxp_blend_cm7.elf.dir/C_/Anitha/Projects/iMXRT/Nxp-Evk/SDK_2.9.1_MIMXRT1170-EVK/devices/MIMXRT1176/drivers/fsl_clock.c.obj
                0x0000218c                CLOCK_DeinitSysPll1
 .text.CLOCK_OSC_Set1MHzOutputBehavior
                0x000021f0       0x2c CMakeFiles/pxp_blend_cm7.elf.dir/C_/Anitha/Projects/iMXRT/Nxp-Evk/SDK_2.9.1_MIMXRT1170-EVK/devices/MIMXRT1176/drivers/fsl_clock.c.obj
                0x000021f0                CLOCK_OSC_Set1MHzOutputBehavior
 .text.CLOCK_GetPllFreq
                0x0000221c       0x38 CMakeFiles/pxp_blend_cm7.elf.dir/C_/Anitha/Projects/iMXRT/Nxp-Evk/SDK_2.9.1_MIMXRT1170-EVK/devices/MIMXRT1176/drivers/fsl_clock.c.obj
                0x0000221c                CLOCK_GetPllFreq
 .text.CLOCK_GetFreq
                0x00002254       0xdc CMakeFiles/pxp_blend_cm7.elf.dir/C_/Anitha/Projects/iMXRT/Nxp-Evk/SDK_2.9.1_MIMXRT1170-EVK/devices/MIMXRT1176/drivers/fsl_clock.c.obj
                0x00002254                CLOCK_GetFreq
 .text.CLOCK_SetGroupConfig
                0x00002330       0x28 CMakeFiles/pxp_blend_cm7.elf.dir/C_/Anitha/Projects/iMXRT/Nxp-Evk/SDK_2.9.1_MIMXRT1170-EVK/devices/MIMXRT1176/drivers/fsl_clock.c.obj
                0x00002330                CLOCK_SetGroupConfig
 .text.CLOCK_OSC_EnableOscRc400M
                0x00002358       0x18 CMakeFiles/pxp_blend_cm7.elf.dir/C_/Anitha/Projects/iMXRT/Nxp-Evk/SDK_2.9.1_MIMXRT1170-EVK/devices/MIMXRT1176/drivers/fsl_clock.c.obj
                0x00002358                CLOCK_OSC_EnableOscRc400M
 .text.ANATOP_AI_Access
                0x00002370      0x360 CMakeFiles/pxp_blend_cm7.elf.dir/dfef8441e47d1fa9a11dc21b8ab1aa9b/devices/MIMXRT1176/drivers/fsl_anatop_ai.c.obj
                0x00002370                ANATOP_AI_Access
 .text.ANATOP_AI_Write
                0x000026d0        0xa CMakeFiles/pxp_blend_cm7.elf.dir/dfef8441e47d1fa9a11dc21b8ab1aa9b/devices/MIMXRT1176/drivers/fsl_anatop_ai.c.obj
                0x000026d0                ANATOP_AI_Write
 .text.ANATOP_AI_Read
                0x000026da        0xa CMakeFiles/pxp_blend_cm7.elf.dir/dfef8441e47d1fa9a11dc21b8ab1aa9b/devices/MIMXRT1176/drivers/fsl_anatop_ai.c.obj
                0x000026da                ANATOP_AI_Read
 .text.ANATOP_AI_WriteWithMaskShift
                0x000026e4       0x2c CMakeFiles/pxp_blend_cm7.elf.dir/dfef8441e47d1fa9a11dc21b8ab1aa9b/devices/MIMXRT1176/drivers/fsl_anatop_ai.c.obj
                0x000026e4                ANATOP_AI_WriteWithMaskShift
 .text.MIPI_DSI_DCS_SetDisplayOn
                0x00002710       0x46 CMakeFiles/pxp_blend_cm7.elf.dir/dfef8441e47d1fa9a11dc21b8ab1aa9b/components/video/display/mipi_dsi_cmd/fsl_mipi_dsi_cmd.c.obj
                0x00002710                MIPI_DSI_DCS_SetDisplayOn
 .text.MIPI_DSI_DCS_EnterSleepMode
                0x00002756       0x46 CMakeFiles/pxp_blend_cm7.elf.dir/dfef8441e47d1fa9a11dc21b8ab1aa9b/components/video/display/mipi_dsi_cmd/fsl_mipi_dsi_cmd.c.obj
                0x00002756                MIPI_DSI_DCS_EnterSleepMode
 .text.MIPI_DSI_GenericWrite
                0x0000279c       0x44 CMakeFiles/pxp_blend_cm7.elf.dir/dfef8441e47d1fa9a11dc21b8ab1aa9b/components/video/display/mipi_dsi_cmd/fsl_mipi_dsi_cmd.c.obj
                0x0000279c                MIPI_DSI_GenericWrite
 .text.DSI_HandleResult
                0x000027e0       0x5c CMakeFiles/pxp_blend_cm7.elf.dir/dfef8441e47d1fa9a11dc21b8ab1aa9b/devices/MIMXRT1176/drivers/fsl_mipi_dsi.c.obj
 .text.DSI_Init
                0x0000283c       0x60 CMakeFiles/pxp_blend_cm7.elf.dir/dfef8441e47d1fa9a11dc21b8ab1aa9b/devices/MIMXRT1176/drivers/fsl_mipi_dsi.c.obj
                0x0000283c                DSI_Init
 .text.DSI_GetDefaultConfig
                0x0000289c       0x20 CMakeFiles/pxp_blend_cm7.elf.dir/dfef8441e47d1fa9a11dc21b8ab1aa9b/devices/MIMXRT1176/drivers/fsl_mipi_dsi.c.obj
                0x0000289c                DSI_GetDefaultConfig
 .text.DSI_SetDpiConfig
                0x000028bc       0x98 CMakeFiles/pxp_blend_cm7.elf.dir/dfef8441e47d1fa9a11dc21b8ab1aa9b/devices/MIMXRT1176/drivers/fsl_mipi_dsi.c.obj
                0x000028bc                DSI_SetDpiConfig
 .text.DSI_InitDphy
                0x00002954      0x134 CMakeFiles/pxp_blend_cm7.elf.dir/dfef8441e47d1fa9a11dc21b8ab1aa9b/devices/MIMXRT1176/drivers/fsl_mipi_dsi.c.obj
                0x00002954                DSI_InitDphy
 .text.DSI_GetDphyDefaultConfig
                0x00002a88      0x100 CMakeFiles/pxp_blend_cm7.elf.dir/dfef8441e47d1fa9a11dc21b8ab1aa9b/devices/MIMXRT1176/drivers/fsl_mipi_dsi.c.obj
                0x00002a88                DSI_GetDphyDefaultConfig
 .text.DSI_SetApbPacketControl
                0x00002b88       0x1e CMakeFiles/pxp_blend_cm7.elf.dir/dfef8441e47d1fa9a11dc21b8ab1aa9b/devices/MIMXRT1176/drivers/fsl_mipi_dsi.c.obj
                0x00002b88                DSI_SetApbPacketControl
 .text.DSI_WriteApbTxPayloadExt
                0x00002ba6       0x72 CMakeFiles/pxp_blend_cm7.elf.dir/dfef8441e47d1fa9a11dc21b8ab1aa9b/devices/MIMXRT1176/drivers/fsl_mipi_dsi.c.obj
                0x00002ba6                DSI_WriteApbTxPayloadExt
 .text.DSI_PrepareApbTransfer
                0x00002c18       0x7a CMakeFiles/pxp_blend_cm7.elf.dir/dfef8441e47d1fa9a11dc21b8ab1aa9b/devices/MIMXRT1176/drivers/fsl_mipi_dsi.c.obj
 .text.DSI_TransferBlocking
                0x00002c92       0x56 CMakeFiles/pxp_blend_cm7.elf.dir/dfef8441e47d1fa9a11dc21b8ab1aa9b/devices/MIMXRT1176/drivers/fsl_mipi_dsi.c.obj
                0x00002c92                DSI_TransferBlocking
 .text.RM68200_Init
                0x00002ce8       0xb4 CMakeFiles/pxp_blend_cm7.elf.dir/dfef8441e47d1fa9a11dc21b8ab1aa9b/components/video/display/rm68200/fsl_rm68200.c.obj
                0x00002ce8                RM68200_Init
 .text.RM68200_Deinit
                0x00002d9c       0x1c CMakeFiles/pxp_blend_cm7.elf.dir/dfef8441e47d1fa9a11dc21b8ab1aa9b/components/video/display/rm68200/fsl_rm68200.c.obj
                0x00002d9c                RM68200_Deinit
 .text.RM68200_Start
                0x00002db8        0xa CMakeFiles/pxp_blend_cm7.elf.dir/dfef8441e47d1fa9a11dc21b8ab1aa9b/components/video/display/rm68200/fsl_rm68200.c.obj
                0x00002db8                RM68200_Start
 .text.RM68200_Stop
                0x00002dc2        0xa CMakeFiles/pxp_blend_cm7.elf.dir/dfef8441e47d1fa9a11dc21b8ab1aa9b/components/video/display/rm68200/fsl_rm68200.c.obj
                0x00002dc2                RM68200_Stop
 .text.DC_FB_LCDIFV2_EnableLayer
                0x00002dcc       0x44 CMakeFiles/pxp_blend_cm7.elf.dir/dfef8441e47d1fa9a11dc21b8ab1aa9b/components/video/display/dc/lcdifv2/fsl_dc_fb_lcdifv2.c.obj
                0x00002dcc                DC_FB_LCDIFV2_EnableLayer
 .text.DC_FB_LCDIFV2_DisableLayer
                0x00002e10       0x32 CMakeFiles/pxp_blend_cm7.elf.dir/dfef8441e47d1fa9a11dc21b8ab1aa9b/components/video/display/dc/lcdifv2/fsl_dc_fb_lcdifv2.c.obj
                0x00002e10                DC_FB_LCDIFV2_DisableLayer
 *fill*         0x00002e42        0x2 
 .text.DC_FB_LCDIFV2_GetLayerDefaultConfig
                0x00002e44       0x1c CMakeFiles/pxp_blend_cm7.elf.dir/dfef8441e47d1fa9a11dc21b8ab1aa9b/components/video/display/dc/lcdifv2/fsl_dc_fb_lcdifv2.c.obj
                0x00002e44                DC_FB_LCDIFV2_GetLayerDefaultConfig
 .text.DC_FB_LCDIFV2_SetFrameBuffer
                0x00002e60       0x30 CMakeFiles/pxp_blend_cm7.elf.dir/dfef8441e47d1fa9a11dc21b8ab1aa9b/components/video/display/dc/lcdifv2/fsl_dc_fb_lcdifv2.c.obj
                0x00002e60                DC_FB_LCDIFV2_SetFrameBuffer
 .text.DC_FB_LCDIFV2_SetCallback
                0x00002e90       0x10 CMakeFiles/pxp_blend_cm7.elf.dir/dfef8441e47d1fa9a11dc21b8ab1aa9b/components/video/display/dc/lcdifv2/fsl_dc_fb_lcdifv2.c.obj
                0x00002e90                DC_FB_LCDIFV2_SetCallback
 .text.DC_FB_LCDIFV2_GetProperty
                0x00002ea0        0x4 CMakeFiles/pxp_blend_cm7.elf.dir/dfef8441e47d1fa9a11dc21b8ab1aa9b/components/video/display/dc/lcdifv2/fsl_dc_fb_lcdifv2.c.obj
                0x00002ea0                DC_FB_LCDIFV2_GetProperty
 .text.DC_FB_LCDIFV2_Init
                0x00002ea4       0x94 CMakeFiles/pxp_blend_cm7.elf.dir/dfef8441e47d1fa9a11dc21b8ab1aa9b/components/video/display/dc/lcdifv2/fsl_dc_fb_lcdifv2.c.obj
                0x00002ea4                DC_FB_LCDIFV2_Init
 .text.DC_FB_LCDIFV2_Deinit
                0x00002f38       0x28 CMakeFiles/pxp_blend_cm7.elf.dir/dfef8441e47d1fa9a11dc21b8ab1aa9b/components/video/display/dc/lcdifv2/fsl_dc_fb_lcdifv2.c.obj
                0x00002f38                DC_FB_LCDIFV2_Deinit
 .text.DC_FB_LCDIFV2_SetLayerConfig
                0x00002f60       0x64 CMakeFiles/pxp_blend_cm7.elf.dir/dfef8441e47d1fa9a11dc21b8ab1aa9b/components/video/display/dc/lcdifv2/fsl_dc_fb_lcdifv2.c.obj
                0x00002f60                DC_FB_LCDIFV2_SetLayerConfig
 .text.DC_FB_LCDIFV2_IRQHandler
                0x00002fc4       0x50 CMakeFiles/pxp_blend_cm7.elf.dir/dfef8441e47d1fa9a11dc21b8ab1aa9b/components/video/display/dc/lcdifv2/fsl_dc_fb_lcdifv2.c.obj
                0x00002fc4                DC_FB_LCDIFV2_IRQHandler
 .text.LCDIFV2_ResetRegister
                0x00003014       0x78 CMakeFiles/pxp_blend_cm7.elf.dir/dfef8441e47d1fa9a11dc21b8ab1aa9b/devices/MIMXRT1176/drivers/fsl_lcdifv2.c.obj
 .text.LCDIFV2_Init
                0x0000308c       0x2c CMakeFiles/pxp_blend_cm7.elf.dir/dfef8441e47d1fa9a11dc21b8ab1aa9b/devices/MIMXRT1176/drivers/fsl_lcdifv2.c.obj
                0x0000308c                LCDIFV2_Init
 .text.LCDIFV2_Deinit
                0x000030b8       0x24 CMakeFiles/pxp_blend_cm7.elf.dir/dfef8441e47d1fa9a11dc21b8ab1aa9b/devices/MIMXRT1176/drivers/fsl_lcdifv2.c.obj
                0x000030b8                LCDIFV2_Deinit
 .text.LCDIFV2_DisplayGetDefaultConfig
                0x000030dc       0x16 CMakeFiles/pxp_blend_cm7.elf.dir/dfef8441e47d1fa9a11dc21b8ab1aa9b/devices/MIMXRT1176/drivers/fsl_lcdifv2.c.obj
                0x000030dc                LCDIFV2_DisplayGetDefaultConfig
 .text.LCDIFV2_SetDisplayConfig
                0x000030f2       0x34 CMakeFiles/pxp_blend_cm7.elf.dir/dfef8441e47d1fa9a11dc21b8ab1aa9b/devices/MIMXRT1176/drivers/fsl_lcdifv2.c.obj
                0x000030f2                LCDIFV2_SetDisplayConfig
 .text.LCDIFV2_SetLayerBufferConfig
                0x00003126       0x2c CMakeFiles/pxp_blend_cm7.elf.dir/dfef8441e47d1fa9a11dc21b8ab1aa9b/devices/MIMXRT1176/drivers/fsl_lcdifv2.c.obj
                0x00003126                LCDIFV2_SetLayerBufferConfig
 .text.SRC_AssertSliceSoftwareReset
                0x00003152       0x1c CMakeFiles/pxp_blend_cm7.elf.dir/dfef8441e47d1fa9a11dc21b8ab1aa9b/devices/MIMXRT1176/drivers/fsl_soc_src.c.obj
                0x00003152                SRC_AssertSliceSoftwareReset
 .text.SRC_GetSliceResetState
                0x0000316e        0xe CMakeFiles/pxp_blend_cm7.elf.dir/dfef8441e47d1fa9a11dc21b8ab1aa9b/devices/MIMXRT1176/drivers/fsl_soc_src.c.obj
                0x0000316e                SRC_GetSliceResetState
 .text.DbgConsole_Putchar
                0x0000317c       0x24 CMakeFiles/pxp_blend_cm7.elf.dir/10b8ce2f6874732e46283430d9d82733/MIMXRT1176/utilities/debug_console_lite/fsl_debug_console.c.obj
                0x0000317c                DbgConsole_Putchar
 .text.DbgConsole_Init
                0x000031a0       0x48 CMakeFiles/pxp_blend_cm7.elf.dir/10b8ce2f6874732e46283430d9d82733/MIMXRT1176/utilities/debug_console_lite/fsl_debug_console.c.obj
                0x000031a0                DbgConsole_Init
 .text.DbgConsole_Printf
                0x000031e8      0x27c CMakeFiles/pxp_blend_cm7.elf.dir/10b8ce2f6874732e46283430d9d82733/MIMXRT1176/utilities/debug_console_lite/fsl_debug_console.c.obj
                0x000031e8                DbgConsole_Printf
 .text.HAL_UartInit
                0x00003464       0x74 CMakeFiles/pxp_blend_cm7.elf.dir/C_/Anitha/Projects/iMXRT/Nxp-Evk/SDK_2.9.1_MIMXRT1170-EVK/components/uart/fsl_adapter_lpuart.c.obj
                0x00003464                HAL_UartInit
 .text.HAL_UartReceiveBlocking
                0x000034d8       0x20 CMakeFiles/pxp_blend_cm7.elf.dir/C_/Anitha/Projects/iMXRT/Nxp-Evk/SDK_2.9.1_MIMXRT1170-EVK/components/uart/fsl_adapter_lpuart.c.obj
                0x000034d8                HAL_UartReceiveBlocking
 .text.HAL_UartSendBlocking
                0x000034f8       0x18 CMakeFiles/pxp_blend_cm7.elf.dir/C_/Anitha/Projects/iMXRT/Nxp-Evk/SDK_2.9.1_MIMXRT1170-EVK/components/uart/fsl_adapter_lpuart.c.obj
                0x000034f8                HAL_UartSendBlocking
 .text.LPUART_GetInstance
                0x00003510       0x1c CMakeFiles/pxp_blend_cm7.elf.dir/C_/Anitha/Projects/iMXRT/Nxp-Evk/SDK_2.9.1_MIMXRT1170-EVK/devices/MIMXRT1176/drivers/fsl_lpuart.c.obj
                0x00003510                LPUART_GetInstance
 .text.LPUART_Init
                0x0000352c      0x1b0 CMakeFiles/pxp_blend_cm7.elf.dir/C_/Anitha/Projects/iMXRT/Nxp-Evk/SDK_2.9.1_MIMXRT1170-EVK/devices/MIMXRT1176/drivers/fsl_lpuart.c.obj
                0x0000352c                LPUART_Init
 .text.LPUART_GetDefaultConfig
                0x000036dc       0x1e CMakeFiles/pxp_blend_cm7.elf.dir/C_/Anitha/Projects/iMXRT/Nxp-Evk/SDK_2.9.1_MIMXRT1170-EVK/devices/MIMXRT1176/drivers/fsl_lpuart.c.obj
                0x000036dc                LPUART_GetDefaultConfig
 .text.LPUART_GetStatusFlags
                0x000036fa       0x10 CMakeFiles/pxp_blend_cm7.elf.dir/C_/Anitha/Projects/iMXRT/Nxp-Evk/SDK_2.9.1_MIMXRT1170-EVK/devices/MIMXRT1176/drivers/fsl_lpuart.c.obj
                0x000036fa                LPUART_GetStatusFlags
 *fill*         0x0000370a        0x2 
 .text.LPUART_ClearStatusFlags
                0x0000370c       0x48 CMakeFiles/pxp_blend_cm7.elf.dir/C_/Anitha/Projects/iMXRT/Nxp-Evk/SDK_2.9.1_MIMXRT1170-EVK/devices/MIMXRT1176/drivers/fsl_lpuart.c.obj
                0x0000370c                LPUART_ClearStatusFlags
 .text.LPUART_WriteBlocking
                0x00003754       0x1e CMakeFiles/pxp_blend_cm7.elf.dir/C_/Anitha/Projects/iMXRT/Nxp-Evk/SDK_2.9.1_MIMXRT1170-EVK/devices/MIMXRT1176/drivers/fsl_lpuart.c.obj
                0x00003754                LPUART_WriteBlocking
 .text.LPUART_ReadBlocking
                0x00003772       0xc4 CMakeFiles/pxp_blend_cm7.elf.dir/C_/Anitha/Projects/iMXRT/Nxp-Evk/SDK_2.9.1_MIMXRT1170-EVK/devices/MIMXRT1176/drivers/fsl_lpuart.c.obj
                0x00003772                LPUART_ReadBlocking
 *fill*         0x00003836        0x2 
 .text.LPUART1_DriverIRQHandler
                0x00003838       0x20 CMakeFiles/pxp_blend_cm7.elf.dir/C_/Anitha/Projects/iMXRT/Nxp-Evk/SDK_2.9.1_MIMXRT1170-EVK/devices/MIMXRT1176/drivers/fsl_lpuart.c.obj
                0x00003838                LPUART1_DriverIRQHandler
 .text.LPUART2_DriverIRQHandler
                0x00003858       0x20 CMakeFiles/pxp_blend_cm7.elf.dir/C_/Anitha/Projects/iMXRT/Nxp-Evk/SDK_2.9.1_MIMXRT1170-EVK/devices/MIMXRT1176/drivers/fsl_lpuart.c.obj
                0x00003858                LPUART2_DriverIRQHandler
 .text.LPUART3_DriverIRQHandler
                0x00003878       0x20 CMakeFiles/pxp_blend_cm7.elf.dir/C_/Anitha/Projects/iMXRT/Nxp-Evk/SDK_2.9.1_MIMXRT1170-EVK/devices/MIMXRT1176/drivers/fsl_lpuart.c.obj
                0x00003878                LPUART3_DriverIRQHandler
 .text.LPUART4_DriverIRQHandler
                0x00003898       0x20 CMakeFiles/pxp_blend_cm7.elf.dir/C_/Anitha/Projects/iMXRT/Nxp-Evk/SDK_2.9.1_MIMXRT1170-EVK/devices/MIMXRT1176/drivers/fsl_lpuart.c.obj
                0x00003898                LPUART4_DriverIRQHandler
 .text.LPUART5_DriverIRQHandler
                0x000038b8       0x20 CMakeFiles/pxp_blend_cm7.elf.dir/C_/Anitha/Projects/iMXRT/Nxp-Evk/SDK_2.9.1_MIMXRT1170-EVK/devices/MIMXRT1176/drivers/fsl_lpuart.c.obj
                0x000038b8                LPUART5_DriverIRQHandler
 .text.LPUART6_DriverIRQHandler
                0x000038d8       0x20 CMakeFiles/pxp_blend_cm7.elf.dir/C_/Anitha/Projects/iMXRT/Nxp-Evk/SDK_2.9.1_MIMXRT1170-EVK/devices/MIMXRT1176/drivers/fsl_lpuart.c.obj
                0x000038d8                LPUART6_DriverIRQHandler
 .text.LPUART7_DriverIRQHandler
                0x000038f8       0x20 CMakeFiles/pxp_blend_cm7.elf.dir/C_/Anitha/Projects/iMXRT/Nxp-Evk/SDK_2.9.1_MIMXRT1170-EVK/devices/MIMXRT1176/drivers/fsl_lpuart.c.obj
                0x000038f8                LPUART7_DriverIRQHandler
 .text.LPUART8_DriverIRQHandler
                0x00003918       0x20 CMakeFiles/pxp_blend_cm7.elf.dir/C_/Anitha/Projects/iMXRT/Nxp-Evk/SDK_2.9.1_MIMXRT1170-EVK/devices/MIMXRT1176/drivers/fsl_lpuart.c.obj
                0x00003918                LPUART8_DriverIRQHandler
 .text.LPUART9_DriverIRQHandler
                0x00003938       0x20 CMakeFiles/pxp_blend_cm7.elf.dir/C_/Anitha/Projects/iMXRT/Nxp-Evk/SDK_2.9.1_MIMXRT1170-EVK/devices/MIMXRT1176/drivers/fsl_lpuart.c.obj
                0x00003938                LPUART9_DriverIRQHandler
 .text.LPUART10_DriverIRQHandler
                0x00003958       0x20 CMakeFiles/pxp_blend_cm7.elf.dir/C_/Anitha/Projects/iMXRT/Nxp-Evk/SDK_2.9.1_MIMXRT1170-EVK/devices/MIMXRT1176/drivers/fsl_lpuart.c.obj
                0x00003958                LPUART10_DriverIRQHandler
 .text.LPUART11_DriverIRQHandler
                0x00003978       0x20 CMakeFiles/pxp_blend_cm7.elf.dir/C_/Anitha/Projects/iMXRT/Nxp-Evk/SDK_2.9.1_MIMXRT1170-EVK/devices/MIMXRT1176/drivers/fsl_lpuart.c.obj
                0x00003978                LPUART11_DriverIRQHandler
 .text.GPIO_PinWrite
                0x00003998       0x14 CMakeFiles/pxp_blend_cm7.elf.dir/C_/Anitha/Projects/iMXRT/Nxp-Evk/SDK_2.9.1_MIMXRT1170-EVK/devices/MIMXRT1176/drivers/fsl_gpio.c.obj
                0x00003998                GPIO_PinWrite
 .text.GPIO_PinSetInterruptConfig
                0x000039ac       0x82 CMakeFiles/pxp_blend_cm7.elf.dir/C_/Anitha/Projects/iMXRT/Nxp-Evk/SDK_2.9.1_MIMXRT1170-EVK/devices/MIMXRT1176/drivers/fsl_gpio.c.obj
                0x000039ac                GPIO_PinSetInterruptConfig
 *fill*         0x00003a2e        0x2 
 .text.GPIO_PinInit
                0x00003a30       0x84 CMakeFiles/pxp_blend_cm7.elf.dir/C_/Anitha/Projects/iMXRT/Nxp-Evk/SDK_2.9.1_MIMXRT1170-EVK/devices/MIMXRT1176/drivers/fsl_gpio.c.obj
                0x00003a30                GPIO_PinInit
 .text.PXP_Init
                0x00003ab4       0x30 CMakeFiles/pxp_blend_cm7.elf.dir/C_/Anitha/Projects/iMXRT/Nxp-Evk/SDK_2.9.1_MIMXRT1170-EVK/devices/MIMXRT1176/drivers/fsl_pxp.c.obj
                0x00003ab4                PXP_Init
 .text.PXP_SetAlphaSurfaceBufferConfig
                0x00003ae4       0x22 CMakeFiles/pxp_blend_cm7.elf.dir/C_/Anitha/Projects/iMXRT/Nxp-Evk/SDK_2.9.1_MIMXRT1170-EVK/devices/MIMXRT1176/drivers/fsl_pxp.c.obj
                0x00003ae4                PXP_SetAlphaSurfaceBufferConfig
 *fill*         0x00003b06        0x2 
 .text.PXP_SetAlphaSurfaceBlendConfig
                0x00003b08       0x38 CMakeFiles/pxp_blend_cm7.elf.dir/C_/Anitha/Projects/iMXRT/Nxp-Evk/SDK_2.9.1_MIMXRT1170-EVK/devices/MIMXRT1176/drivers/fsl_pxp.c.obj
                0x00003b08                PXP_SetAlphaSurfaceBlendConfig
 .text.PXP_SetAlphaSurfacePosition
                0x00003b40       0x2c CMakeFiles/pxp_blend_cm7.elf.dir/C_/Anitha/Projects/iMXRT/Nxp-Evk/SDK_2.9.1_MIMXRT1170-EVK/devices/MIMXRT1176/drivers/fsl_pxp.c.obj
                0x00003b40                PXP_SetAlphaSurfacePosition
 .text.PXP_SetProcessSurfaceBufferConfig
                0x00003b6c       0x34 CMakeFiles/pxp_blend_cm7.elf.dir/C_/Anitha/Projects/iMXRT/Nxp-Evk/SDK_2.9.1_MIMXRT1170-EVK/devices/MIMXRT1176/drivers/fsl_pxp.c.obj
                0x00003b6c                PXP_SetProcessSurfaceBufferConfig
 .text.PXP_SetProcessSurfacePosition
                0x00003ba0       0x28 CMakeFiles/pxp_blend_cm7.elf.dir/C_/Anitha/Projects/iMXRT/Nxp-Evk/SDK_2.9.1_MIMXRT1170-EVK/devices/MIMXRT1176/drivers/fsl_pxp.c.obj
                0x00003ba0                PXP_SetProcessSurfacePosition
 .text.PXP_SetOutputBufferConfig
                0x00003bc8       0x48 CMakeFiles/pxp_blend_cm7.elf.dir/C_/Anitha/Projects/iMXRT/Nxp-Evk/SDK_2.9.1_MIMXRT1170-EVK/devices/MIMXRT1176/drivers/fsl_pxp.c.obj
                0x00003bc8                PXP_SetOutputBufferConfig
 .text.SystemInitHook
                0x00003c10        0x2 CMakeFiles/pxp_blend_cm7.elf.dir/dfef8441e47d1fa9a11dc21b8ab1aa9b/devices/MIMXRT1176/system_MIMXRT1176_cm7.c.obj
                0x00003c10                SystemInitHook
 *fill*         0x00003c12        0x2 
 .text.SystemInit
                0x00003c14      0x16c CMakeFiles/pxp_blend_cm7.elf.dir/dfef8441e47d1fa9a11dc21b8ab1aa9b/devices/MIMXRT1176/system_MIMXRT1176_cm7.c.obj
                0x00003c14                SystemInit
 .text.PMU_StaticEnablePllLdo
                0x00003d80       0x38 CMakeFiles/pxp_blend_cm7.elf.dir/C_/Anitha/Projects/iMXRT/Nxp-Evk/SDK_2.9.1_MIMXRT1170-EVK/devices/MIMXRT1176/drivers/fsl_pmu.c.obj
                0x00003d80                PMU_StaticEnablePllLdo
 .text.PMU_StaticEnableLpsrAnaLdoBypassMode
                0x00003db8       0x8c CMakeFiles/pxp_blend_cm7.elf.dir/C_/Anitha/Projects/iMXRT/Nxp-Evk/SDK_2.9.1_MIMXRT1170-EVK/devices/MIMXRT1176/drivers/fsl_pmu.c.obj
                0x00003db8                PMU_StaticEnableLpsrAnaLdoBypassMode
 .text.PMU_StaticEnableLpsrDigLdoBypassMode
                0x00003e44       0x78 CMakeFiles/pxp_blend_cm7.elf.dir/C_/Anitha/Projects/iMXRT/Nxp-Evk/SDK_2.9.1_MIMXRT1170-EVK/devices/MIMXRT1176/drivers/fsl_pmu.c.obj
                0x00003e44                PMU_StaticEnableLpsrDigLdoBypassMode
 .text.PMU_EnableBodyBias
                0x00003ebc       0xa4 CMakeFiles/pxp_blend_cm7.elf.dir/C_/Anitha/Projects/iMXRT/Nxp-Evk/SDK_2.9.1_MIMXRT1170-EVK/devices/MIMXRT1176/drivers/fsl_pmu.c.obj
                0x00003ebc                PMU_EnableBodyBias
 .text.exit     0x00003f60       0x28 c:/progra~2/gnutoo~1/82019-~1/bin/../lib/gcc/arm-none-eabi/8.3.1/../../../../arm-none-eabi/lib/thumb/v7e-m+dp/hard\libc_nano.a(lib_a-exit.o)
                0x00003f60                exit
 .text.__libc_init_array
                0x00003f88       0x48 c:/progra~2/gnutoo~1/82019-~1/bin/../lib/gcc/arm-none-eabi/8.3.1/../../../../arm-none-eabi/lib/thumb/v7e-m+dp/hard\libc_nano.a(lib_a-init.o)
                0x00003f88                __libc_init_array
 .text.memset   0x00003fd0       0x10 c:/progra~2/gnutoo~1/82019-~1/bin/../lib/gcc/arm-none-eabi/8.3.1/../../../../arm-none-eabi/lib/thumb/v7e-m+dp/hard\libc_nano.a(lib_a-memset.o)
                0x00003fd0                memset
 .text._exit    0x00003fe0        0x4 c:/progra~2/gnutoo~1/82019-~1/bin/../lib/gcc/arm-none-eabi/8.3.1/../../../../arm-none-eabi/lib/thumb/v7e-m+dp/hard\libnosys.a(_exit.o)
                0x00003fe0                _exit
 *(.rodata)
 .rodata        0x00003fe4       0x24 CMakeFiles/pxp_blend_cm7.elf.dir/dfef8441e47d1fa9a11dc21b8ab1aa9b/boards/evkmimxrt1170/driver_examples/pxp/blend/cm7/pxp_blend.c.obj
 .rodata        0x00004008       0x25 CMakeFiles/pxp_blend_cm7.elf.dir/579cf93999af14faafa3ba8831541c72/evkmimxrt1170/driver_examples/pxp/blend/cm7/display_support.c.obj
 *(.rodata*)
 .rodata.main.str1.1
                0x0000402d       0x3f CMakeFiles/pxp_blend_cm7.elf.dir/dfef8441e47d1fa9a11dc21b8ab1aa9b/boards/evkmimxrt1170/driver_examples/pxp/blend/cm7/pxp_blend.c.obj
 .rodata.BOARD_PrepareDisplayController.str1.1
                0x0000406c       0x27 CMakeFiles/pxp_blend_cm7.elf.dir/579cf93999af14faafa3ba8831541c72/evkmimxrt1170/driver_examples/pxp/blend/cm7/display_support.c.obj
 *fill*         0x00004093        0x1 
 .rodata.g_dc   0x00004094        0xc CMakeFiles/pxp_blend_cm7.elf.dir/579cf93999af14faafa3ba8831541c72/evkmimxrt1170/driver_examples/pxp/blend/cm7/display_support.c.obj
                0x00004094                g_dc
 .rodata.rm68200Resource
                0x000040a0        0xc CMakeFiles/pxp_blend_cm7.elf.dir/579cf93999af14faafa3ba8831541c72/evkmimxrt1170/driver_examples/pxp/blend/cm7/display_support.c.obj
 .rodata.s_dcFbLcdifv2Config
                0x000040ac       0x1c CMakeFiles/pxp_blend_cm7.elf.dir/579cf93999af14faafa3ba8831541c72/evkmimxrt1170/driver_examples/pxp/blend/cm7/display_support.c.obj
 .rodata.source
                0x000040c8      0x278 CMakeFiles/pxp_blend_cm7.elf.dir/579cf93999af14faafa3ba8831541c72/evkmimxrt1170/driver_examples/pxp/blend/cm7/display_support.c.obj
 .rodata.source
                0x00004340      0x278 CMakeFiles/pxp_blend_cm7.elf.dir/dfef8441e47d1fa9a11dc21b8ab1aa9b/boards/evkmimxrt1170/driver_examples/pxp/blend/cm7/board.c.obj
 .rodata.armPllConfig_BOARD_BootClockRUN
                0x000045b8        0x8 CMakeFiles/pxp_blend_cm7.elf.dir/579cf93999af14faafa3ba8831541c72/evkmimxrt1170/driver_examples/pxp/blend/cm7/clock_config.c.obj
                0x000045b8                armPllConfig_BOARD_BootClockRUN
 .rodata.source
                0x000045c0      0x278 CMakeFiles/pxp_blend_cm7.elf.dir/579cf93999af14faafa3ba8831541c72/evkmimxrt1170/driver_examples/pxp/blend/cm7/clock_config.c.obj
 .rodata.sysPll2Config_BOARD_BootClockRUN
                0x00004838        0xc CMakeFiles/pxp_blend_cm7.elf.dir/579cf93999af14faafa3ba8831541c72/evkmimxrt1170/driver_examples/pxp/blend/cm7/clock_config.c.obj
                0x00004838                sysPll2Config_BOARD_BootClockRUN
 .rodata.videoPllConfig_BOARD_BootClockRUN
                0x00004844       0x14 CMakeFiles/pxp_blend_cm7.elf.dir/579cf93999af14faafa3ba8831541c72/evkmimxrt1170/driver_examples/pxp/blend/cm7/clock_config.c.obj
                0x00004844                videoPllConfig_BOARD_BootClockRUN
 .rodata.source
                0x00004858      0x278 CMakeFiles/pxp_blend_cm7.elf.dir/C_/Anitha/Projects/iMXRT/Nxp-Evk/SDK_2.9.1_MIMXRT1170-EVK/devices/MIMXRT1176/drivers/fsl_clock.c.obj
 .rodata.lcmInitSetting
                0x00004ad0      0x216 CMakeFiles/pxp_blend_cm7.elf.dir/dfef8441e47d1fa9a11dc21b8ab1aa9b/components/video/display/rm68200/fsl_rm68200.c.obj
 *fill*         0x00004ce6        0x2 
 .rodata.rm68200_ops
                0x00004ce8       0x10 CMakeFiles/pxp_blend_cm7.elf.dir/dfef8441e47d1fa9a11dc21b8ab1aa9b/components/video/display/rm68200/fsl_rm68200.c.obj
                0x00004ce8                rm68200_ops
 .rodata.g_dcFbOpsLcdifv2
                0x00004cf8       0x24 CMakeFiles/pxp_blend_cm7.elf.dir/dfef8441e47d1fa9a11dc21b8ab1aa9b/components/video/display/dc/lcdifv2/fsl_dc_fb_lcdifv2.c.obj
                0x00004cf8                g_dcFbOpsLcdifv2
 .rodata.s_lcdifv2PixelFormatMap
                0x00004d1c       0x18 CMakeFiles/pxp_blend_cm7.elf.dir/dfef8441e47d1fa9a11dc21b8ab1aa9b/components/video/display/dc/lcdifv2/fsl_dc_fb_lcdifv2.c.obj
 .rodata.s_LpuartAdapterBase
                0x00004d34       0x34 CMakeFiles/pxp_blend_cm7.elf.dir/C_/Anitha/Projects/iMXRT/Nxp-Evk/SDK_2.9.1_MIMXRT1170-EVK/components/uart/fsl_adapter_lpuart.c.obj
 .rodata.s_lpuartBases
                0x00004d68       0x34 CMakeFiles/pxp_blend_cm7.elf.dir/C_/Anitha/Projects/iMXRT/Nxp-Evk/SDK_2.9.1_MIMXRT1170-EVK/devices/MIMXRT1176/drivers/fsl_lpuart.c.obj
 .rodata.s_lpuartClock
                0x00004d9c        0xd CMakeFiles/pxp_blend_cm7.elf.dir/C_/Anitha/Projects/iMXRT/Nxp-Evk/SDK_2.9.1_MIMXRT1170-EVK/devices/MIMXRT1176/drivers/fsl_lpuart.c.obj
 *fill*         0x00004da9        0x3 
 .rodata.s_gpioBases
                0x00004dac       0x40 CMakeFiles/pxp_blend_cm7.elf.dir/C_/Anitha/Projects/iMXRT/Nxp-Evk/SDK_2.9.1_MIMXRT1170-EVK/devices/MIMXRT1176/drivers/fsl_gpio.c.obj
 .rodata.s_gpioClock
                0x00004dec        0xe CMakeFiles/pxp_blend_cm7.elf.dir/C_/Anitha/Projects/iMXRT/Nxp-Evk/SDK_2.9.1_MIMXRT1170-EVK/devices/MIMXRT1176/drivers/fsl_gpio.c.obj
 *fill*         0x00004dfa        0x2 
 .rodata._global_impure_ptr
                0x00004dfc        0x4 c:/progra~2/gnutoo~1/82019-~1/bin/../lib/gcc/arm-none-eabi/8.3.1/../../../../arm-none-eabi/lib/thumb/v7e-m+dp/hard\libc_nano.a(lib_a-impure.o)
                0x00004dfc                _global_impure_ptr
 *(.glue_7)
 .glue_7        0x00004e00        0x0 linker stubs
 *(.glue_7t)
 .glue_7t       0x00004e00        0x0 linker stubs
 *(.eh_frame)
 .eh_frame      0x00004e00        0x0 c:/progra~2/gnutoo~1/82019-~1/bin/../lib/gcc/arm-none-eabi/8.3.1/thumb/v7e-m+dp/hard/crtbegin.o
 *(.init)
 .init          0x00004e00        0x4 c:/progra~2/gnutoo~1/82019-~1/bin/../lib/gcc/arm-none-eabi/8.3.1/thumb/v7e-m+dp/hard/crti.o
                0x00004e00                _init
 .init          0x00004e04        0x8 c:/progra~2/gnutoo~1/82019-~1/bin/../lib/gcc/arm-none-eabi/8.3.1/thumb/v7e-m+dp/hard/crtn.o
 *(.fini)
 .fini          0x00004e0c        0x4 c:/progra~2/gnutoo~1/82019-~1/bin/../lib/gcc/arm-none-eabi/8.3.1/thumb/v7e-m+dp/hard/crti.o
                0x00004e0c                _fini
 .fini          0x00004e10        0x8 c:/progra~2/gnutoo~1/82019-~1/bin/../lib/gcc/arm-none-eabi/8.3.1/thumb/v7e-m+dp/hard/crtn.o
                0x00004e18                . = ALIGN (0x4)

.vfp11_veneer   0x00004e18        0x0
 .vfp11_veneer  0x00004e18        0x0 linker stubs

.v4_bx          0x00004e18        0x0
 .v4_bx         0x00004e18        0x0 linker stubs

.iplt           0x00004e18        0x0
 .iplt          0x00004e18        0x0 c:/progra~2/gnutoo~1/82019-~1/bin/../lib/gcc/arm-none-eabi/8.3.1/thumb/v7e-m+dp/hard/crtbegin.o

.ARM.extab
 *(.ARM.extab* .gnu.linkonce.armextab.*)

.ARM            0x00004e18        0x8
                0x00004e18                __exidx_start = .
 *(.ARM.exidx*)
 .ARM.exidx     0x00004e18        0x8 c:/progra~2/gnutoo~1/82019-~1/bin/../lib/gcc/arm-none-eabi/8.3.1/../../../../arm-none-eabi/lib/thumb/v7e-m+dp/hard/crt0.o
 .ARM.exidx     0x00004e20        0x0 c:/progra~2/gnutoo~1/82019-~1/bin/../lib/gcc/arm-none-eabi/8.3.1/thumb/v7e-m+dp/hard\libgcc.a(_udivmoddi4.o)
                                  0x8 (size before relaxing)
                0x00004e20                __exidx_end = .

.rel.dyn        0x00004e20        0x0
 .rel.iplt      0x00004e20        0x0 c:/progra~2/gnutoo~1/82019-~1/bin/../lib/gcc/arm-none-eabi/8.3.1/thumb/v7e-m+dp/hard/crtbegin.o

.ctors          0x00004e20        0x0
                0x00004e20                __CTOR_LIST__ = .
 *crtbegin.o(.ctors)
 *crtbegin?.o(.ctors)
 *(EXCLUDE_FILE(*crtend.o *crtend?.o) .ctors)
 *(SORT_BY_NAME(.ctors.*))
 *(.ctors)
                0x00004e20                __CTOR_END__ = .

.dtors          0x00004e20        0x0
                0x00004e20                __DTOR_LIST__ = .
 *crtbegin.o(.dtors)
 *crtbegin?.o(.dtors)
 *(EXCLUDE_FILE(*crtend.o *crtend?.o) .dtors)
 *(SORT_BY_NAME(.dtors.*))
 *(.dtors)
                0x00004e20                __DTOR_END__ = .

.preinit_array  0x00004e20        0x0
                0x00004e20                PROVIDE (__preinit_array_start = .)
 *(.preinit_array*)
                0x00004e20                PROVIDE (__preinit_array_end = .)

.init_array     0x00004e20        0x4
                0x00004e20                PROVIDE (__init_array_start = .)
 *(SORT_BY_NAME(.init_array.*))
 *(.init_array*)
 .init_array    0x00004e20        0x4 c:/progra~2/gnutoo~1/82019-~1/bin/../lib/gcc/arm-none-eabi/8.3.1/thumb/v7e-m+dp/hard/crtbegin.o
                0x00004e24                PROVIDE (__init_array_end = .)

.fini_array     0x00004e24        0x4
                [!provide]                PROVIDE (__fini_array_start = .)
 *(SORT_BY_NAME(.fini_array.*))
 *(.fini_array*)
 .fini_array    0x00004e24        0x4 c:/progra~2/gnutoo~1/82019-~1/bin/../lib/gcc/arm-none-eabi/8.3.1/thumb/v7e-m+dp/hard/crtbegin.o
                [!provide]                PROVIDE (__fini_array_end = .)
                0x00004e28                __etext = .
                0x00004e28                __DATA_ROM = .
                0x00000000                __VECTOR_RAM = ORIGIN (m_interrupts)
                0x00000000                __RAM_VECTOR_TABLE_SIZE_BYTES = 0x0

.data           0x80000000       0x98 load address 0x00004e28
                0x80000000                . = ALIGN (0x4)
                0x80000000                __DATA_RAM = .
                0x80000000                __data_start__ = .
 *(m_usb_dma_init_data)
 *(.data)
 *(.data*)
 .data.dsiDevice
                0x80000000       0x14 CMakeFiles/pxp_blend_cm7.elf.dir/579cf93999af14faafa3ba8831541c72/evkmimxrt1170/driver_examples/pxp/blend/cm7/display_support.c.obj
 .data.g_mipiDsi
                0x80000014       0x10 CMakeFiles/pxp_blend_cm7.elf.dir/579cf93999af14faafa3ba8831541c72/evkmimxrt1170/driver_examples/pxp/blend/cm7/display_support.c.obj
                0x80000014                g_mipiDsi
 .data.rm68200Handle
                0x80000024       0x10 CMakeFiles/pxp_blend_cm7.elf.dir/579cf93999af14faafa3ba8831541c72/evkmimxrt1170/driver_examples/pxp/blend/cm7/display_support.c.obj
 .data.SystemCoreClock
                0x80000034        0x4 CMakeFiles/pxp_blend_cm7.elf.dir/dfef8441e47d1fa9a11dc21b8ab1aa9b/devices/MIMXRT1176/system_MIMXRT1176_cm7.c.obj
                0x80000034                SystemCoreClock
 .data.impure_data
                0x80000038       0x60 c:/progra~2/gnutoo~1/82019-~1/bin/../lib/gcc/arm-none-eabi/8.3.1/../../../../arm-none-eabi/lib/thumb/v7e-m+dp/hard\libc_nano.a(lib_a-impure.o)
 *(.jcr*)
                0x80000098                . = ALIGN (0x4)
                0x80000098                __data_end__ = .
                0x00004ec0                __NDATA_ROM = (__DATA_ROM + (__data_end__ - __data_start__))

.igot.plt       0x80000098        0x0 load address 0x00004ec0
 .igot.plt      0x80000098        0x0 c:/progra~2/gnutoo~1/82019-~1/bin/../lib/gcc/arm-none-eabi/8.3.1/thumb/v7e-m+dp/hard/crtbegin.o

.ncache.init    0x83000000        0x0 load address 0x00004ec0
                0x83000000                __noncachedata_start__ = .
 *(NonCacheable.init)
                0x83000000                . = ALIGN (0x4)
                0x83000000                __noncachedata_init_end__ = .
                0x83000000                . = __noncachedata_init_end__

.ncache         0x83000000   0x465000
 *(NonCacheable)
 NonCacheable   0x83000000   0x465000 CMakeFiles/pxp_blend_cm7.elf.dir/dfef8441e47d1fa9a11dc21b8ab1aa9b/boards/evkmimxrt1170/driver_examples/pxp/blend/cm7/pxp_blend.c.obj
                0x83465000                . = ALIGN (0x4)
                0x83465000                __noncachedata_end__ = .
                0x00004ec0                __DATA_END = (__NDATA_ROM + (__noncachedata_init_end__ - __noncachedata_start__))
                0x00040000                text_end = (ORIGIN (m_text) + LENGTH (m_text))
                0x00000001                ASSERT ((__DATA_END <= text_end), region m_text overflowed with text and data)

.bss            0x80000098      0x148 load address 0x00004ec0
                0x80000098                . = ALIGN (0x4)
                0x80000098                __START_BSS = .
                0x80000098                __bss_start__ = .
 *(m_usb_dma_noninit_data)
 *(.bss)
 .bss           0x80000098       0x1c c:/progra~2/gnutoo~1/82019-~1/bin/../lib/gcc/arm-none-eabi/8.3.1/thumb/v7e-m+dp/hard/crtbegin.o
 *(.bss*)
 .bss.fbInfo    0x800000b4       0x10 CMakeFiles/pxp_blend_cm7.elf.dir/dfef8441e47d1fa9a11dc21b8ab1aa9b/boards/evkmimxrt1170/driver_examples/pxp/blend/cm7/pxp_blend.c.obj
 .bss.outputBufferConfig
                0x800000c4       0x14 CMakeFiles/pxp_blend_cm7.elf.dir/dfef8441e47d1fa9a11dc21b8ab1aa9b/boards/evkmimxrt1170/driver_examples/pxp/blend/cm7/pxp_blend.c.obj
 .bss.s_newFrameShown
                0x800000d8        0x1 CMakeFiles/pxp_blend_cm7.elf.dir/dfef8441e47d1fa9a11dc21b8ab1aa9b/boards/evkmimxrt1170/driver_examples/pxp/blend/cm7/pxp_blend.c.obj
 *fill*         0x800000d9        0x3 
 .bss.mipiDsiDphyRefClkFreq_Hz
                0x800000dc        0x4 CMakeFiles/pxp_blend_cm7.elf.dir/579cf93999af14faafa3ba8831541c72/evkmimxrt1170/driver_examples/pxp/blend/cm7/display_support.c.obj
 .bss.mipiDsiDpiClkFreq_Hz
                0x800000e0        0x4 CMakeFiles/pxp_blend_cm7.elf.dir/579cf93999af14faafa3ba8831541c72/evkmimxrt1170/driver_examples/pxp/blend/cm7/display_support.c.obj
 .bss.mipiDsiTxEscClkFreq_Hz
                0x800000e4        0x4 CMakeFiles/pxp_blend_cm7.elf.dir/579cf93999af14faafa3ba8831541c72/evkmimxrt1170/driver_examples/pxp/blend/cm7/display_support.c.obj
 .bss.s_dcFbLcdifv2Handle
                0x800000e8       0xac CMakeFiles/pxp_blend_cm7.elf.dir/579cf93999af14faafa3ba8831541c72/evkmimxrt1170/driver_examples/pxp/blend/cm7/display_support.c.obj
 .bss.s_debugConsole
                0x80000194       0x14 CMakeFiles/pxp_blend_cm7.elf.dir/10b8ce2f6874732e46283430d9d82733/MIMXRT1176/utilities/debug_console_lite/fsl_debug_console.c.obj
 .bss.s_lpuartHandle
                0x800001a8       0x34 CMakeFiles/pxp_blend_cm7.elf.dir/C_/Anitha/Projects/iMXRT/Nxp-Evk/SDK_2.9.1_MIMXRT1170-EVK/devices/MIMXRT1176/drivers/fsl_lpuart.c.obj
 .bss.s_lpuartIsr
                0x800001dc        0x4 CMakeFiles/pxp_blend_cm7.elf.dir/C_/Anitha/Projects/iMXRT/Nxp-Evk/SDK_2.9.1_MIMXRT1170-EVK/devices/MIMXRT1176/drivers/fsl_lpuart.c.obj
 *(COMMON)
                0x800001e0                . = ALIGN (0x4)
                0x800001e0                __bss_end__ = .
                0x800001e0                __END_BSS = .

.heap           0x82fffc00      0x400
                0x82fffc00                . = ALIGN (0x8)
                0x82fffc00                __end__ = .
                0x82fffc00                PROVIDE (end = .)
                0x82fffc00                __HeapBase = .
                0x83000000                . = (. + HEAP_SIZE)
 *fill*         0x82fffc00      0x400 
                0x83000000                __HeapLimit = .
                0x83000000                __heap_limit = .

.stack          0x800001e0      0x400 load address 0x00005008
                0x800001e0                . = ALIGN (0x8)
                0x800005e0                . = (. + STACK_SIZE)
 *fill*         0x800001e0      0x400 
                0x82fffc00                __StackTop = (ORIGIN (m_data) + LENGTH (m_data))
                0x82fff800                __StackLimit = (__StackTop - STACK_SIZE)
                0x82fffc00                PROVIDE (__stack = __StackTop)

.ARM.attributes
                0x00000000       0x2e
 *(.ARM.attributes)
 .ARM.attributes
                0x00000000       0x1e c:/progra~2/gnutoo~1/82019-~1/bin/../lib/gcc/arm-none-eabi/8.3.1/thumb/v7e-m+dp/hard/crti.o
 .ARM.attributes
                0x0000001e       0x32 c:/progra~2/gnutoo~1/82019-~1/bin/../lib/gcc/arm-none-eabi/8.3.1/thumb/v7e-m+dp/hard/crtbegin.o
 .ARM.attributes
                0x00000050       0x1c c:/progra~2/gnutoo~1/82019-~1/bin/../lib/gcc/arm-none-eabi/8.3.1/../../../../arm-none-eabi/lib/thumb/v7e-m+dp/hard/crt0.o
 .ARM.attributes
                0x0000006c       0x32 CMakeFiles/pxp_blend_cm7.elf.dir/dfef8441e47d1fa9a11dc21b8ab1aa9b/boards/evkmimxrt1170/driver_examples/pxp/blend/cm7/pxp_blend.c.obj
 .ARM.attributes
                0x0000009e       0x32 CMakeFiles/pxp_blend_cm7.elf.dir/dfef8441e47d1fa9a11dc21b8ab1aa9b/boards/evkmimxrt1170/driver_examples/pxp/blend/cm7/pin_mux.c.obj
 .ARM.attributes
                0x000000d0       0x32 CMakeFiles/pxp_blend_cm7.elf.dir/579cf93999af14faafa3ba8831541c72/evkmimxrt1170/driver_examples/pxp/blend/cm7/display_support.c.obj
 .ARM.attributes
                0x00000102       0x32 CMakeFiles/pxp_blend_cm7.elf.dir/dfef8441e47d1fa9a11dc21b8ab1aa9b/boards/evkmimxrt1170/driver_examples/pxp/blend/cm7/board.c.obj
 .ARM.attributes
                0x00000134       0x32 CMakeFiles/pxp_blend_cm7.elf.dir/579cf93999af14faafa3ba8831541c72/evkmimxrt1170/driver_examples/pxp/blend/cm7/clock_config.c.obj
 .ARM.attributes
                0x00000166       0x32 CMakeFiles/pxp_blend_cm7.elf.dir/C_/Anitha/Projects/iMXRT/Nxp-Evk/SDK_2.9.1_MIMXRT1170-EVK/components/video/fsl_video_common.c.obj
 .ARM.attributes
                0x00000198       0x32 CMakeFiles/pxp_blend_cm7.elf.dir/C_/Anitha/Projects/iMXRT/Nxp-Evk/SDK_2.9.1_MIMXRT1170-EVK/devices/MIMXRT1176/drivers/fsl_common.c.obj
 .ARM.attributes
                0x000001ca       0x32 CMakeFiles/pxp_blend_cm7.elf.dir/C_/Anitha/Projects/iMXRT/Nxp-Evk/SDK_2.9.1_MIMXRT1170-EVK/devices/MIMXRT1176/drivers/fsl_clock.c.obj
 .ARM.attributes
                0x000001fc       0x32 CMakeFiles/pxp_blend_cm7.elf.dir/dfef8441e47d1fa9a11dc21b8ab1aa9b/devices/MIMXRT1176/drivers/fsl_anatop_ai.c.obj
 .ARM.attributes
                0x0000022e       0x32 CMakeFiles/pxp_blend_cm7.elf.dir/dfef8441e47d1fa9a11dc21b8ab1aa9b/components/video/display/mipi_dsi_cmd/fsl_mipi_dsi_cmd.c.obj
 .ARM.attributes
                0x00000260       0x32 CMakeFiles/pxp_blend_cm7.elf.dir/dfef8441e47d1fa9a11dc21b8ab1aa9b/devices/MIMXRT1176/drivers/fsl_mipi_dsi.c.obj
 .ARM.attributes
                0x00000292       0x32 CMakeFiles/pxp_blend_cm7.elf.dir/dfef8441e47d1fa9a11dc21b8ab1aa9b/components/video/display/rm68200/fsl_rm68200.c.obj
 .ARM.attributes
                0x000002c4       0x32 CMakeFiles/pxp_blend_cm7.elf.dir/dfef8441e47d1fa9a11dc21b8ab1aa9b/components/video/display/dc/lcdifv2/fsl_dc_fb_lcdifv2.c.obj
 .ARM.attributes
                0x000002f6       0x32 CMakeFiles/pxp_blend_cm7.elf.dir/dfef8441e47d1fa9a11dc21b8ab1aa9b/devices/MIMXRT1176/drivers/fsl_lcdifv2.c.obj
 .ARM.attributes
                0x00000328       0x32 CMakeFiles/pxp_blend_cm7.elf.dir/dfef8441e47d1fa9a11dc21b8ab1aa9b/devices/MIMXRT1176/drivers/fsl_soc_src.c.obj
 .ARM.attributes
                0x0000035a       0x32 CMakeFiles/pxp_blend_cm7.elf.dir/10b8ce2f6874732e46283430d9d82733/MIMXRT1176/utilities/debug_console_lite/fsl_debug_console.c.obj
 .ARM.attributes
                0x0000038c       0x32 CMakeFiles/pxp_blend_cm7.elf.dir/C_/Anitha/Projects/iMXRT/Nxp-Evk/SDK_2.9.1_MIMXRT1170-EVK/components/uart/fsl_adapter_lpuart.c.obj
 .ARM.attributes
                0x000003be       0x32 CMakeFiles/pxp_blend_cm7.elf.dir/C_/Anitha/Projects/iMXRT/Nxp-Evk/SDK_2.9.1_MIMXRT1170-EVK/devices/MIMXRT1176/drivers/fsl_lpuart.c.obj
 .ARM.attributes
                0x000003f0       0x32 CMakeFiles/pxp_blend_cm7.elf.dir/C_/Anitha/Projects/iMXRT/Nxp-Evk/SDK_2.9.1_MIMXRT1170-EVK/devices/MIMXRT1176/drivers/fsl_gpio.c.obj
 .ARM.attributes
                0x00000422       0x32 CMakeFiles/pxp_blend_cm7.elf.dir/C_/Anitha/Projects/iMXRT/Nxp-Evk/SDK_2.9.1_MIMXRT1170-EVK/devices/MIMXRT1176/drivers/fsl_pxp.c.obj
 .ARM.attributes
                0x00000454       0x1d CMakeFiles/pxp_blend_cm7.elf.dir/dfef8441e47d1fa9a11dc21b8ab1aa9b/devices/MIMXRT1176/gcc/startup_MIMXRT1176_cm7.S.obj
 .ARM.attributes
                0x00000471       0x32 CMakeFiles/pxp_blend_cm7.elf.dir/dfef8441e47d1fa9a11dc21b8ab1aa9b/devices/MIMXRT1176/system_MIMXRT1176_cm7.c.obj
 .ARM.attributes
                0x000004a3       0x32 CMakeFiles/pxp_blend_cm7.elf.dir/C_/Anitha/Projects/iMXRT/Nxp-Evk/SDK_2.9.1_MIMXRT1170-EVK/devices/MIMXRT1176/drivers/fsl_pmu.c.obj
 .ARM.attributes
                0x000004d5       0x32 c:/progra~2/gnutoo~1/82019-~1/bin/../lib/gcc/arm-none-eabi/8.3.1/../../../../arm-none-eabi/lib/thumb/v7e-m+dp/hard\libc_nano.a(lib_a-exit.o)
 .ARM.attributes
                0x00000507       0x30 c:/progra~2/gnutoo~1/82019-~1/bin/../lib/gcc/arm-none-eabi/8.3.1/../../../../arm-none-eabi/lib/thumb/v7e-m+dp/hard\libc_nano.a(lib_a-impure.o)
 .ARM.attributes
                0x00000537       0x32 c:/progra~2/gnutoo~1/82019-~1/bin/../lib/gcc/arm-none-eabi/8.3.1/../../../../arm-none-eabi/lib/thumb/v7e-m+dp/hard\libc_nano.a(lib_a-init.o)
 .ARM.attributes
                0x00000569       0x32 c:/progra~2/gnutoo~1/82019-~1/bin/../lib/gcc/arm-none-eabi/8.3.1/../../../../arm-none-eabi/lib/thumb/v7e-m+dp/hard\libc_nano.a(lib_a-memset.o)
 .ARM.attributes
                0x0000059b       0x17 c:/progra~2/gnutoo~1/82019-~1/bin/../lib/gcc/arm-none-eabi/8.3.1/../../../../arm-none-eabi/lib/thumb/v7e-m+dp/hard\libc_nano.a(lib_a-strlen.o)
 .ARM.attributes
                0x000005b2       0x1e c:/progra~2/gnutoo~1/82019-~1/bin/../lib/gcc/arm-none-eabi/8.3.1/thumb/v7e-m+dp/hard\libgcc.a(_aeabi_uldivmod.o)
 .ARM.attributes
                0x000005d0       0x32 c:/progra~2/gnutoo~1/82019-~1/bin/../lib/gcc/arm-none-eabi/8.3.1/thumb/v7e-m+dp/hard\libgcc.a(_udivmoddi4.o)
 .ARM.attributes
                0x00000602       0x1e c:/progra~2/gnutoo~1/82019-~1/bin/../lib/gcc/arm-none-eabi/8.3.1/thumb/v7e-m+dp/hard\libgcc.a(_dvmd_tls.o)
 .ARM.attributes
                0x00000620       0x32 c:/progra~2/gnutoo~1/82019-~1/bin/../lib/gcc/arm-none-eabi/8.3.1/../../../../arm-none-eabi/lib/thumb/v7e-m+dp/hard\libnosys.a(_exit.o)
 .ARM.attributes
                0x00000652       0x1e c:/progra~2/gnutoo~1/82019-~1/bin/../lib/gcc/arm-none-eabi/8.3.1/thumb/v7e-m+dp/hard/crtn.o
OUTPUT(sdram_release\pxp_blend_cm7.elf elf32-littlearm)

.comment        0x00000000       0x76
 .comment       0x00000000       0x76 CMakeFiles/pxp_blend_cm7.elf.dir/dfef8441e47d1fa9a11dc21b8ab1aa9b/boards/evkmimxrt1170/driver_examples/pxp/blend/cm7/pxp_blend.c.obj
                                 0x77 (size before relaxing)
 .comment       0x00000076       0x77 CMakeFiles/pxp_blend_cm7.elf.dir/dfef8441e47d1fa9a11dc21b8ab1aa9b/boards/evkmimxrt1170/driver_examples/pxp/blend/cm7/pin_mux.c.obj
 .comment       0x00000076       0x77 CMakeFiles/pxp_blend_cm7.elf.dir/579cf93999af14faafa3ba8831541c72/evkmimxrt1170/driver_examples/pxp/blend/cm7/display_support.c.obj
 .comment       0x00000076       0x77 CMakeFiles/pxp_blend_cm7.elf.dir/dfef8441e47d1fa9a11dc21b8ab1aa9b/boards/evkmimxrt1170/driver_examples/pxp/blend/cm7/board.c.obj
 .comment       0x00000076       0x77 CMakeFiles/pxp_blend_cm7.elf.dir/579cf93999af14faafa3ba8831541c72/evkmimxrt1170/driver_examples/pxp/blend/cm7/clock_config.c.obj
 .comment       0x00000076       0x77 CMakeFiles/pxp_blend_cm7.elf.dir/C_/Anitha/Projects/iMXRT/Nxp-Evk/SDK_2.9.1_MIMXRT1170-EVK/components/video/fsl_video_common.c.obj
 .comment       0x00000076       0x77 CMakeFiles/pxp_blend_cm7.elf.dir/C_/Anitha/Projects/iMXRT/Nxp-Evk/SDK_2.9.1_MIMXRT1170-EVK/devices/MIMXRT1176/drivers/fsl_common.c.obj
 .comment       0x00000076       0x77 CMakeFiles/pxp_blend_cm7.elf.dir/C_/Anitha/Projects/iMXRT/Nxp-Evk/SDK_2.9.1_MIMXRT1170-EVK/devices/MIMXRT1176/drivers/fsl_clock.c.obj
 .comment       0x00000076       0x77 CMakeFiles/pxp_blend_cm7.elf.dir/dfef8441e47d1fa9a11dc21b8ab1aa9b/devices/MIMXRT1176/drivers/fsl_anatop_ai.c.obj
 .comment       0x00000076       0x77 CMakeFiles/pxp_blend_cm7.elf.dir/dfef8441e47d1fa9a11dc21b8ab1aa9b/components/video/display/mipi_dsi_cmd/fsl_mipi_dsi_cmd.c.obj
 .comment       0x00000076       0x77 CMakeFiles/pxp_blend_cm7.elf.dir/dfef8441e47d1fa9a11dc21b8ab1aa9b/devices/MIMXRT1176/drivers/fsl_mipi_dsi.c.obj
 .comment       0x00000076       0x77 CMakeFiles/pxp_blend_cm7.elf.dir/dfef8441e47d1fa9a11dc21b8ab1aa9b/components/video/display/rm68200/fsl_rm68200.c.obj
 .comment       0x00000076       0x77 CMakeFiles/pxp_blend_cm7.elf.dir/dfef8441e47d1fa9a11dc21b8ab1aa9b/components/video/display/dc/lcdifv2/fsl_dc_fb_lcdifv2.c.obj
 .comment       0x00000076       0x77 CMakeFiles/pxp_blend_cm7.elf.dir/dfef8441e47d1fa9a11dc21b8ab1aa9b/devices/MIMXRT1176/drivers/fsl_lcdifv2.c.obj
 .comment       0x00000076       0x77 CMakeFiles/pxp_blend_cm7.elf.dir/dfef8441e47d1fa9a11dc21b8ab1aa9b/devices/MIMXRT1176/drivers/fsl_soc_src.c.obj
 .comment       0x00000076       0x77 CMakeFiles/pxp_blend_cm7.elf.dir/10b8ce2f6874732e46283430d9d82733/MIMXRT1176/utilities/debug_console_lite/fsl_debug_console.c.obj
 .comment       0x00000076       0x77 CMakeFiles/pxp_blend_cm7.elf.dir/C_/Anitha/Projects/iMXRT/Nxp-Evk/SDK_2.9.1_MIMXRT1170-EVK/components/uart/fsl_adapter_lpuart.c.obj
 .comment       0x00000076       0x77 CMakeFiles/pxp_blend_cm7.elf.dir/C_/Anitha/Projects/iMXRT/Nxp-Evk/SDK_2.9.1_MIMXRT1170-EVK/devices/MIMXRT1176/drivers/fsl_lpuart.c.obj
 .comment       0x00000076       0x77 CMakeFiles/pxp_blend_cm7.elf.dir/C_/Anitha/Projects/iMXRT/Nxp-Evk/SDK_2.9.1_MIMXRT1170-EVK/devices/MIMXRT1176/drivers/fsl_gpio.c.obj
 .comment       0x00000076       0x77 CMakeFiles/pxp_blend_cm7.elf.dir/C_/Anitha/Projects/iMXRT/Nxp-Evk/SDK_2.9.1_MIMXRT1170-EVK/devices/MIMXRT1176/drivers/fsl_pxp.c.obj
 .comment       0x00000076       0x77 CMakeFiles/pxp_blend_cm7.elf.dir/dfef8441e47d1fa9a11dc21b8ab1aa9b/devices/MIMXRT1176/system_MIMXRT1176_cm7.c.obj
 .comment       0x00000076       0x77 CMakeFiles/pxp_blend_cm7.elf.dir/C_/Anitha/Projects/iMXRT/Nxp-Evk/SDK_2.9.1_MIMXRT1170-EVK/devices/MIMXRT1176/drivers/fsl_pmu.c.obj

.debug_frame    0x00000000       0xf4
 .debug_frame   0x00000000       0x28 c:/progra~2/gnutoo~1/82019-~1/bin/../lib/gcc/arm-none-eabi/8.3.1/../../../../arm-none-eabi/lib/thumb/v7e-m+dp/hard\libc_nano.a(lib_a-exit.o)
 .debug_frame   0x00000028       0x2c c:/progra~2/gnutoo~1/82019-~1/bin/../lib/gcc/arm-none-eabi/8.3.1/../../../../arm-none-eabi/lib/thumb/v7e-m+dp/hard\libc_nano.a(lib_a-init.o)
 .debug_frame   0x00000054       0x20 c:/progra~2/gnutoo~1/82019-~1/bin/../lib/gcc/arm-none-eabi/8.3.1/../../../../arm-none-eabi/lib/thumb/v7e-m+dp/hard\libc_nano.a(lib_a-memset.o)
 .debug_frame   0x00000074       0x2c c:/progra~2/gnutoo~1/82019-~1/bin/../lib/gcc/arm-none-eabi/8.3.1/thumb/v7e-m+dp/hard\libgcc.a(_aeabi_uldivmod.o)
 .debug_frame   0x000000a0       0x34 c:/progra~2/gnutoo~1/82019-~1/bin/../lib/gcc/arm-none-eabi/8.3.1/thumb/v7e-m+dp/hard\libgcc.a(_udivmoddi4.o)
 .debug_frame   0x000000d4       0x20 c:/progra~2/gnutoo~1/82019-~1/bin/../lib/gcc/arm-none-eabi/8.3.1/../../../../arm-none-eabi/lib/thumb/v7e-m+dp/hard\libnosys.a(_exit.o)
