Archive member included to satisfy reference by file (symbol)

out/arm-plat-k3/ldelf-lib/libunw/libunw.a(unwind_arm32.o)
                              out/arm-plat-k3/ldelf/ta_elf.o (print_stack_arm32)
out/arm-plat-k3/ldelf-lib/libunw/libunw.a(unwind_arm64.o)
                              out/arm-plat-k3/ldelf/ta_elf.o (print_stack_arm64)
out/arm-plat-k3/ldelf-lib/libutee/libutee.a(assert.o)
                              out/arm-plat-k3/ldelf/main.o (_assert_log)
out/arm-plat-k3/ldelf-lib/libutee/libutee.a(tee_uuid_from_str.o)
                              out/arm-plat-k3/ldelf/ta_elf.o (tee_uuid_from_str)
out/arm-plat-k3/ldelf-lib/libutee/libutee.a(utee_syscalls_a64.o)
                              out/arm-plat-k3/ldelf-lib/libutee/libutee.a(assert.o) (_utee_panic)
out/arm-plat-k3/ldelf-lib/libutils/libutils.a(bget_malloc.o)
                              out/arm-plat-k3/ldelf/ta_elf.o (malloc)
out/arm-plat-k3/ldelf-lib/libutils/libutils.a(isxdigit.o)
                              out/arm-plat-k3/ldelf-lib/libutee/libutee.a(tee_uuid_from_str.o) (isxdigit)
out/arm-plat-k3/ldelf-lib/libutils/libutils.a(snprintf.o)
                              out/arm-plat-k3/ldelf/ta_elf.o (snprintf)
out/arm-plat-k3/ldelf-lib/libutils/libutils.a(tolower.o)
                              out/arm-plat-k3/ldelf-lib/libutee/libutee.a(tee_uuid_from_str.o) (tolower)
out/arm-plat-k3/ldelf-lib/libutils/libutils.a(memcmp.o)
                              out/arm-plat-k3/ldelf/dl.o (memcmp)
out/arm-plat-k3/ldelf-lib/libutils/libutils.a(memcpy.o)
                              out/arm-plat-k3/ldelf/main.o (memcpy)
out/arm-plat-k3/ldelf-lib/libutils/libutils.a(memset.o)
                              out/arm-plat-k3/ldelf/ta_elf.o (memset)
out/arm-plat-k3/ldelf-lib/libutils/libutils.a(strcmp.o)
                              out/arm-plat-k3/ldelf/ta_elf_rel.o (strcmp)
out/arm-plat-k3/ldelf-lib/libutils/libutils.a(strcpy.o)
                              out/arm-plat-k3/ldelf/ta_elf.o (strcpy)
out/arm-plat-k3/ldelf-lib/libutils/libutils.a(strnlen.o)
                              out/arm-plat-k3/ldelf-lib/libutee/libutee.a(tee_uuid_from_str.o) (strnlen)
out/arm-plat-k3/ldelf-lib/libutils/libutils.a(snprintk.o)
                              out/arm-plat-k3/ldelf-lib/libutils/libutils.a(snprintf.o) (__vsnprintf)
out/arm-plat-k3/ldelf-lib/libutils/libutils.a(trace.o)
                              out/arm-plat-k3/ldelf/main.o (trace_vprintf)
out/arm-plat-k3/ldelf-lib/libutils/libutils.a(memchr.o)
                              out/arm-plat-k3/ldelf-lib/libutils/libutils.a(snprintk.o) (memchr)
out/arm-plat-k3/ldelf-lib/libutils/libutils.a(strlen.o)
                              out/arm-plat-k3/ldelf-lib/libutils/libutils.a(snprintk.o) (strlen)
out/arm-plat-k3/ldelf-lib/libutee/libutee.a(trace_ext.o)
                              out/arm-plat-k3/ldelf-lib/libutils/libutils.a(trace.o) (trace_ext_puts)

Discarded input sections

 .text          0x0000000000000000        0x0 out/arm-plat-k3/ldelf/start_a64.o
 .data          0x0000000000000000        0x0 out/arm-plat-k3/ldelf/start_a64.o
 .bss           0x0000000000000000        0x0 out/arm-plat-k3/ldelf/start_a64.o
 .text          0x0000000000000000        0x0 out/arm-plat-k3/ldelf/syscalls_a64.o
 .data          0x0000000000000000        0x0 out/arm-plat-k3/ldelf/syscalls_a64.o
 .bss           0x0000000000000000        0x0 out/arm-plat-k3/ldelf/syscalls_a64.o
 .text          0x0000000000000000        0x0 out/arm-plat-k3/ldelf/tlsdesc_rel_a64.o
 .data          0x0000000000000000        0x0 out/arm-plat-k3/ldelf/tlsdesc_rel_a64.o
 .bss           0x0000000000000000        0x0 out/arm-plat-k3/ldelf/tlsdesc_rel_a64.o
 .group         0x0000000000000000        0xc out/arm-plat-k3/ldelf/dl.o
 .group         0x0000000000000000        0xc out/arm-plat-k3/ldelf/dl.o
 .group         0x0000000000000000        0xc out/arm-plat-k3/ldelf/dl.o
 .group         0x0000000000000000        0xc out/arm-plat-k3/ldelf/dl.o
 .group         0x0000000000000000        0xc out/arm-plat-k3/ldelf/dl.o
 .group         0x0000000000000000        0xc out/arm-plat-k3/ldelf/dl.o
 .group         0x0000000000000000        0xc out/arm-plat-k3/ldelf/dl.o
 .group         0x0000000000000000        0xc out/arm-plat-k3/ldelf/dl.o
 .group         0x0000000000000000        0xc out/arm-plat-k3/ldelf/dl.o
 .group         0x0000000000000000        0xc out/arm-plat-k3/ldelf/dl.o
 .group         0x0000000000000000        0xc out/arm-plat-k3/ldelf/dl.o
 .group         0x0000000000000000        0xc out/arm-plat-k3/ldelf/dl.o
 .group         0x0000000000000000        0xc out/arm-plat-k3/ldelf/dl.o
 .group         0x0000000000000000        0xc out/arm-plat-k3/ldelf/dl.o
 .group         0x0000000000000000        0xc out/arm-plat-k3/ldelf/dl.o
 .group         0x0000000000000000        0xc out/arm-plat-k3/ldelf/dl.o
 .group         0x0000000000000000        0xc out/arm-plat-k3/ldelf/dl.o
 .text          0x0000000000000000        0x0 out/arm-plat-k3/ldelf/dl.o
[...]
Memory Configuration

Name             Origin             Length             Attributes
*default*        0x0000000000000000 0xffffffffffffffff

Linker script and memory map


.text           0x0000000000000000     0x6898
                0x0000000000000000                __text_start = .
 *(SORT_BY_ALIGNMENT(.text._ldelf_start))
 .text._ldelf_start
                0x0000000000000000       0x64 out/arm-plat-k3/ldelf/start_a64.o
                0x0000000000000000                _ldelf_start
 *(SORT_BY_ALIGNMENT(.text) SORT_BY_ALIGNMENT(.text.*))
 *fill*         0x0000000000000064        0xc 
 .text.memcpy   0x0000000000000070       0xd8 out/arm-plat-k3/ldelf-lib/libutils/libutils.a(memcpy.o)
                0x0000000000000070                memcpy
 .text._ldelf_panic
                0x0000000000000148        0xc out/arm-plat-k3/ldelf/syscalls_a64.o
                0x0000000000000148                _ldelf_panic
 .text._ldelf_return
                0x0000000000000154        0xc out/arm-plat-k3/ldelf/syscalls_a64.o
                0x0000000000000154                _ldelf_return
 .text._ldelf_log
                0x0000000000000160        0xc out/arm-plat-k3/ldelf/syscalls_a64.o
                0x0000000000000160                _ldelf_log
 .text.__ldelf_panic
                0x000000000000016c        0xc out/arm-plat-k3/ldelf/syscalls_a64.o
                0x000000000000016c                __ldelf_panic
 .text._ldelf_map_zi
                0x0000000000000178        0xc out/arm-plat-k3/ldelf/syscalls_a64.o
                0x0000000000000178                _ldelf_map_zi
 .text._ldelf_unmap
                0x0000000000000184        0xc out/arm-plat-k3/ldelf/syscalls_a64.o
                0x0000000000000184                _ldelf_unmap
 .text._ldelf_open_bin
                0x0000000000000190        0xc out/arm-plat-k3/ldelf/syscalls_a64.o
                0x0000000000000190                _ldelf_open_bin
 .text._ldelf_close_bin
                0x000000000000019c        0xc out/arm-plat-k3/ldelf/syscalls_a64.o
                0x000000000000019c                _ldelf_close_bin
 .text._ldelf_map_bin
                0x00000000000001a8        0xc out/arm-plat-k3/ldelf/syscalls_a64.o
                0x00000000000001a8                _ldelf_map_bin
 .text._ldelf_cp_from_bin
                0x00000000000001b4        0xc out/arm-plat-k3/ldelf/syscalls_a64.o
                0x00000000000001b4                _ldelf_cp_from_bin
 .text._ldelf_set_prot
                0x00000000000001c0        0xc out/arm-plat-k3/ldelf/syscalls_a64.o
                0x00000000000001c0                _ldelf_set_prot
 .text._ldelf_remap
                0x00000000000001cc        0xc out/arm-plat-k3/ldelf/syscalls_a64.o
                0x00000000000001cc                _ldelf_remap
 .text._ldelf_gen_rnd_num
                0x00000000000001d8        0xc out/arm-plat-k3/ldelf/syscalls_a64.o
                0x00000000000001d8                _ldelf_gen_rnd_num
 .text.tlsdesc_resolve
                0x00000000000001e4        0x8 out/arm-plat-k3/ldelf/tlsdesc_rel_a64.o
                0x00000000000001e4                tlsdesc_resolve
 .text.dlopen_entry
                0x00000000000001ec       0x60 out/arm-plat-k3/ldelf/dl.o
                0x00000000000001ec                dlopen_entry
 .text.dlsym_entry
                0x000000000000024c       0x68 out/arm-plat-k3/ldelf/dl.o
                0x000000000000024c                dlsym_entry
 .text.dl_entry
                0x00000000000002b4       0x3c out/arm-plat-k3/ldelf/main.o
 .text.print_to_console
                0x00000000000002f0       0x4c out/arm-plat-k3/ldelf/main.o
 .text.dump_ta_state
                0x000000000000033c       0xf0 out/arm-plat-k3/ldelf/main.o
 .text.ldelf    0x000000000000042c      0x128 out/arm-plat-k3/ldelf/main.o
                0x000000000000042c                ldelf
 .text.__panic  0x0000000000000554       0x9c out/arm-plat-k3/ldelf/sys.o
                0x0000000000000554                __panic
 .text.sys_return_cleanup
                0x00000000000005f0       0x10 out/arm-plat-k3/ldelf/sys.o
                0x00000000000005f0                sys_return_cleanup
 .text.sys_map_zi
                0x0000000000000600       0x1c out/arm-plat-k3/ldelf/sys.o
                0x0000000000000600                sys_map_zi
 .text.sys_unmap
                0x000000000000061c        0x4 out/arm-plat-k3/ldelf/sys.o
                0x000000000000061c                sys_unmap
 .text.sys_open_ta_bin
                0x0000000000000620        0xc out/arm-plat-k3/ldelf/sys.o
                0x0000000000000620                sys_open_ta_bin
 .text.sys_close_ta_bin
                0x000000000000062c        0x8 out/arm-plat-k3/ldelf/sys.o
                0x000000000000062c                sys_close_ta_bin
 .text.sys_map_ta_bin
                0x0000000000000634       0x1c out/arm-plat-k3/ldelf/sys.o
                0x0000000000000634                sys_map_ta_bin
 .text.sys_copy_from_ta_bin
                0x0000000000000650       0x14 out/arm-plat-k3/ldelf/sys.o
                0x0000000000000650                sys_copy_from_ta_bin
 .text.sys_set_prot
                0x0000000000000664        0x8 out/arm-plat-k3/ldelf/sys.o
                0x0000000000000664                sys_set_prot
 .text.sys_remap
                0x000000000000066c        0x4 out/arm-plat-k3/ldelf/sys.o
                0x000000000000066c                sys_remap
 .text.sys_gen_random_num
                0x0000000000000670        0x4 out/arm-plat-k3/ldelf/sys.o
                0x0000000000000670                sys_gen_random_num
 .text.check_range
                0x0000000000000674       0xa8 out/arm-plat-k3/ldelf/ta_elf.o
 .text.check_hashtab
                0x000000000000071c       0x88 out/arm-plat-k3/ldelf/ta_elf.o
 .text.queue_elf_helper
                0x00000000000007a4       0x68 out/arm-plat-k3/ldelf/ta_elf.o
 .text.add_segment
                0x000000000000080c       0xd4 out/arm-plat-k3/ldelf/ta_elf.o
 .text.get_pad_begin
                0x00000000000008e0       0x34 out/arm-plat-k3/ldelf/ta_elf.o
 .text.ta_elf_add_bti
                0x0000000000000914       0x84 out/arm-plat-k3/ldelf/ta_elf.o
 .text.init_elf
                0x0000000000000998      0x2dc out/arm-plat-k3/ldelf/ta_elf.o
 .text.close_handle
                0x0000000000000c74       0x5c out/arm-plat-k3/ldelf/ta_elf.o
 .text.print_wrapper
                0x0000000000000cd0       0x58 out/arm-plat-k3/ldelf/ta_elf.o
 .text.check_phdr_in_range.constprop.0
                0x0000000000000d28       0x70 out/arm-plat-k3/ldelf/ta_elf.o
 .text._assert_trap.constprop.0
                0x0000000000000d98       0x20 out/arm-plat-k3/ldelf/ta_elf.o
 .text.print_seg
                0x0000000000000db8      0x13c out/arm-plat-k3/ldelf/ta_elf.o
 .text.copy_section_headers
                0x0000000000000ef4      0x114 out/arm-plat-k3/ldelf/ta_elf.o
 .text.populate_segments
                0x0000000000001008      0x4a4 out/arm-plat-k3/ldelf/ta_elf.o
 .text.map_segments
                0x00000000000014ac      0x4c8 out/arm-plat-k3/ldelf/ta_elf.o
 .text.get_next_in_order
                0x0000000000001974       0xd4 out/arm-plat-k3/ldelf/ta_elf.o
 .text.read_dyn
                0x0000000000001a48       0x44 out/arm-plat-k3/ldelf/ta_elf.o
 .text.save_soname_from_segment
                0x0000000000001a8c       0xec out/arm-plat-k3/ldelf/ta_elf.o
 .text.save_symtab
                0x0000000000001b78      0x434 out/arm-plat-k3/ldelf/ta_elf.o
 .text.get_init_fini_array.constprop.0
                0x0000000000001fac      0x124 out/arm-plat-k3/ldelf/ta_elf.o
 .text.elf_get_init_fini_array.constprop.0
                0x00000000000020d0       0x94 out/arm-plat-k3/ldelf/ta_elf.o
 .text.ta_elf_find_elf
                0x0000000000002164       0x48 out/arm-plat-k3/ldelf/ta_elf.o
                0x0000000000002164                ta_elf_find_elf
 .text.queue_elf
                0x00000000000021ac       0x5c out/arm-plat-k3/ldelf/ta_elf.o
 .text.add_deps_from_segment
                0x0000000000002208      0x1d8 out/arm-plat-k3/ldelf/ta_elf.o
 .text.add_dependencies
                0x00000000000023e0       0x80 out/arm-plat-k3/ldelf/ta_elf.o
 .text.ta_elf_load_main
                0x0000000000002460      0x468 out/arm-plat-k3/ldelf/ta_elf.o
                0x0000000000002460                ta_elf_load_main
 .text.ta_elf_load_dependency
                0x00000000000028c8       0xec out/arm-plat-k3/ldelf/ta_elf.o
                0x00000000000028c8                ta_elf_load_dependency
 .text.ta_elf_finalize_mappings
                0x00000000000029b4       0x94 out/arm-plat-k3/ldelf/ta_elf.o
                0x00000000000029b4                ta_elf_finalize_mappings
 .text.ta_elf_print_mappings
                0x0000000000002a48      0x260 out/arm-plat-k3/ldelf/ta_elf.o
                0x0000000000002a48                ta_elf_print_mappings
 .text.find_exidx
                0x0000000000002ca8       0x84 out/arm-plat-k3/ldelf/ta_elf.o
                0x0000000000002ca8                find_exidx
 .text.ta_elf_stack_trace_a32
                0x0000000000002d2c       0x48 out/arm-plat-k3/ldelf/ta_elf.o
                0x0000000000002d2c                ta_elf_stack_trace_a32
 .text.ta_elf_stack_trace_a64
                0x0000000000002d74       0x30 out/arm-plat-k3/ldelf/ta_elf.o
                0x0000000000002d74                ta_elf_stack_trace_a64
 .text.ta_elf_set_init_fini_info_compat
                0x0000000000002da4      0x2b0 out/arm-plat-k3/ldelf/ta_elf.o
                0x0000000000002da4                ta_elf_set_init_fini_info_compat
 .text.ta_elf_set_elf_phdr_info
                0x0000000000003054      0x23c out/arm-plat-k3/ldelf/ta_elf.o
                0x0000000000003054                ta_elf_set_elf_phdr_info
 .text.ta_elf_finalize_load_main
                0x0000000000003290       0xdc out/arm-plat-k3/ldelf/ta_elf.o
                0x0000000000003290                ta_elf_finalize_load_main
 .text.ta_elf_add_library
                0x000000000000336c       0xac out/arm-plat-k3/ldelf/ta_elf.o
                0x000000000000336c                ta_elf_add_library
 .text.check_found_sym
                0x0000000000003418      0x1e0 out/arm-plat-k3/ldelf/ta_elf_rel.o
 .text.resolve_sym_helper
                0x00000000000035f8      0x22c out/arm-plat-k3/ldelf/ta_elf_rel.o
 .text.e64_get_sym_name.constprop.0.isra.0
                0x0000000000003824       0xac out/arm-plat-k3/ldelf/ta_elf_rel.o
 .text.e32_get_sym_name.isra.0
                0x00000000000038d0       0xb0 out/arm-plat-k3/ldelf/ta_elf_rel.o
 .text.ta_elf_resolve_sym
                0x0000000000003980       0xbc out/arm-plat-k3/ldelf/ta_elf_rel.o
                0x0000000000003980                ta_elf_resolve_sym
 .text.resolve_sym
                0x0000000000003a3c       0x74 out/arm-plat-k3/ldelf/ta_elf_rel.o
 .text.e32_process_dyn_rel
                0x0000000000003ab0       0x54 out/arm-plat-k3/ldelf/ta_elf_rel.o
 .text.e64_process_dyn_rela
                0x0000000000003b04       0x50 out/arm-plat-k3/ldelf/ta_elf_rel.o
 .text.e64_process_tls_tprel_rela
                0x0000000000003b54       0x7c out/arm-plat-k3/ldelf/ta_elf_rel.o
 .text.ta_elf_relocate
                0x0000000000003bd0      0x8a8 out/arm-plat-k3/ldelf/ta_elf_rel.o
                0x0000000000003bd0                ta_elf_relocate
 .text.pop_vsp  0x0000000000004478       0x5c out/arm-plat-k3/ldelf-lib/libunw/libunw.a(unwind_arm32.o)
 .text.unwind_exec_read_byte
                0x00000000000044d4       0x88 out/arm-plat-k3/ldelf-lib/libunw/libunw.a(unwind_arm32.o)
 .text.unwind_stack_arm32
                0x000000000000455c      0x424 out/arm-plat-k3/ldelf-lib/libunw/libunw.a(unwind_arm32.o)
                0x000000000000455c                unwind_stack_arm32
 .text.print_stack_arm32
                0x0000000000004980       0x80 out/arm-plat-k3/ldelf-lib/libunw/libunw.a(unwind_arm32.o)
                0x0000000000004980                print_stack_arm32
 .text.ftrace_map_lr
                0x0000000000004a00        0x4 out/arm-plat-k3/ldelf-lib/libunw/libunw.a(unwind_arm64.o)
                0x0000000000004a00                ftrace_map_lr
 .text.pauth_strip_pac
                0x0000000000004a04        0x4 out/arm-plat-k3/ldelf-lib/libunw/libunw.a(unwind_arm64.o)
                0x0000000000004a04                pauth_strip_pac
 .text.unwind_stack_arm64
                0x0000000000004a08       0x9c out/arm-plat-k3/ldelf-lib/libunw/libunw.a(unwind_arm64.o)
                0x0000000000004a08                unwind_stack_arm64
 .text.print_stack_arm64
                0x0000000000004aa4       0x8c out/arm-plat-k3/ldelf-lib/libunw/libunw.a(unwind_arm64.o)
                0x0000000000004aa4                print_stack_arm64
 .text._assert_log
                0x0000000000004b30       0x44 out/arm-plat-k3/ldelf-lib/libutee/libutee.a(assert.o)
                0x0000000000004b30                _assert_log
 .text._assert_break
                0x0000000000004b74       0x14 out/arm-plat-k3/ldelf-lib/libutee/libutee.a(assert.o)
                0x0000000000004b74                _assert_break
 .text.parse_hex
                0x0000000000004b88       0x80 out/arm-plat-k3/ldelf-lib/libutee/libutee.a(tee_uuid_from_str.o)
 .text.tee_uuid_from_str
                0x0000000000004c08      0x14c out/arm-plat-k3/ldelf-lib/libutee/libutee.a(tee_uuid_from_str.o)
                0x0000000000004c08                tee_uuid_from_str
 .text._utee_panic
                0x0000000000004d54        0xc out/arm-plat-k3/ldelf-lib/libutee/libutee.a(utee_syscalls_a64.o)
                0x0000000000004d54                _utee_panic
 .text.__utee_panic
                0x0000000000004d60        0xc out/arm-plat-k3/ldelf-lib/libutee/libutee.a(utee_syscalls_a64.o)
                0x0000000000004d60                __utee_panic
 .text._assert_trap
                0x0000000000004d6c       0x10 out/arm-plat-k3/ldelf-lib/libutils/libutils.a(bget_malloc.o)
 .text.bget_buf_size.part.0
                0x0000000000004d7c       0x28 out/arm-plat-k3/ldelf-lib/libutils/libutils.a(bget_malloc.o)
 .text.bget     0x0000000000004da4      0x2c4 out/arm-plat-k3/ldelf-lib/libutils/libutils.a(bget_malloc.o)
                0x0000000000004da4                bget
 .text.raw_memalign.part.0
                0x0000000000005068       0x88 out/arm-plat-k3/ldelf-lib/libutils/libutils.a(bget_malloc.o)
 .text.bgetz    0x00000000000050f0       0x84 out/arm-plat-k3/ldelf-lib/libutils/libutils.a(bget_malloc.o)
                0x00000000000050f0                bgetz
 .text.brel     0x0000000000005174      0x298 out/arm-plat-k3/ldelf-lib/libutils/libutils.a(bget_malloc.o)
                0x0000000000005174                brel
 .text.bpool    0x000000000000540c       0xc4 out/arm-plat-k3/ldelf-lib/libutils/libutils.a(bget_malloc.o)
                0x000000000000540c                bpool
 .text.raw_malloc
                0x00000000000054d0       0x10 out/arm-plat-k3/ldelf-lib/libutils/libutils.a(bget_malloc.o)
                0x00000000000054d0                raw_malloc
 .text.raw_free
                0x00000000000054e0       0x10 out/arm-plat-k3/ldelf-lib/libutils/libutils.a(bget_malloc.o)
                0x00000000000054e0                raw_free
 .text.raw_calloc
                0x00000000000054f0       0x9c out/arm-plat-k3/ldelf-lib/libutils/libutils.a(bget_malloc.o)
                0x00000000000054f0                raw_calloc
 .text.raw_realloc
                0x000000000000558c      0x120 out/arm-plat-k3/ldelf-lib/libutils/libutils.a(bget_malloc.o)
                0x000000000000558c                raw_realloc
 .text.malloc   0x00000000000056ac       0x18 out/arm-plat-k3/ldelf-lib/libutils/libutils.a(bget_malloc.o)
                0x00000000000056ac                malloc
 .text.calloc   0x00000000000056c4       0x1c out/arm-plat-k3/ldelf-lib/libutils/libutils.a(bget_malloc.o)
                0x00000000000056c4                calloc
 .text.realloc  0x00000000000056e0       0x18 out/arm-plat-k3/ldelf-lib/libutils/libutils.a(bget_malloc.o)
                0x00000000000056e0                realloc
 .text.free     0x00000000000056f8       0x10 out/arm-plat-k3/ldelf-lib/libutils/libutils.a(bget_malloc.o)
                0x00000000000056f8                free
 .text.raw_malloc_add_pool
                0x0000000000005708       0xd0 out/arm-plat-k3/ldelf-lib/libutils/libutils.a(bget_malloc.o)
                0x0000000000005708                raw_malloc_add_pool
 .text.malloc_add_pool
                0x00000000000057d8       0x14 out/arm-plat-k3/ldelf-lib/libutils/libutils.a(bget_malloc.o)
                0x00000000000057d8                malloc_add_pool
 .text.isxdigit
                0x00000000000057ec       0x28 out/arm-plat-k3/ldelf-lib/libutils/libutils.a(isxdigit.o)
                0x00000000000057ec                isxdigit
 .text.snprintf
                0x0000000000005814       0x54 out/arm-plat-k3/ldelf-lib/libutils/libutils.a(snprintf.o)
                0x0000000000005814                snprintf
 .text.tolower  0x0000000000005868       0x14 out/arm-plat-k3/ldelf-lib/libutils/libutils.a(tolower.o)
                0x0000000000005868                tolower
 .text.memcmp   0x000000000000587c       0x34 out/arm-plat-k3/ldelf-lib/libutils/libutils.a(memcmp.o)
                0x000000000000587c                memcmp
 .text.memset   0x00000000000058b0       0x1c out/arm-plat-k3/ldelf-lib/libutils/libutils.a(memset.o)
                0x00000000000058b0                memset
 .text.strcmp   0x00000000000058cc       0x24 out/arm-plat-k3/ldelf-lib/libutils/libutils.a(strcmp.o)
                0x00000000000058cc                strcmp
 .text.strcpy   0x00000000000058f0       0x18 out/arm-plat-k3/ldelf-lib/libutils/libutils.a(strcpy.o)
                0x00000000000058f0                strcpy
 .text.strnlen  0x0000000000005908       0x28 out/arm-plat-k3/ldelf-lib/libutils/libutils.a(strnlen.o)
                0x0000000000005908                strnlen
 .text.__vsnprintf
                0x0000000000005930       0x90 out/arm-plat-k3/ldelf-lib/libutils/libutils.a(snprintk.o)
                0x0000000000005930                __vsnprintf
 .text.vsnprintk
                0x00000000000059c0       0x58 out/arm-plat-k3/ldelf-lib/libutils/libutils.a(snprintk.o)
                0x00000000000059c0                vsnprintk
 .text.snprintk
                0x0000000000005a18       0x50 out/arm-plat-k3/ldelf-lib/libutils/libutils.a(snprintk.o)
                0x0000000000005a18                snprintk
 .text.kprintf.constprop.0
                0x0000000000005a68      0xb7c out/arm-plat-k3/ldelf-lib/libutils/libutils.a(snprintk.o)
 .text.trace_vprintf
                0x00000000000065e4      0x1f0 out/arm-plat-k3/ldelf-lib/libutils/libutils.a(trace.o)
                0x00000000000065e4                trace_vprintf
 .text.trace_printf
                0x00000000000067d4       0x4c out/arm-plat-k3/ldelf-lib/libutils/libutils.a(trace.o)
                0x00000000000067d4                trace_printf
 .text.memchr   0x0000000000006820       0x2c out/arm-plat-k3/ldelf-lib/libutils/libutils.a(memchr.o)
                0x0000000000006820                memchr
 .text.strlen   0x000000000000684c       0x1c out/arm-plat-k3/ldelf-lib/libutils/libutils.a(strlen.o)
                0x000000000000684c                strlen
 .text.trace_ext_puts
                0x0000000000006868       0x28 out/arm-plat-k3/ldelf-lib/libutee/libutee.a(trace_ext.o)
                0x0000000000006868                trace_ext_puts
 .text.trace_ext_get_thread_id
                0x0000000000006890        0x8 out/arm-plat-k3/ldelf-lib/libutee/libutee.a(trace_ext.o)
                0x0000000000006890                trace_ext_get_thread_id
 *(SORT_BY_ALIGNMENT(.stub))
 *(SORT_BY_ALIGNMENT(.glue_7))
 *(SORT_BY_ALIGNMENT(.glue_7t))
 *(SORT_BY_ALIGNMENT(.gnu.linkonce.t.*))
 *(SORT_BY_ALIGNMENT(.vfp11_veneer))
                0x0000000000006898                __text_end = .

.note.gnu.property
 *(SORT_BY_ALIGNMENT(.note.gnu.property))

.plt            0x0000000000006898        0x0
 *(SORT_BY_ALIGNMENT(.plt))
 .plt           0x0000000000006898        0x0 out/arm-plat-k3/ldelf/start_a64.o

.eh_frame
 *(SORT_BY_ALIGNMENT(.eh_frame))

.rodata         0x0000000000006898     0x11df
 *(SORT_BY_ALIGNMENT(.gnu.linkonce.r.*))
 *(SORT_BY_ALIGNMENT(.rodata) SORT_BY_ALIGNMENT(.rodata.*))
 .rodata.kprintf.constprop.0
                0x0000000000006898       0x8a out/arm-plat-k3/ldelf-lib/libutils/libutils.a(snprintk.o)
 .rodata.dump_ta_state.str1.1
                0x0000000000006922      0xe00 out/arm-plat-k3/ldelf/main.o
                                         0x49 (size before relaxing)
 .rodata.ldelf.str1.1
                0x0000000000007722       0x1b out/arm-plat-k3/ldelf/main.o
 .rodata.__func__.0
                0x0000000000007722        0xe out/arm-plat-k3/ldelf/main.o
 .rodata.__func__.1
                0x0000000000007730        0x6 out/arm-plat-k3/ldelf/main.o
 .rodata.__panic.str1.1
                0x0000000000007736       0x23 out/arm-plat-k3/ldelf/sys.o
 .rodata.trace_ext_prefix
                0x0000000000007736        0x3 out/arm-plat-k3/ldelf/sys.o
                0x0000000000007736                trace_ext_prefix
 .rodata.check_range.str1.1
                0x0000000000007739       0x3e out/arm-plat-k3/ldelf/ta_elf.o
 .rodata.check_hashtab.str1.1
                0x0000000000007739       0x35 out/arm-plat-k3/ldelf/ta_elf.o
 .rodata.add_segment.str1.1
                0x0000000000007739       0x21 out/arm-plat-k3/ldelf/ta_elf.o
 .rodata.ta_elf_add_bti.str1.1
                0x0000000000007739        0xd out/arm-plat-k3/ldelf/ta_elf.o
 .rodata.init_elf.str1.1
                0x0000000000007739       0x81 out/arm-plat-k3/ldelf/ta_elf.o
 .rodata.close_handle.str1.1
                0x0000000000007739       0x11 out/arm-plat-k3/ldelf/ta_elf.o
 .rodata.check_phdr_in_range.constprop.0.str1.1
                0x0000000000007739       0x3d out/arm-plat-k3/ldelf/ta_elf.o
 .rodata._assert_trap.constprop.0.str1.1
                0x0000000000007739        0xf out/arm-plat-k3/ldelf/ta_elf.o
 .rodata.print_seg.str1.1
                0x0000000000007739       0x5d out/arm-plat-k3/ldelf/ta_elf.o
 .rodata.copy_section_headers.str1.1
                0x0000000000007739       0x2a out/arm-plat-k3/ldelf/ta_elf.o
 .rodata.populate_segments.str1.1
                0x0000000000007739       0x7b out/arm-plat-k3/ldelf/ta_elf.o
 .rodata.map_segments.str1.1
                0x0000000000007739      0x1a0 out/arm-plat-k3/ldelf/ta_elf.o
 .rodata.get_next_in_order.str1.1
                0x0000000000007739       0x35 out/arm-plat-k3/ldelf/ta_elf.o
 .rodata.save_soname_from_segment.str1.1
                0x0000000000007739       0x17 out/arm-plat-k3/ldelf/ta_elf.o
 .rodata.save_symtab.str1.1
                0x0000000000007739      0x174 out/arm-plat-k3/ldelf/ta_elf.o
 .rodata.queue_elf.str1.1
                0x0000000000007739       0x11 out/arm-plat-k3/ldelf/ta_elf.o
 .rodata.add_deps_from_segment.str1.1
                0x0000000000007739       0x45 out/arm-plat-k3/ldelf/ta_elf.o
 .rodata.ta_elf_load_main.str1.1
                0x0000000000007739       0x78 out/arm-plat-k3/ldelf/ta_elf.o
 .rodata.ta_elf_load_dependency.str1.1
                0x0000000000007739       0x29 out/arm-plat-k3/ldelf/ta_elf.o
 .rodata.ta_elf_print_mappings.str1.1
                0x0000000000007739       0x2e out/arm-plat-k3/ldelf/ta_elf.o
 .rodata.ta_elf_set_init_fini_info_compat.str1.1
                0x0000000000007739       0x41 out/arm-plat-k3/ldelf/ta_elf.o
 .rodata.ta_elf_set_elf_phdr_info.str1.1
                0x0000000000007739       0x36 out/arm-plat-k3/ldelf/ta_elf.o
 .rodata.ta_elf_finalize_load_main.str1.1
                0x0000000000007739       0x47 out/arm-plat-k3/ldelf/ta_elf.o
 .rodata.__func__.0
                0x0000000000007739       0x13 out/arm-plat-k3/ldelf/ta_elf.o
 .rodata.__func__.1
                0x000000000000774c       0x19 out/arm-plat-k3/ldelf/ta_elf.o
 .rodata.__func__.2
                0x0000000000007765       0x14 out/arm-plat-k3/ldelf/ta_elf.o
 .rodata.__func__.3
                0x0000000000007779        0x9 out/arm-plat-k3/ldelf/ta_elf.o
 .rodata.__func__.4
                0x0000000000007782       0x21 out/arm-plat-k3/ldelf/ta_elf.o
 .rodata.__func__.5
                0x00000000000077a3       0x12 out/arm-plat-k3/ldelf/ta_elf.o
 .rodata.__func__.7
                0x00000000000077b5       0x16 out/arm-plat-k3/ldelf/ta_elf.o
 .rodata.__func__.8
                0x00000000000077cb       0x19 out/arm-plat-k3/ldelf/ta_elf.o
 .rodata.__func__.9
                0x00000000000077e4       0x17 out/arm-plat-k3/ldelf/ta_elf.o
 .rodata.__func__.10
                0x00000000000077fb       0x1a out/arm-plat-k3/ldelf/ta_elf.o
 .rodata.__func__.11
                0x0000000000007815        0xd out/arm-plat-k3/ldelf/ta_elf.o
 .rodata.__func__.12
                0x0000000000007822       0x19 out/arm-plat-k3/ldelf/ta_elf.o
 .rodata.__func__.13
                0x000000000000783b       0x12 out/arm-plat-k3/ldelf/ta_elf.o
 .rodata.__func__.14
                0x000000000000784d        0xe out/arm-plat-k3/ldelf/ta_elf.o
 .rodata.__func__.15
                0x000000000000785b       0x10 out/arm-plat-k3/ldelf/ta_elf.o
 .rodata.__func__.16
                0x000000000000786b       0x10 out/arm-plat-k3/ldelf/ta_elf.o
 .rodata.__func__.17
                0x000000000000787b       0x15 out/arm-plat-k3/ldelf/ta_elf.o
 .rodata.__func__.18
                0x0000000000007890        0xc out/arm-plat-k3/ldelf/ta_elf.o
 .rodata.__func__.19
                0x000000000000789c       0x14 out/arm-plat-k3/ldelf/ta_elf.o
 .rodata.__func__.20
                0x00000000000078b0       0x16 out/arm-plat-k3/ldelf/ta_elf.o
 .rodata.__func__.21
                0x00000000000078c6       0x19 out/arm-plat-k3/ldelf/ta_elf.o
 .rodata.__func__.22
                0x00000000000078df       0x10 out/arm-plat-k3/ldelf/ta_elf.o
 .rodata.__func__.23
                0x00000000000078ef        0xc out/arm-plat-k3/ldelf/ta_elf.o
 .rodata.__func__.24
                0x00000000000078fb       0x12 out/arm-plat-k3/ldelf/ta_elf.o
 .rodata.__func__.26
                0x000000000000790d        0xd out/arm-plat-k3/ldelf/ta_elf.o
 .rodata.__func__.27
                0x000000000000791a        0x9 out/arm-plat-k3/ldelf/ta_elf.o
 .rodata.__func__.28
                0x0000000000007923       0x14 out/arm-plat-k3/ldelf/ta_elf.o
 .rodata.__func__.29
                0x0000000000007937        0xf out/arm-plat-k3/ldelf/ta_elf.o
 .rodata.__func__.31
                0x0000000000007946       0x11 out/arm-plat-k3/ldelf/ta_elf.o
 .rodata.__func__.32
                0x0000000000007957       0x12 out/arm-plat-k3/ldelf/ta_elf.o
 .rodata.__func__.33
                0x0000000000007969        0xa out/arm-plat-k3/ldelf/ta_elf.o
 .rodata.__func__.34
                0x0000000000007973        0xa out/arm-plat-k3/ldelf/ta_elf.o
 .rodata.__func__.35
                0x000000000000797d       0x11 out/arm-plat-k3/ldelf/ta_elf.o
 .rodata.check_found_sym.str1.1
                0x000000000000798e       0x63 out/arm-plat-k3/ldelf/ta_elf_rel.o
 .rodata.e64_get_sym_name.constprop.0.isra.0.str1.1
                0x000000000000798e       0x32 out/arm-plat-k3/ldelf/ta_elf_rel.o
 .rodata.resolve_sym.str1.1
                0x000000000000798e       0x14 out/arm-plat-k3/ldelf/ta_elf_rel.o
 .rodata.ta_elf_relocate.str1.1
                0x000000000000798e      0x203 out/arm-plat-k3/ldelf/ta_elf_rel.o
 .rodata.__func__.0
                0x000000000000798e       0x11 out/arm-plat-k3/ldelf/ta_elf_rel.o
 .rodata.__func__.1
                0x000000000000799f        0xd out/arm-plat-k3/ldelf/ta_elf_rel.o
 .rodata.__func__.2
                0x00000000000079ac       0x13 out/arm-plat-k3/ldelf/ta_elf_rel.o
 .rodata.__func__.3
                0x00000000000079bf        0xc out/arm-plat-k3/ldelf/ta_elf_rel.o
 .rodata.__func__.4
                0x00000000000079cb       0x11 out/arm-plat-k3/ldelf/ta_elf_rel.o
 .rodata.__func__.5
                0x00000000000079dc        0xd out/arm-plat-k3/ldelf/ta_elf_rel.o
 .rodata.__func__.6
                0x00000000000079e9        0xc out/arm-plat-k3/ldelf/ta_elf_rel.o
 .rodata.__func__.7
                0x00000000000079f5       0x10 out/arm-plat-k3/ldelf/ta_elf_rel.o
 .rodata.__func__.8
                0x0000000000007a05       0x13 out/arm-plat-k3/ldelf/ta_elf_rel.o
 .rodata.print_stack_arm32.str1.1
                0x0000000000007a18       0x14 out/arm-plat-k3/ldelf-lib/libunw/libunw.a(unwind_arm32.o)
 .rodata.print_stack_arm64.str1.1
                0x0000000000007a18       0x15 out/arm-plat-k3/ldelf-lib/libunw/libunw.a(unwind_arm64.o)
 .rodata._assert_log.str1.1
                0x0000000000007a18       0x27 out/arm-plat-k3/ldelf-lib/libutee/libutee.a(assert.o)
 .rodata.bget_buf_size.part.0.str1.1
                0x0000000000007a18       0x2a out/arm-plat-k3/ldelf-lib/libutils/libutils.a(bget_malloc.o)
 .rodata.bget.str1.1
                0x0000000000007a18      0x127 out/arm-plat-k3/ldelf-lib/libutils/libutils.a(bget_malloc.o)
 .rodata.bgetz.str1.1
                0x0000000000007a18        0xe out/arm-plat-k3/ldelf-lib/libutils/libutils.a(bget_malloc.o)
 .rodata.brel.str1.1
                0x0000000000007a18      0x11c out/arm-plat-k3/ldelf-lib/libutils/libutils.a(bget_malloc.o)
 .rodata.bpool.str1.1
                0x0000000000007a18       0x35 out/arm-plat-k3/ldelf-lib/libutils/libutils.a(bget_malloc.o)
 .rodata.raw_malloc_add_pool.str1.1
                0x0000000000007a18        0x2 out/arm-plat-k3/ldelf-lib/libutils/libutils.a(bget_malloc.o)
 .rodata.__func__.1
                0x0000000000007a18       0x14 out/arm-plat-k3/ldelf-lib/libutils/libutils.a(bget_malloc.o)
 .rodata.__func__.2
                0x0000000000007a2c        0xe out/arm-plat-k3/ldelf-lib/libutils/libutils.a(bget_malloc.o)
 .rodata.__func__.4
                0x0000000000007a3a        0x6 out/arm-plat-k3/ldelf-lib/libutils/libutils.a(bget_malloc.o)
 .rodata.__func__.5
                0x0000000000007a40        0x5 out/arm-plat-k3/ldelf-lib/libutils/libutils.a(bget_malloc.o)
 .rodata.__func__.7
                0x0000000000007a45        0x6 out/arm-plat-k3/ldelf-lib/libutils/libutils.a(bget_malloc.o)
 .rodata.__func__.8
                0x0000000000007a4b        0x5 out/arm-plat-k3/ldelf-lib/libutils/libutils.a(bget_malloc.o)
 .rodata.kprintf.constprop.0.str1.1
                0x0000000000007a50       0x38 out/arm-plat-k3/ldelf-lib/libutils/libutils.a(snprintk.o)
 .rodata.HEXDIGITS
                0x0000000000007a50       0x11 out/arm-plat-k3/ldelf-lib/libutils/libutils.a(snprintk.o)
 .rodata.hexdigits
                0x0000000000007a61       0x11 out/arm-plat-k3/ldelf-lib/libutils/libutils.a(snprintk.o)
 .rodata.trace_vprintf.str1.1
                0x0000000000007a72       0x1b out/arm-plat-k3/ldelf-lib/libutils/libutils.a(trace.o)
 .rodata.lvl_strs.0
                0x0000000000007a72        0x5 out/arm-plat-k3/ldelf-lib/libutils/libutils.a(trace.o)

.gnu.version_d  0x0000000000007a78        0x0
 .gnu.version_d
                0x0000000000007a78        0x0 out/arm-plat-k3/ldelf/start_a64.o

.gnu.version    0x0000000000007a78        0x0
 .gnu.version   0x0000000000007a78        0x0 out/arm-plat-k3/ldelf/start_a64.o

.gnu.version_r  0x0000000000007a78        0x0
 .gnu.version_r
                0x0000000000007a78        0x0 out/arm-plat-k3/ldelf/start_a64.o

.gnu.hash       0x0000000000007a78       0x1c
 .gnu.hash      0x0000000000007a78       0x1c out/arm-plat-k3/ldelf/start_a64.o

.ARM.exidx
 *(SORT_BY_ALIGNMENT(.ARM.exidx*) SORT_BY_ALIGNMENT(.gnu.linkonce.armexidx.*))

.ARM.extab
 *(SORT_BY_ALIGNMENT(.ARM.extab*))

.ctors
 *(SORT_BY_ALIGNMENT(.ctors))

.dtors
 *(SORT_BY_ALIGNMENT(.dtors))

.dynsym         0x0000000000007a98       0x48
 *(SORT_BY_ALIGNMENT(.dynsym))
 .dynsym        0x0000000000007a98       0x48 out/arm-plat-k3/ldelf/start_a64.o

.dynstr         0x0000000000007ae0        0x1
 *(SORT_BY_ALIGNMENT(.dynstr))
 .dynstr        0x0000000000007ae0        0x1 out/arm-plat-k3/ldelf/start_a64.o

.hash           0x0000000000007ae8       0x18
 *(SORT_BY_ALIGNMENT(.hash))
 .hash          0x0000000000007ae8       0x18 out/arm-plat-k3/ldelf/start_a64.o
                0x0000000000007b00                . = ALIGN (0x8)
                0x0000000000007b00                __reloc_begin = .

.rel.got
 *(SORT_BY_ALIGNMENT(.rel.got))

.rela.got       0x0000000000007b00       0x60
 *(SORT_BY_ALIGNMENT(.rela.got))
 .rela.got      0x0000000000007b00       0x60 out/arm-plat-k3/ldelf/start_a64.o

.rel.text
 *(SORT_BY_ALIGNMENT(.rel.text))
 *(SORT_BY_ALIGNMENT(.rel.gnu.linkonce.t*))

.rela.text
 *(SORT_BY_ALIGNMENT(.rela.text))
 *(SORT_BY_ALIGNMENT(.rela.gnu.linkonce.t*))

.rel.data
 *(SORT_BY_ALIGNMENT(.rel.data))
 *(SORT_BY_ALIGNMENT(.rel.gnu.linkonce.d*))

.rela.data
 *(SORT_BY_ALIGNMENT(.rela.data))
 *(SORT_BY_ALIGNMENT(.rela.gnu.linkonce.d*))

.rel.rodata
 *(SORT_BY_ALIGNMENT(.rel.rodata))
 *(SORT_BY_ALIGNMENT(.rel.gnu.linkonce.r*))

.rela.rodata
 *(SORT_BY_ALIGNMENT(.rela.rodata))
 *(SORT_BY_ALIGNMENT(.rela.gnu.linkonce.r*))

.rel.dyn
 *(SORT_BY_ALIGNMENT(.rel.dyn))

.rela.dyn       0x0000000000007b60       0x48
 *(SORT_BY_ALIGNMENT(.rela.dyn))
 .rela.data.rel.ro
                0x0000000000007b60        0x0 out/arm-plat-k3/ldelf/start_a64.o
 .rela.ifunc    0x0000000000007b60        0x0 out/arm-plat-k3/ldelf/start_a64.o
 .rela.data.rel.local.main_elf_queue
                0x0000000000007b60       0x18 out/arm-plat-k3/ldelf/start_a64.o
 .rela.data.rel.local.malloc_ctx
                0x0000000000007b78       0x30 out/arm-plat-k3/ldelf/start_a64.o

.rel.ctors
 *(SORT_BY_ALIGNMENT(.rel.ctors))

.rela.ctors
 *(SORT_BY_ALIGNMENT(.rela.ctors))

.rel.dtors
 *(SORT_BY_ALIGNMENT(.rel.dtors))

.rela.dtors
 *(SORT_BY_ALIGNMENT(.rela.dtors))

.rel.init
 *(SORT_BY_ALIGNMENT(.rel.init))

.rela.init
 *(SORT_BY_ALIGNMENT(.rela.init))

.rel.fini
 *(SORT_BY_ALIGNMENT(.rel.fini))

.rela.fini
 *(SORT_BY_ALIGNMENT(.rela.fini))

.rel.bss
 *(SORT_BY_ALIGNMENT(.rel.bss))

.rela.bss       0x0000000000007ba8        0x0
 *(SORT_BY_ALIGNMENT(.rela.bss))
 .rela.bss      0x0000000000007ba8        0x0 out/arm-plat-k3/ldelf/start_a64.o

.rel.plt
 *(SORT_BY_ALIGNMENT(.rel.plt))

.rela.plt       0x0000000000007ba8        0x0
 *(SORT_BY_ALIGNMENT(.rela.plt))
 .rela.plt      0x0000000000007ba8        0x0 out/arm-plat-k3/ldelf/start_a64.o
                0x0000000000007ba8                __reloc_end = .
                0x0000000000008000                . = ALIGN (0x1000)

.dynamic        0x0000000000008000      0x110
 *(SORT_BY_ALIGNMENT(.dynamic))
 .dynamic       0x0000000000008000      0x110 out/arm-plat-k3/ldelf/start_a64.o
                0x0000000000008000                _DYNAMIC

.got            0x0000000000008110       0x40
 *(SORT_BY_ALIGNMENT(.got.plt))
 .got.plt       0x0000000000008110       0x18 out/arm-plat-k3/ldelf/start_a64.o
 *(SORT_BY_ALIGNMENT(.got))
 .got           0x0000000000008128       0x28 out/arm-plat-k3/ldelf/start_a64.o
                0x0000000000008128                _GLOBAL_OFFSET_TABLE_

.data           0x0000000000008150       0xa4
 *(SORT_BY_ALIGNMENT(.data) SORT_BY_ALIGNMENT(.data.*) SORT_BY_ALIGNMENT(.gnu.linkonce.d.*))
 .data.last_tls_mod_id.25
                0x0000000000008150        0x8 out/arm-plat-k3/ldelf/ta_elf.o
 .data.next_offs.30
                0x0000000000008158        0x8 out/arm-plat-k3/ldelf/ta_elf.o
 .data.rel.local.main_elf_queue
                0x0000000000008160       0x10 out/arm-plat-k3/ldelf/ta_elf.o
                0x0000000000008160                main_elf_queue
 .data.rel.local.malloc_ctx
                0x0000000000008170       0x80 out/arm-plat-k3/ldelf-lib/libutils/libutils.a(bget_malloc.o)
 .data.trace_level
                0x00000000000081f0        0x4 out/arm-plat-k3/ldelf/sys.o
                0x00000000000081f0                trace_level
 .data.rel.ro   0x00000000000081f4        0x0 out/arm-plat-k3/ldelf/start_a64.o

.bss            0x00000000000081f8       0x18
 *(SORT_BY_ALIGNMENT(.bss) SORT_BY_ALIGNMENT(.bss.*) SORT_BY_ALIGNMENT(.gnu.linkonce.b.*) SORT_BY_ALIGNMENT(COMMON))
 .bss.mpool_base
                0x00000000000081f8        0x8 out/arm-plat-k3/ldelf/main.o
 .bss.ta_stack_size
                0x0000000000008200        0x8 out/arm-plat-k3/ldelf/ta_elf.o
 .bss.ta_stack  0x0000000000008208        0x8 out/arm-plat-k3/ldelf/ta_elf.o

.dynbss         0x0000000000008210        0x0
 .dynbss        0x0000000000008210        0x0 out/arm-plat-k3/ldelf/start_a64.o

/DISCARD/
 *(SORT_BY_ALIGNMENT(.interp))
LOAD out/arm-plat-k3/ldelf/start_a64.o
LOAD out/arm-plat-k3/ldelf/syscalls_a64.o
LOAD out/arm-plat-k3/ldelf/tlsdesc_rel_a64.o
LOAD out/arm-plat-k3/ldelf/dl.o
LOAD out/arm-plat-k3/ldelf/main.o
LOAD out/arm-plat-k3/ldelf/sys.o
LOAD out/arm-plat-k3/ldelf/ta_elf.o
LOAD out/arm-plat-k3/ldelf/ta_elf_rel.o
START GROUP
LOAD out/arm-plat-k3/ldelf-lib/libunw/libunw.a
LOAD out/arm-plat-k3/ldelf-lib/libutee/libutee.a
LOAD out/arm-plat-k3/ldelf-lib/libutils/libutils.a
END GROUP
LOAD libgcc.a
OUTPUT(out/arm-plat-k3/ldelf/ldelf.elf elf64-littleaarch64)
LOAD linker stubs

.debug_line     0x0000000000000000     0x796f
 .debug_line    0x0000000000000000       0x63 out/arm-plat-k3/ldelf/start_a64.o
 .debug_line    0x0000000000000063      0x14e out/arm-plat-k3/ldelf/syscalls_a64.o
 .debug_line    0x00000000000001b1       0x4e out/arm-plat-k3/ldelf/tlsdesc_rel_a64.o
 .debug_line    0x00000000000001ff      0x186 out/arm-plat-k3/ldelf/dl.o
 .debug_line    0x0000000000000385      0x284 out/arm-plat-k3/ldelf/main.o
 .debug_line    0x0000000000000609      0x266 out/arm-plat-k3/ldelf/sys.o
 .debug_line    0x000000000000086f     0x28e5 out/arm-plat-k3/ldelf/ta_elf.o
 .debug_line    0x0000000000003154      0xe3e out/arm-plat-k3/ldelf/ta_elf_rel.o
 .debug_line    0x0000000000003f92      0x672 out/arm-plat-k3/ldelf-lib/libunw/libunw.a(unwind_arm32.o)
 .debug_line    0x0000000000004604      0x1c7 out/arm-plat-k3/ldelf-lib/libunw/libunw.a(unwind_arm64.o)
 .debug_line    0x00000000000047cb      0x10c out/arm-plat-k3/ldelf-lib/libutee/libutee.a(assert.o)
 .debug_line    0x00000000000048d7      0x269 out/arm-plat-k3/ldelf-lib/libutee/libutee.a(tee_uuid_from_str.o)
 .debug_line    0x0000000000004b40      0x50b out/arm-plat-k3/ldelf-lib/libutee/libutee.a(utee_syscalls_a64.o)
 .debug_line    0x000000000000504b     0x1101 out/arm-plat-k3/ldelf-lib/libutils/libutils.a(bget_malloc.o)
 .debug_line    0x000000000000614c       0x7b out/arm-plat-k3/ldelf-lib/libutils/libutils.a(isxdigit.o)
 .debug_line    0x00000000000061c7       0xe0 out/arm-plat-k3/ldelf-lib/libutils/libutils.a(snprintf.o)
 .debug_line    0x00000000000062a7       0x74 out/arm-plat-k3/ldelf-lib/libutils/libutils.a(tolower.o)
 .debug_line    0x000000000000631b       0xab out/arm-plat-k3/ldelf-lib/libutils/libutils.a(memcmp.o)
 .debug_line    0x00000000000063c6      0x134 out/arm-plat-k3/ldelf-lib/libutils/libutils.a(memcpy.o)
 .debug_line    0x00000000000064fa       0x9a out/arm-plat-k3/ldelf-lib/libutils/libutils.a(memset.o)
 .debug_line    0x0000000000006594       0xac out/arm-plat-k3/ldelf-lib/libutils/libutils.a(strcmp.o)
 .debug_line    0x0000000000006640       0xb3 out/arm-plat-k3/ldelf-lib/libutils/libutils.a(strcpy.o)
 .debug_line    0x00000000000066f3       0xa0 out/arm-plat-k3/ldelf-lib/libutils/libutils.a(strnlen.o)
 .debug_line    0x0000000000006793      0xbe2 out/arm-plat-k3/ldelf-lib/libutils/libutils.a(snprintk.o)
 .debug_line    0x0000000000007375      0x2d4 out/arm-plat-k3/ldelf-lib/libutils/libutils.a(trace.o)
 .debug_line    0x0000000000007649       0xa8 out/arm-plat-k3/ldelf-lib/libutils/libutils.a(memchr.o)
 .debug_line    0x00000000000076f1       0x9d out/arm-plat-k3/ldelf-lib/libutils/libutils.a(strlen.o)
 .debug_line    0x000000000000778e      0x1e1 out/arm-plat-k3/ldelf-lib/libutee/libutee.a(trace_ext.o)

.debug_line_str
                0x0000000000000000      0x733
 .debug_line_str
                0x0000000000000000      0x733 out/arm-plat-k3/ldelf/start_a64.o
                                         0x70 (size before relaxing)
 .debug_line_str
                0x0000000000000733       0x82 out/arm-plat-k3/ldelf/syscalls_a64.o
 .debug_line_str
                0x0000000000000733       0x76 out/arm-plat-k3/ldelf/tlsdesc_rel_a64.o
 .debug_line_str
                0x0000000000000733      0x2da out/arm-plat-k3/ldelf/dl.o
 .debug_line_str
                0x0000000000000733      0x349 out/arm-plat-k3/ldelf/main.o
 .debug_line_str
                0x0000000000000733      0x2c6 out/arm-plat-k3/ldelf/sys.o
 .debug_line_str
                0x0000000000000733      0x3fa out/arm-plat-k3/ldelf/ta_elf.o
 .debug_line_str
                0x0000000000000733      0x357 out/arm-plat-k3/ldelf/ta_elf_rel.o
 .debug_line_str
                0x0000000000000733      0x2d1 out/arm-plat-k3/ldelf-lib/libunw/libunw.a(unwind_arm32.o)
 .debug_line_str
                0x0000000000000733      0x2e3 out/arm-plat-k3/ldelf-lib/libunw/libunw.a(unwind_arm64.o)
 .debug_line_str
                0x0000000000000733      0x30e out/arm-plat-k3/ldelf-lib/libutee/libutee.a(assert.o)
 .debug_line_str
                0x0000000000000733      0x327 out/arm-plat-k3/ldelf-lib/libutee/libutee.a(tee_uuid_from_str.o)
 .debug_line_str
                0x0000000000000733       0xaf out/arm-plat-k3/ldelf-lib/libutee/libutee.a(utee_syscalls_a64.o)
 .debug_line_str
                0x0000000000000733      0x357 out/arm-plat-k3/ldelf-lib/libutils/libutils.a(bget_malloc.o)
 .debug_line_str
                0x0000000000000733      0x14e out/arm-plat-k3/ldelf-lib/libutils/libutils.a(isxdigit.o)
 .debug_line_str
                0x0000000000000733      0x23a out/arm-plat-k3/ldelf-lib/libutils/libutils.a(snprintf.o)
 .debug_line_str
                0x0000000000000733      0x14b out/arm-plat-k3/ldelf-lib/libutils/libutils.a(tolower.o)
 .debug_line_str
                0x0000000000000733      0x231 out/arm-plat-k3/ldelf-lib/libutils/libutils.a(memcmp.o)
 .debug_line_str
                0x0000000000000733      0x231 out/arm-plat-k3/ldelf-lib/libutils/libutils.a(memcpy.o)
 .debug_line_str
                0x0000000000000733      0x231 out/arm-plat-k3/ldelf-lib/libutils/libutils.a(memset.o)
 .debug_line_str
                0x0000000000000733      0x23a out/arm-plat-k3/ldelf-lib/libutils/libutils.a(strcmp.o)
 .debug_line_str
                0x0000000000000733      0x23a out/arm-plat-k3/ldelf-lib/libutils/libutils.a(strcpy.o)
 .debug_line_str
                0x0000000000000733      0x234 out/arm-plat-k3/ldelf-lib/libutils/libutils.a(strnlen.o)
 .debug_line_str
                0x0000000000000733      0x285 out/arm-plat-k3/ldelf-lib/libutils/libutils.a(snprintk.o)
 .debug_line_str
                0x0000000000000733      0x2ba out/arm-plat-k3/ldelf-lib/libutils/libutils.a(trace.o)
 .debug_line_str
                0x0000000000000733      0x23a out/arm-plat-k3/ldelf-lib/libutils/libutils.a(memchr.o)
 .debug_line_str
                0x0000000000000733      0x23a out/arm-plat-k3/ldelf-lib/libutils/libutils.a(strlen.o)
 .debug_line_str
                0x0000000000000733      0x331 out/arm-plat-k3/ldelf-lib/libutee/libutee.a(trace_ext.o)

.debug_info     0x0000000000000000    0x10385
 .debug_info    0x0000000000000000       0x39 out/arm-plat-k3/ldelf/start_a64.o
 .debug_info    0x0000000000000039       0xf5 out/arm-plat-k3/ldelf/syscalls_a64.o
 .debug_info    0x000000000000012e       0x39 out/arm-plat-k3/ldelf/tlsdesc_rel_a64.o
 .debug_info    0x0000000000000167      0x70e out/arm-plat-k3/ldelf/dl.o
 .debug_info    0x0000000000000875      0xed9 out/arm-plat-k3/ldelf/main.o
 .debug_info    0x000000000000174e      0x91c out/arm-plat-k3/ldelf/sys.o
 .debug_info    0x000000000000206a     0x5d97 out/arm-plat-k3/ldelf/ta_elf.o
 .debug_info    0x0000000000007e01     0x26ce out/arm-plat-k3/ldelf/ta_elf_rel.o
 .debug_info    0x000000000000a4cf      0xa51 out/arm-plat-k3/ldelf-lib/libunw/libunw.a(unwind_arm32.o)
 .debug_info    0x000000000000af20      0x44e out/arm-plat-k3/ldelf-lib/libunw/libunw.a(unwind_arm64.o)
 .debug_info    0x000000000000b36e      0x1b1 out/arm-plat-k3/ldelf-lib/libutee/libutee.a(assert.o)
 .debug_info    0x000000000000b51f      0x3f4 out/arm-plat-k3/ldelf-lib/libutee/libutee.a(tee_uuid_from_str.o)
 .debug_info    0x000000000000b913      0x3b5 out/arm-plat-k3/ldelf-lib/libutee/libutee.a(utee_syscalls_a64.o)
 .debug_info    0x000000000000bcc8     0x2979 out/arm-plat-k3/ldelf-lib/libutils/libutils.a(bget_malloc.o)
 .debug_info    0x000000000000e641       0x6b out/arm-plat-k3/ldelf-lib/libutils/libutils.a(isxdigit.o)
 .debug_info    0x000000000000e6ac      0x266 out/arm-plat-k3/ldelf-lib/libutils/libutils.a(snprintf.o)
 .debug_info    0x000000000000e912       0x6b out/arm-plat-k3/ldelf-lib/libutils/libutils.a(tolower.o)
 .debug_info    0x000000000000e97d       0xeb out/arm-plat-k3/ldelf-lib/libutils/libutils.a(memcmp.o)
 .debug_info    0x000000000000ea68      0x12c out/arm-plat-k3/ldelf-lib/libutils/libutils.a(memcpy.o)
 .debug_info    0x000000000000eb94       0xcf out/arm-plat-k3/ldelf-lib/libutils/libutils.a(memset.o)
 .debug_info    0x000000000000ec63       0xb0 out/arm-plat-k3/ldelf-lib/libutils/libutils.a(strcmp.o)
 .debug_info    0x000000000000ed13       0xc1 out/arm-plat-k3/ldelf-lib/libutils/libutils.a(strcpy.o)
 .debug_info    0x000000000000edd4       0xc9 out/arm-plat-k3/ldelf-lib/libutils/libutils.a(strnlen.o)
 .debug_info    0x000000000000ee9d      0x8f0 out/arm-plat-k3/ldelf-lib/libutils/libutils.a(snprintk.o)
 .debug_info    0x000000000000f78d      0x6c7 out/arm-plat-k3/ldelf-lib/libutils/libutils.a(trace.o)
 .debug_info    0x000000000000fe54       0xfb out/arm-plat-k3/ldelf-lib/libutils/libutils.a(memchr.o)
 .debug_info    0x000000000000ff4f       0xbb out/arm-plat-k3/ldelf-lib/libutils/libutils.a(strlen.o)
 .debug_info    0x000000000001000a      0x37b out/arm-plat-k3/ldelf-lib/libutee/libutee.a(trace_ext.o)

.debug_abbrev   0x0000000000000000     0x2cc1
 .debug_abbrev  0x0000000000000000       0x28 out/arm-plat-k3/ldelf/start_a64.o
 .debug_abbrev  0x0000000000000028       0x26 out/arm-plat-k3/ldelf/syscalls_a64.o
 .debug_abbrev  0x000000000000004e       0x28 out/arm-plat-k3/ldelf/tlsdesc_rel_a64.o
 .debug_abbrev  0x0000000000000076      0x1b2 out/arm-plat-k3/ldelf/dl.o
 .debug_abbrev  0x0000000000000228      0x307 out/arm-plat-k3/ldelf/main.o
 .debug_abbrev  0x000000000000052f      0x1be out/arm-plat-k3/ldelf/sys.o
 .debug_abbrev  0x00000000000006ed      0x6bf out/arm-plat-k3/ldelf/ta_elf.o
 .debug_abbrev  0x0000000000000dac      0x503 out/arm-plat-k3/ldelf/ta_elf_rel.o
 .debug_abbrev  0x00000000000012af      0x309 out/arm-plat-k3/ldelf-lib/libunw/libunw.a(unwind_arm32.o)
 .debug_abbrev  0x00000000000015b8      0x215 out/arm-plat-k3/ldelf-lib/libunw/libunw.a(unwind_arm64.o)
 .debug_abbrev  0x00000000000017cd       0xbd out/arm-plat-k3/ldelf-lib/libutee/libutee.a(assert.o)
 .debug_abbrev  0x000000000000188a      0x1d3 out/arm-plat-k3/ldelf-lib/libutee/libutee.a(tee_uuid_from_str.o)
 .debug_abbrev  0x0000000000001a5d       0x26 out/arm-plat-k3/ldelf-lib/libutee/libutee.a(utee_syscalls_a64.o)
 .debug_abbrev  0x0000000000001a83      0x487 out/arm-plat-k3/ldelf-lib/libutils/libutils.a(bget_malloc.o)
 .debug_abbrev  0x0000000000001f0a       0x52 out/arm-plat-k3/ldelf-lib/libutils/libutils.a(isxdigit.o)
 .debug_abbrev  0x0000000000001f5c      0x13f out/arm-plat-k3/ldelf-lib/libutils/libutils.a(snprintf.o)
 .debug_abbrev  0x000000000000209b       0x52 out/arm-plat-k3/ldelf-lib/libutils/libutils.a(tolower.o)
 .debug_abbrev  0x00000000000020ed       0x95 out/arm-plat-k3/ldelf-lib/libutils/libutils.a(memcmp.o)
 .debug_abbrev  0x0000000000002182       0xbb out/arm-plat-k3/ldelf-lib/libutils/libutils.a(memcpy.o)
 .debug_abbrev  0x000000000000223d       0xa3 out/arm-plat-k3/ldelf-lib/libutils/libutils.a(memset.o)
 .debug_abbrev  0x00000000000022e0       0x6f out/arm-plat-k3/ldelf-lib/libutils/libutils.a(strcmp.o)
 .debug_abbrev  0x000000000000234f       0x79 out/arm-plat-k3/ldelf-lib/libutils/libutils.a(strcpy.o)
 .debug_abbrev  0x00000000000023c8       0x87 out/arm-plat-k3/ldelf-lib/libutils/libutils.a(strnlen.o)
 .debug_abbrev  0x000000000000244f      0x2e3 out/arm-plat-k3/ldelf-lib/libutils/libutils.a(snprintk.o)
 .debug_abbrev  0x0000000000002732      0x2b2 out/arm-plat-k3/ldelf-lib/libutils/libutils.a(trace.o)
 .debug_abbrev  0x00000000000029e4       0xb4 out/arm-plat-k3/ldelf-lib/libutils/libutils.a(memchr.o)
 .debug_abbrev  0x0000000000002a98       0x85 out/arm-plat-k3/ldelf-lib/libutils/libutils.a(strlen.o)
 .debug_abbrev  0x0000000000002b1d      0x1a4 out/arm-plat-k3/ldelf-lib/libutee/libutee.a(trace_ext.o)

.debug_aranges  0x0000000000000000     0x1060
 .debug_aranges
                0x0000000000000000       0x30 out/arm-plat-k3/ldelf/start_a64.o
 .debug_aranges
                0x0000000000000030       0xf0 out/arm-plat-k3/ldelf/syscalls_a64.o
 .debug_aranges
                0x0000000000000120       0x30 out/arm-plat-k3/ldelf/tlsdesc_rel_a64.o
 .debug_aranges
                0x0000000000000150       0x40 out/arm-plat-k3/ldelf/dl.o
 .debug_aranges
                0x0000000000000190       0x60 out/arm-plat-k3/ldelf/main.o
 .debug_aranges
                0x00000000000001f0       0xd0 out/arm-plat-k3/ldelf/sys.o
 .debug_aranges
                0x00000000000002c0      0x260 out/arm-plat-k3/ldelf/ta_elf.o
 .debug_aranges
                0x0000000000000520       0xc0 out/arm-plat-k3/ldelf/ta_elf_rel.o
 .debug_aranges
                0x00000000000005e0       0x60 out/arm-plat-k3/ldelf-lib/libunw/libunw.a(unwind_arm32.o)
 .debug_aranges
                0x0000000000000640       0x60 out/arm-plat-k3/ldelf-lib/libunw/libunw.a(unwind_arm64.o)
 .debug_aranges
                0x00000000000006a0       0x40 out/arm-plat-k3/ldelf-lib/libutee/libutee.a(assert.o)
 .debug_aranges
                0x00000000000006e0       0x40 out/arm-plat-k3/ldelf-lib/libutee/libutee.a(tee_uuid_from_str.o)
 .debug_aranges
                0x0000000000000720      0x3b0 out/arm-plat-k3/ldelf-lib/libutee/libutee.a(utee_syscalls_a64.o)
 .debug_aranges
                0x0000000000000ad0      0x220 out/arm-plat-k3/ldelf-lib/libutils/libutils.a(bget_malloc.o)
 .debug_aranges
                0x0000000000000cf0       0x30 out/arm-plat-k3/ldelf-lib/libutils/libutils.a(isxdigit.o)
 .debug_aranges
                0x0000000000000d20       0x40 out/arm-plat-k3/ldelf-lib/libutils/libutils.a(snprintf.o)
 .debug_aranges
                0x0000000000000d60       0x30 out/arm-plat-k3/ldelf-lib/libutils/libutils.a(tolower.o)
 .debug_aranges
                0x0000000000000d90       0x30 out/arm-plat-k3/ldelf-lib/libutils/libutils.a(memcmp.o)
 .debug_aranges
                0x0000000000000dc0       0x30 out/arm-plat-k3/ldelf-lib/libutils/libutils.a(memcpy.o)
 .debug_aranges
                0x0000000000000df0       0x30 out/arm-plat-k3/ldelf-lib/libutils/libutils.a(memset.o)
 .debug_aranges
                0x0000000000000e20       0x30 out/arm-plat-k3/ldelf-lib/libutils/libutils.a(strcmp.o)
 .debug_aranges
                0x0000000000000e50       0x30 out/arm-plat-k3/ldelf-lib/libutils/libutils.a(strcpy.o)
 .debug_aranges
                0x0000000000000e80       0x30 out/arm-plat-k3/ldelf-lib/libutils/libutils.a(strnlen.o)
 .debug_aranges
                0x0000000000000eb0       0x70 out/arm-plat-k3/ldelf-lib/libutils/libutils.a(snprintk.o)
 .debug_aranges
                0x0000000000000f20       0x70 out/arm-plat-k3/ldelf-lib/libutils/libutils.a(trace.o)
 .debug_aranges
                0x0000000000000f90       0x30 out/arm-plat-k3/ldelf-lib/libutils/libutils.a(memchr.o)
 .debug_aranges
                0x0000000000000fc0       0x30 out/arm-plat-k3/ldelf-lib/libutils/libutils.a(strlen.o)
 .debug_aranges
                0x0000000000000ff0       0x70 out/arm-plat-k3/ldelf-lib/libutee/libutee.a(trace_ext.o)

.debug_str      0x0000000000000000    0x16e8b
 .debug_str     0x0000000000000000    0x16e8b out/arm-plat-k3/ldelf/start_a64.o
                                         0x8b (size before relaxing)
 .debug_str     0x0000000000016e8b      0x143 out/arm-plat-k3/ldelf/syscalls_a64.o
 .debug_str     0x0000000000016e8b       0x94 out/arm-plat-k3/ldelf/tlsdesc_rel_a64.o
 .debug_str     0x0000000000016e8b     0xf012 out/arm-plat-k3/ldelf/dl.o
 .debug_str     0x0000000000016e8b     0xfb72 out/arm-plat-k3/ldelf/main.o
 .debug_str     0x0000000000016e8b     0xbee9 out/arm-plat-k3/ldelf/sys.o
 .debug_str     0x0000000000016e8b    0x14cbd out/arm-plat-k3/ldelf/ta_elf.o
 .debug_str     0x0000000000016e8b    0x13a01 out/arm-plat-k3/ldelf/ta_elf_rel.o
 .debug_str     0x0000000000016e8b     0x72ed out/arm-plat-k3/ldelf-lib/libunw/libunw.a(unwind_arm32.o)
 .debug_str     0x0000000000016e8b     0x7211 out/arm-plat-k3/ldelf-lib/libunw/libunw.a(unwind_arm64.o)
 .debug_str     0x0000000000016e8b     0xb3fc out/arm-plat-k3/ldelf-lib/libutee/libutee.a(assert.o)
 .debug_str     0x0000000000016e8b     0xb357 out/arm-plat-k3/ldelf-lib/libutee/libutee.a(tee_uuid_from_str.o)
 .debug_str     0x0000000000016e8b      0x57c out/arm-plat-k3/ldelf-lib/libutee/libutee.a(utee_syscalls_a64.o)
 .debug_str     0x0000000000016e8b     0xc526 out/arm-plat-k3/ldelf-lib/libutils/libutils.a(bget_malloc.o)
 .debug_str     0x0000000000016e8b     0x4a0c out/arm-plat-k3/ldelf-lib/libutils/libutils.a(isxdigit.o)
 .debug_str     0x0000000000016e8b     0x4fb7 out/arm-plat-k3/ldelf-lib/libutils/libutils.a(snprintf.o)
 .debug_str     0x0000000000016e8b     0x4a0a out/arm-plat-k3/ldelf-lib/libutils/libutils.a(tolower.o)
 .debug_str     0x0000000000016e8b     0x502c out/arm-plat-k3/ldelf-lib/libutils/libutils.a(memcmp.o)
 .debug_str     0x0000000000016e8b     0x5085 out/arm-plat-k3/ldelf-lib/libutils/libutils.a(memcpy.o)
 .debug_str     0x0000000000016e8b     0x501f out/arm-plat-k3/ldelf-lib/libutils/libutils.a(memset.o)
 .debug_str     0x0000000000016e8b     0x5209 out/arm-plat-k3/ldelf-lib/libutils/libutils.a(strcmp.o)
 .debug_str     0x0000000000016e8b     0x5212 out/arm-plat-k3/ldelf-lib/libutils/libutils.a(strcpy.o)
 .debug_str     0x0000000000016e8b     0x4fac out/arm-plat-k3/ldelf-lib/libutils/libutils.a(strnlen.o)
 .debug_str     0x0000000000016e8b     0x6593 out/arm-plat-k3/ldelf-lib/libutils/libutils.a(snprintk.o)
 .debug_str     0x0000000000016e8b     0x7232 out/arm-plat-k3/ldelf-lib/libutils/libutils.a(trace.o)
 .debug_str     0x0000000000016e8b     0x526c out/arm-plat-k3/ldelf-lib/libutils/libutils.a(memchr.o)
 .debug_str     0x0000000000016e8b     0x5209 out/arm-plat-k3/ldelf-lib/libutils/libutils.a(strlen.o)
 .debug_str     0x0000000000016e8b     0xb76a out/arm-plat-k3/ldelf-lib/libutee/libutee.a(trace_ext.o)

.debug_rnglists
                0x0000000000000000     0x1270
 .debug_rnglists
                0x0000000000000000       0x8f out/arm-plat-k3/ldelf/syscalls_a64.o
 .debug_rnglists
                0x000000000000008f       0x21 out/arm-plat-k3/ldelf/dl.o
 .debug_rnglists
                0x00000000000000b0       0x37 out/arm-plat-k3/ldelf/main.o
 .debug_rnglists
                0x00000000000000e7       0x7c out/arm-plat-k3/ldelf/sys.o
 .debug_rnglists
                0x0000000000000163      0x6d3 out/arm-plat-k3/ldelf/ta_elf.o
 .debug_rnglists
                0x0000000000000836      0x24a out/arm-plat-k3/ldelf/ta_elf_rel.o
 .debug_rnglists
                0x0000000000000a80       0xc9 out/arm-plat-k3/ldelf-lib/libunw/libunw.a(unwind_arm32.o)
 .debug_rnglists
                0x0000000000000b49       0x47 out/arm-plat-k3/ldelf-lib/libunw/libunw.a(unwind_arm64.o)
 .debug_rnglists
                0x0000000000000b90       0x21 out/arm-plat-k3/ldelf-lib/libutee/libutee.a(assert.o)
 .debug_rnglists
                0x0000000000000bb1       0x33 out/arm-plat-k3/ldelf-lib/libutee/libutee.a(tee_uuid_from_str.o)
 .debug_rnglists
                0x0000000000000be4      0x247 out/arm-plat-k3/ldelf-lib/libutee/libutee.a(utee_syscalls_a64.o)
 .debug_rnglists
                0x0000000000000e2b      0x245 out/arm-plat-k3/ldelf-lib/libutils/libutils.a(bget_malloc.o)
 .debug_rnglists
                0x0000000000001070       0x17 out/arm-plat-k3/ldelf-lib/libutils/libutils.a(isxdigit.o)
 .debug_rnglists
                0x0000000000001087       0x21 out/arm-plat-k3/ldelf-lib/libutils/libutils.a(snprintf.o)
 .debug_rnglists
                0x00000000000010a8       0x17 out/arm-plat-k3/ldelf-lib/libutils/libutils.a(tolower.o)
 .debug_rnglists
                0x00000000000010bf       0x17 out/arm-plat-k3/ldelf-lib/libutils/libutils.a(memcmp.o)
 .debug_rnglists
                0x00000000000010d6       0x18 out/arm-plat-k3/ldelf-lib/libutils/libutils.a(memcpy.o)
 .debug_rnglists
                0x00000000000010ee       0x17 out/arm-plat-k3/ldelf-lib/libutils/libutils.a(memset.o)
 .debug_rnglists
                0x0000000000001105       0x17 out/arm-plat-k3/ldelf-lib/libutils/libutils.a(strcmp.o)
 .debug_rnglists
                0x000000000000111c       0x17 out/arm-plat-k3/ldelf-lib/libutils/libutils.a(strcpy.o)
 .debug_rnglists
                0x0000000000001133       0x17 out/arm-plat-k3/ldelf-lib/libutils/libutils.a(strnlen.o)
 .debug_rnglists
                0x000000000000114a       0x51 out/arm-plat-k3/ldelf-lib/libutils/libutils.a(snprintk.o)
 .debug_rnglists
                0x000000000000119b       0x67 out/arm-plat-k3/ldelf-lib/libutils/libutils.a(trace.o)
 .debug_rnglists
                0x0000000000001202       0x17 out/arm-plat-k3/ldelf-lib/libutils/libutils.a(memchr.o)
 .debug_rnglists
                0x0000000000001219       0x17 out/arm-plat-k3/ldelf-lib/libutils/libutils.a(strlen.o)
 .debug_rnglists
                0x0000000000001230       0x40 out/arm-plat-k3/ldelf-lib/libutee/libutee.a(trace_ext.o)

.debug_loclists
                0x0000000000000000     0xa9a1
 .debug_loclists
                0x0000000000000000       0xbe out/arm-plat-k3/ldelf/dl.o
 .debug_loclists
                0x00000000000000be      0x198 out/arm-plat-k3/ldelf/main.o
 .debug_loclists
                0x0000000000000256      0x45f out/arm-plat-k3/ldelf/sys.o
 .debug_loclists
                0x00000000000006b5     0x34cf out/arm-plat-k3/ldelf/ta_elf.o
 .debug_loclists
                0x0000000000003b84     0x1dbd out/arm-plat-k3/ldelf/ta_elf_rel.o
 .debug_loclists
                0x0000000000005941      0x65c out/arm-plat-k3/ldelf-lib/libunw/libunw.a(unwind_arm32.o)
 .debug_loclists
                0x0000000000005f9d      0x180 out/arm-plat-k3/ldelf-lib/libunw/libunw.a(unwind_arm64.o)
 .debug_loclists
                0x000000000000611d       0x95 out/arm-plat-k3/ldelf-lib/libutee/libutee.a(assert.o)
 .debug_loclists
                0x00000000000061b2      0x2a9 out/arm-plat-k3/ldelf-lib/libutee/libutee.a(tee_uuid_from_str.o)
 .debug_loclists
                0x000000000000645b     0x227f out/arm-plat-k3/ldelf-lib/libutils/libutils.a(bget_malloc.o)
 .debug_loclists
                0x00000000000086da       0x36 out/arm-plat-k3/ldelf-lib/libutils/libutils.a(isxdigit.o)
 .debug_loclists
                0x0000000000008710       0xd2 out/arm-plat-k3/ldelf-lib/libutils/libutils.a(snprintf.o)
 .debug_loclists
                0x00000000000087e2       0x27 out/arm-plat-k3/ldelf-lib/libutils/libutils.a(tolower.o)
 .debug_loclists
                0x0000000000008809      0x100 out/arm-plat-k3/ldelf-lib/libutils/libutils.a(memcmp.o)
 .debug_loclists
                0x0000000000008909      0x2fc out/arm-plat-k3/ldelf-lib/libutils/libutils.a(memcpy.o)
 .debug_loclists
                0x0000000000008c05       0x79 out/arm-plat-k3/ldelf-lib/libutils/libutils.a(memset.o)
 .debug_loclists
                0x0000000000008c7e       0x62 out/arm-plat-k3/ldelf-lib/libutils/libutils.a(strcmp.o)
 .debug_loclists
                0x0000000000008ce0       0x89 out/arm-plat-k3/ldelf-lib/libutils/libutils.a(strcpy.o)
 .debug_loclists
                0x0000000000008d69       0xb5 out/arm-plat-k3/ldelf-lib/libutils/libutils.a(strnlen.o)
 .debug_loclists
                0x0000000000008e1e     0x16d4 out/arm-plat-k3/ldelf-lib/libutils/libutils.a(snprintk.o)
 .debug_loclists
                0x000000000000a4f2      0x310 out/arm-plat-k3/ldelf-lib/libutils/libutils.a(trace.o)
 .debug_loclists
                0x000000000000a802       0x90 out/arm-plat-k3/ldelf-lib/libutils/libutils.a(memchr.o)
 .debug_loclists
                0x000000000000a892       0x46 out/arm-plat-k3/ldelf-lib/libutils/libutils.a(strlen.o)
 .debug_loclists
                0x000000000000a8d8       0xc9 out/arm-plat-k3/ldelf-lib/libutee/libutee.a(trace_ext.o)

.debug_macro    0x0000000000000000    0x14c84
 .debug_macro   0x0000000000000000       0xfd out/arm-plat-k3/ldelf/dl.o
 .debug_macro   0x00000000000000fd      0xa9c out/arm-plat-k3/ldelf/dl.o
 .debug_macro   0x0000000000000b99      0x61c out/arm-plat-k3/ldelf/dl.o
 .debug_macro   0x00000000000011b5       0x7c out/arm-plat-k3/ldelf/dl.o
 .debug_macro   0x0000000000001231      0x190 out/arm-plat-k3/ldelf/dl.o
 .debug_macro   0x00000000000013c1      0x1a0 out/arm-plat-k3/ldelf/dl.o
 .debug_macro   0x0000000000001561       0xc4 out/arm-plat-k3/ldelf/dl.o
 .debug_macro   0x0000000000001625       0x22 out/arm-plat-k3/ldelf/dl.o
 .debug_macro   0x0000000000001647       0x2e out/arm-plat-k3/ldelf/dl.o
 .debug_macro   0x0000000000001675      0x119 out/arm-plat-k3/ldelf/dl.o
 .debug_macro   0x000000000000178e      0xcf1 out/arm-plat-k3/ldelf/dl.o
 .debug_macro   0x000000000000247f       0x35 out/arm-plat-k3/ldelf/dl.o
 .debug_macro   0x00000000000024b4       0xf0 out/arm-plat-k3/ldelf/dl.o
 .debug_macro   0x00000000000025a4       0x88 out/arm-plat-k3/ldelf/dl.o
 .debug_macro   0x000000000000262c       0xb6 out/arm-plat-k3/ldelf/dl.o
 .debug_macro   0x00000000000026e2       0x16 out/arm-plat-k3/ldelf/dl.o
 .debug_macro   0x00000000000026f8       0x58 out/arm-plat-k3/ldelf/dl.o
 .debug_macro   0x0000000000002750      0x2e9 out/arm-plat-k3/ldelf/dl.o
 .debug_macro   0x0000000000002a39      0x187 out/arm-plat-k3/ldelf/main.o
 .debug_macro   0x0000000000002bc0      0xa9c out/arm-plat-k3/ldelf/main.o
 .debug_macro   0x000000000000365c       0x34 out/arm-plat-k3/ldelf/main.o
 .debug_macro   0x0000000000003690       0x79 out/arm-plat-k3/ldelf/main.o
 .debug_macro   0x0000000000003709       0x1c out/arm-plat-k3/ldelf/main.o
 .debug_macro   0x0000000000003725       0x64 out/arm-plat-k3/ldelf/main.o
 .debug_macro   0x0000000000003789       0x33 out/arm-plat-k3/ldelf/main.o
 .debug_macro   0x00000000000037bc       0x22 out/arm-plat-k3/ldelf/main.o
 .debug_macro   0x00000000000037de      0x106 out/arm-plat-k3/ldelf/sys.o
 .debug_macro   0x00000000000038e4      0xa9c out/arm-plat-k3/ldelf/sys.o
 .debug_macro   0x0000000000004380      0x23c out/arm-plat-k3/ldelf/ta_elf.o
 .debug_macro   0x00000000000045bc      0xa9c out/arm-plat-k3/ldelf/ta_elf.o
 .debug_macro   0x0000000000005058       0x2e out/arm-plat-k3/ldelf/ta_elf.o
 .debug_macro   0x0000000000005086     0x1610 out/arm-plat-k3/ldelf/ta_elf.o
 .debug_macro   0x0000000000006696       0x4a out/arm-plat-k3/ldelf/ta_elf.o
 .debug_macro   0x00000000000066e0       0x5f out/arm-plat-k3/ldelf/ta_elf.o
 .debug_macro   0x000000000000673f       0xf7 out/arm-plat-k3/ldelf/ta_elf.o
 .debug_macro   0x0000000000006836      0x180 out/arm-plat-k3/ldelf/ta_elf_rel.o
 .debug_macro   0x00000000000069b6      0xa9c out/arm-plat-k3/ldelf/ta_elf_rel.o
 .debug_macro   0x0000000000007452       0x8e out/arm-plat-k3/ldelf/ta_elf_rel.o
 .debug_macro   0x00000000000074e0      0x156 out/arm-plat-k3/ldelf-lib/libunw/libunw.a(unwind_arm32.o)
 .debug_macro   0x0000000000007636      0xa9c out/arm-plat-k3/ldelf-lib/libunw/libunw.a(unwind_arm32.o)
 .debug_macro   0x00000000000080d2       0xea out/arm-plat-k3/ldelf-lib/libunw/libunw.a(unwind_arm64.o)
 .debug_macro   0x00000000000081bc      0xa9c out/arm-plat-k3/ldelf-lib/libunw/libunw.a(unwind_arm64.o)
 .debug_macro   0x0000000000008c58       0x1c out/arm-plat-k3/ldelf-lib/libunw/libunw.a(unwind_arm64.o)
 .debug_macro   0x0000000000008c74      0x105 out/arm-plat-k3/ldelf-lib/libutee/libutee.a(assert.o)
 .debug_macro   0x0000000000008d79      0xa9c out/arm-plat-k3/ldelf-lib/libutee/libutee.a(assert.o)
 .debug_macro   0x0000000000009815       0xdf out/arm-plat-k3/ldelf-lib/libutee/libutee.a(tee_uuid_from_str.o)
 .debug_macro   0x00000000000098f4      0xa9c out/arm-plat-k3/ldelf-lib/libutee/libutee.a(tee_uuid_from_str.o)
 .debug_macro   0x000000000000a390      0x1a9 out/arm-plat-k3/ldelf-lib/libutils/libutils.a(bget_malloc.o)
 .debug_macro   0x000000000000a539      0xa9c out/arm-plat-k3/ldelf-lib/libutils/libutils.a(bget_malloc.o)
 .debug_macro   0x000000000000afd5       0x10 out/arm-plat-k3/ldelf-lib/libutils/libutils.a(bget_malloc.o)
 .debug_macro   0x000000000000afe5       0x3c out/arm-plat-k3/ldelf-lib/libutils/libutils.a(bget_malloc.o)
 .debug_macro   0x000000000000b021       0x24 out/arm-plat-k3/ldelf-lib/libutils/libutils.a(isxdigit.o)
 .debug_macro   0x000000000000b045      0xa9c out/arm-plat-k3/ldelf-lib/libutils/libutils.a(isxdigit.o)
 .debug_macro   0x000000000000bae1       0x4d out/arm-plat-k3/ldelf-lib/libutils/libutils.a(snprintf.o)
 .debug_macro   0x000000000000bb2e      0xa9c out/arm-plat-k3/ldelf-lib/libutils/libutils.a(snprintf.o)
 .debug_macro   0x000000000000c5ca       0x24 out/arm-plat-k3/ldelf-lib/libutils/libutils.a(tolower.o)
 .debug_macro   0x000000000000c5ee      0xa9c out/arm-plat-k3/ldelf-lib/libutils/libutils.a(tolower.o)
 .debug_macro   0x000000000000d08a       0x51 out/arm-plat-k3/ldelf-lib/libutils/libutils.a(memcmp.o)
 .debug_macro   0x000000000000d0db      0xa9c out/arm-plat-k3/ldelf-lib/libutils/libutils.a(memcmp.o)
 .debug_macro   0x000000000000db77       0x7c out/arm-plat-k3/ldelf-lib/libutils/libutils.a(memcmp.o)
 .debug_macro   0x000000000000dbf3       0x57 out/arm-plat-k3/ldelf-lib/libutils/libutils.a(memcpy.o)
 .debug_macro   0x000000000000dc4a      0xa96 out/arm-plat-k3/ldelf-lib/libutils/libutils.a(memcpy.o)
 .debug_macro   0x000000000000e6e0       0x51 out/arm-plat-k3/ldelf-lib/libutils/libutils.a(memset.o)
 .debug_macro   0x000000000000e731      0xa9c out/arm-plat-k3/ldelf-lib/libutils/libutils.a(memset.o)
 .debug_macro   0x000000000000f1cd       0x54 out/arm-plat-k3/ldelf-lib/libutils/libutils.a(strcmp.o)
 .debug_macro   0x000000000000f221      0xa9c out/arm-plat-k3/ldelf-lib/libutils/libutils.a(strcmp.o)
 .debug_macro   0x000000000000fcbd       0x54 out/arm-plat-k3/ldelf-lib/libutils/libutils.a(strcpy.o)
 .debug_macro   0x000000000000fd11      0xa9c out/arm-plat-k3/ldelf-lib/libutils/libutils.a(strcpy.o)
 .debug_macro   0x00000000000107ad       0x45 out/arm-plat-k3/ldelf-lib/libutils/libutils.a(strnlen.o)
 .debug_macro   0x00000000000107f2      0xa9c out/arm-plat-k3/ldelf-lib/libutils/libutils.a(strnlen.o)
 .debug_macro   0x000000000001128e      0x13d out/arm-plat-k3/ldelf-lib/libutils/libutils.a(snprintk.o)
 .debug_macro   0x00000000000113cb      0xa9c out/arm-plat-k3/ldelf-lib/libutils/libutils.a(snprintk.o)
 .debug_macro   0x0000000000011e67       0xd9 out/arm-plat-k3/ldelf-lib/libutils/libutils.a(trace.o)
 .debug_macro   0x0000000000011f40      0xa9c out/arm-plat-k3/ldelf-lib/libutils/libutils.a(trace.o)
 .debug_macro   0x00000000000129dc       0x66 out/arm-plat-k3/ldelf-lib/libutils/libutils.a(memchr.o)
 .debug_macro   0x0000000000012a42      0xa9c out/arm-plat-k3/ldelf-lib/libutils/libutils.a(memchr.o)
 .debug_macro   0x00000000000134de       0x5a out/arm-plat-k3/ldelf-lib/libutils/libutils.a(strlen.o)
 .debug_macro   0x0000000000013538      0xa9c out/arm-plat-k3/ldelf-lib/libutils/libutils.a(strlen.o)
 .debug_macro   0x0000000000013fd4      0x12a out/arm-plat-k3/ldelf-lib/libutee/libutee.a(trace_ext.o)
 .debug_macro   0x00000000000140fe      0xa9c out/arm-plat-k3/ldelf-lib/libutee/libutee.a(trace_ext.o)
 .debug_macro   0x0000000000014b9a       0xea out/arm-plat-k3/ldelf-lib/libutee/libutee.a(trace_ext.o)

.comment        0x0000000000000000       0x12
 .comment       0x0000000000000000       0x12 out/arm-plat-k3/ldelf/dl.o
                                         0x13 (size before relaxing)
 .comment       0x0000000000000012       0x13 out/arm-plat-k3/ldelf/main.o
 .comment       0x0000000000000012       0x13 out/arm-plat-k3/ldelf/sys.o
 .comment       0x0000000000000012       0x13 out/arm-plat-k3/ldelf/ta_elf.o
 .comment       0x0000000000000012       0x13 out/arm-plat-k3/ldelf/ta_elf_rel.o
 .comment       0x0000000000000012       0x13 out/arm-plat-k3/ldelf-lib/libunw/libunw.a(unwind_arm32.o)
 .comment       0x0000000000000012       0x13 out/arm-plat-k3/ldelf-lib/libunw/libunw.a(unwind_arm64.o)
 .comment       0x0000000000000012       0x13 out/arm-plat-k3/ldelf-lib/libutee/libutee.a(assert.o)
 .comment       0x0000000000000012       0x13 out/arm-plat-k3/ldelf-lib/libutee/libutee.a(tee_uuid_from_str.o)
 .comment       0x0000000000000012       0x13 out/arm-plat-k3/ldelf-lib/libutils/libutils.a(bget_malloc.o)
 .comment       0x0000000000000012       0x13 out/arm-plat-k3/ldelf-lib/libutils/libutils.a(isxdigit.o)
 .comment       0x0000000000000012       0x13 out/arm-plat-k3/ldelf-lib/libutils/libutils.a(snprintf.o)
 .comment       0x0000000000000012       0x13 out/arm-plat-k3/ldelf-lib/libutils/libutils.a(tolower.o)
 .comment       0x0000000000000012       0x13 out/arm-plat-k3/ldelf-lib/libutils/libutils.a(memcmp.o)
 .comment       0x0000000000000012       0x13 out/arm-plat-k3/ldelf-lib/libutils/libutils.a(memcpy.o)
 .comment       0x0000000000000012       0x13 out/arm-plat-k3/ldelf-lib/libutils/libutils.a(memset.o)
 .comment       0x0000000000000012       0x13 out/arm-plat-k3/ldelf-lib/libutils/libutils.a(strcmp.o)
 .comment       0x0000000000000012       0x13 out/arm-plat-k3/ldelf-lib/libutils/libutils.a(strcpy.o)
 .comment       0x0000000000000012       0x13 out/arm-plat-k3/ldelf-lib/libutils/libutils.a(strnlen.o)
 .comment       0x0000000000000012       0x13 out/arm-plat-k3/ldelf-lib/libutils/libutils.a(snprintk.o)
 .comment       0x0000000000000012       0x13 out/arm-plat-k3/ldelf-lib/libutils/libutils.a(trace.o)
 .comment       0x0000000000000012       0x13 out/arm-plat-k3/ldelf-lib/libutils/libutils.a(memchr.o)
 .comment       0x0000000000000012       0x13 out/arm-plat-k3/ldelf-lib/libutils/libutils.a(strlen.o)
 .comment       0x0000000000000012       0x13 out/arm-plat-k3/ldelf-lib/libutee/libutee.a(trace_ext.o)

.note.GNU-stack
                0x0000000000000000        0x0
 .note.GNU-stack
                0x0000000000000000        0x0 out/arm-plat-k3/ldelf/dl.o
 .note.GNU-stack
                0x0000000000000000        0x0 out/arm-plat-k3/ldelf/main.o
 .note.GNU-stack
                0x0000000000000000        0x0 out/arm-plat-k3/ldelf/sys.o
 .note.GNU-stack
                0x0000000000000000        0x0 out/arm-plat-k3/ldelf/ta_elf.o
 .note.GNU-stack
                0x0000000000000000        0x0 out/arm-plat-k3/ldelf/ta_elf_rel.o
 .note.GNU-stack
                0x0000000000000000        0x0 out/arm-plat-k3/ldelf-lib/libunw/libunw.a(unwind_arm32.o)
 .note.GNU-stack
                0x0000000000000000        0x0 out/arm-plat-k3/ldelf-lib/libunw/libunw.a(unwind_arm64.o)
 .note.GNU-stack
                0x0000000000000000        0x0 out/arm-plat-k3/ldelf-lib/libutee/libutee.a(assert.o)
 .note.GNU-stack
                0x0000000000000000        0x0 out/arm-plat-k3/ldelf-lib/libutee/libutee.a(tee_uuid_from_str.o)
 .note.GNU-stack
                0x0000000000000000        0x0 out/arm-plat-k3/ldelf-lib/libutils/libutils.a(bget_malloc.o)
 .note.GNU-stack
                0x0000000000000000        0x0 out/arm-plat-k3/ldelf-lib/libutils/libutils.a(isxdigit.o)
 .note.GNU-stack
                0x0000000000000000        0x0 out/arm-plat-k3/ldelf-lib/libutils/libutils.a(snprintf.o)
 .note.GNU-stack
                0x0000000000000000        0x0 out/arm-plat-k3/ldelf-lib/libutils/libutils.a(tolower.o)
 .note.GNU-stack
                0x0000000000000000        0x0 out/arm-plat-k3/ldelf-lib/libutils/libutils.a(memcmp.o)
 .note.GNU-stack
                0x0000000000000000        0x0 out/arm-plat-k3/ldelf-lib/libutils/libutils.a(memcpy.o)
 .note.GNU-stack
                0x0000000000000000        0x0 out/arm-plat-k3/ldelf-lib/libutils/libutils.a(memset.o)
 .note.GNU-stack
                0x0000000000000000        0x0 out/arm-plat-k3/ldelf-lib/libutils/libutils.a(strcmp.o)
 .note.GNU-stack
                0x0000000000000000        0x0 out/arm-plat-k3/ldelf-lib/libutils/libutils.a(strcpy.o)
 .note.GNU-stack
                0x0000000000000000        0x0 out/arm-plat-k3/ldelf-lib/libutils/libutils.a(strnlen.o)
 .note.GNU-stack
                0x0000000000000000        0x0 out/arm-plat-k3/ldelf-lib/libutils/libutils.a(snprintk.o)
 .note.GNU-stack
                0x0000000000000000        0x0 out/arm-plat-k3/ldelf-lib/libutils/libutils.a(trace.o)
 .note.GNU-stack
                0x0000000000000000        0x0 out/arm-plat-k3/ldelf-lib/libutils/libutils.a(memchr.o)
 .note.GNU-stack
                0x0000000000000000        0x0 out/arm-plat-k3/ldelf-lib/libutils/libutils.a(strlen.o)
 .note.GNU-stack
                0x0000000000000000        0x0 out/arm-plat-k3/ldelf-lib/libutee/libutee.a(trace_ext.o)
