Plugin version : 3.0.0.0
Canvas:root
    Generic properties:
        canvas width:1920
        canvas height:720
Item:ride_modes
    Generic properties:
        Item Pos x:0
        Item Pos y:0
Image:road_active
    Generic properties:
        Image Pos x:1803
        Image Pos y:104
        Image Size x:67
        Image Size y:56
Image:road_inactive
    Generic properties:
        Image Pos x:1803
        Image Pos y:104
        Image Size x:67
        Image Size y:56
Image:road_req
    Generic properties:
        Image Pos x:1803
        Image Pos y:104
        Image Size x:67
        Image Size y:56
Image:sport_req
    Generic properties:
        Image Pos x:1803
        Image Pos y:104
        Image Size x:67
        Image Size y:56
Image:sport_inactive
    Generic properties:
        Image Pos x:1803
        Image Pos y:104
        Image Size x:67
        Image Size y:56
Image:sport_active
    Generic properties:
        Image Pos x:1803
        Image Pos y:104
        Image Size x:67
        Image Size y:56
Image:offroad_req
    Generic properties:
        Image Pos x:1803
        Image Pos y:104
        Image Size x:67
        Image Size y:56
Image:offroad_override_req
    Generic properties:
        Image Pos x:1803
        Image Pos y:104
        Image Size x:67
        Image Size y:56
Image:offroad_override_active
    Generic properties:
        Image Pos x:1803
        Image Pos y:104
        Image Size x:67
        Image Size y:56
Image:offroad_inactive
    Generic properties:
        Image Pos x:1803
        Image Pos y:104
        Image Size x:67
        Image Size y:56
Image:offroad_active
    Generic properties:
        Image Pos x:1803
        Image Pos y:104
        Image Size x:67
        Image Size y:56
Image:custom_offroad_req
    Generic properties:
        Image Pos x:1803
        Image Pos y:104
        Image Size x:67
        Image Size y:56
Image:custom_offroad_override_req
    Generic properties:
        Image Pos x:1803
        Image Pos y:104
        Image Size x:67
        Image Size y:56
Image:custom_offroad_override_active
    Generic properties:
        Image Pos x:1803
        Image Pos y:104
        Image Size x:67
        Image Size y:56
Image:custom_offroad_inactive
    Generic properties:
        Image Pos x:1803
        Image Pos y:104
        Image Size x:67
        Image Size y:56
Image:custom_offroad_active
    Generic properties:
        Image Pos x:1803
        Image Pos y:104
        Image Size x:67
        Image Size y:56
Image:customa_req
    Generic properties:
        Image Pos x:1803
        Image Pos y:104
        Image Size x:67
        Image Size y:56
Image:customa_inactive
    Generic properties:
        Image Pos x:1803
        Image Pos y:104
        Image Size x:67
        Image Size y:56
Image:customa_active
    Generic properties:
        Image Pos x:1803
        Image Pos y:104
        Image Size x:67
        Image Size y:56
Image:customb_req
    Generic properties:
        Image Pos x:1803
        Image Pos y:104
        Image Size x:67
        Image Size y:56
Image:customb_inactive
    Generic properties:
        Image Pos x:1803
        Image Pos y:104
        Image Size x:67
        Image Size y:56
Image:customb_active
    Generic properties:
        Image Pos x:1803
        Image Pos y:104
        Image Size x:67
        Image Size y:56
Image:rain_req
    Generic properties:
        Image Pos x:1803
        Image Pos y:104
        Image Size x:67
        Image Size y:56
Image:rain_inactive
    Generic properties:
        Image Pos x:1803
        Image Pos y:104
        Image Size x:67
        Image Size y:56
Image:rain_active
    Generic properties:
        Image Pos x:1803
        Image Pos y:104
        Image Size x:67
        Image Size y:56
Image:eco_req
    Generic properties:
        Image Pos x:1803
        Image Pos y:104
        Image Size x:67
        Image Size y:56
Image:eco_inactive
    Generic properties:
        Image Pos x:1803
        Image Pos y:104
        Image Size x:67
        Image Size y:56
Image:eco_active
    Generic properties:
        Image Pos x:1803
        Image Pos y:104
        Image Size x:67
        Image Size y:56
Image:error_mode_0
    Generic properties:
        Image Pos x:1803
        Image Pos y:104
        Image Size x:67
        Image Size y:56
Image:icon_aux
    Generic properties:
        Image Pos x:274
        Image Pos y:26
        Image Size x:44
        Image Size y:16
Image:turbine
    Generic properties:
        Image Pos x:323
        Image Pos y:16
        Image Size x:48
        Image Size y:42
Image:parking_brake
    Generic properties:
        Image Pos x:1180
        Image Pos y:11
        Image Size x:48
        Image Size y:40
Image:aux_lights
    Generic properties:
        Image Pos x:1501
        Image Pos y:11
        Image Size x:39
        Image Size y:39
Image:rear_fog_light
    Generic properties:
        Image Pos x:1449
        Image Pos y:11
        Image Size x:39
        Image Size y:39
Image:low_fuel
    Generic properties:
        Image Pos x:641
        Image Pos y:12
        Image Size x:43
        Image Size y:42
Image:service_interval
    Generic properties:
        Image Pos x:392
        Image Pos y:12
        Image Size x:17
        Image Size y:39
Image:check_engine
    Generic properties:
        Image Pos x:583
        Image Pos y:11
        Image Size x:52
        Image Size y:34
Image:hight_beam
    Generic properties:
        Image Pos x:1390
        Image Pos y:11
        Image Size x:48
        Image Size y:30
Image:automatic_high_beam
    Generic properties:
        Image Pos x:1337
        Image Pos y:11
        Image Size x:48
        Image Size y:30
Image:left_turn_indicator
    Generic properties:
        Image Pos x:1835
        Image Pos y:654
        Image Size x:46
        Image Size y:50
Image:right_turn_indicator
    Generic properties:
        Image Pos x:38
        Image Pos y:654
        Image Size x:46
        Image Size y:50
Image:low_tire_pressure
    Generic properties:
        Image Pos x:696
        Image Pos y:11
        Image Size x:40
        Image Size y:39
Image:coolant_temp
    Generic properties:
        Image Pos x:537
        Image Pos y:11
        Image Size x:40
        Image Size y:36
Image:low_oil_pressure
    Generic properties:
        Image Pos x:468
        Image Pos y:11
        Image Size x:62
        Image Size y:27
Image:general_purpose_fault
    Generic properties:
        Image Pos x:424
        Image Pos y:11
        Image Size x:41
        Image Size y:38
Image:vehicle_hold_control
    Generic properties:
        Image Pos x:1233
        Image Pos y:11
        Image Size x:49
        Image Size y:40
Image:traction_control_0
    Generic properties:
        Image Pos x:1607
        Image Pos y:10
        Image Size x:50
        Image Size y:40
Image:heated_grips_fault
    Generic properties:
        Image Pos x:1283
        Image Pos y:9
        Image Size x:51
        Image Size y:38
Image:heated_grips_3
    Generic properties:
        Image Pos x:1283
        Image Pos y:9
        Image Size x:51
        Image Size y:49
Image:heated_grips_2
    Generic properties:
        Image Pos x:1283
        Image Pos y:9
        Image Size x:51
        Image Size y:49
Image:heated_grips_1
    Generic properties:
        Image Pos x:1283
        Image Pos y:9
        Image Size x:51
        Image Size y:49
Image:heated_grips_0
    Generic properties:
        Image Pos x:1283
        Image Pos y:9
        Image Size x:51
        Image Size y:49
Item:shmi_region_1
    Generic properties:
        Item Pos x:0
        Item Pos y:0
Image:low_battery_voltage
    Generic properties:
        Image Pos x:1653
        Image Pos y:11
        Image Size x:48
        Image Size y:33
Image:abs_0
    Generic properties:
        Image Pos x:1547
        Image Pos y:10
        Image Size x:49
        Image Size y:40
Image:traction_control_fault
    Generic properties:
        Image Pos x:1599
        Image Pos y:10
        Image Size x:50
        Image Size y:40
Image:load_shed
    Generic properties:
        Image Pos x:1653
        Image Pos y:2
        Image Size x:53
        Image Size y:46
