Plugin version : 2.1.0.0
Canvas:root
    Generic properties:
        canvas width:800
        canvas height:480
Image:wallpaper_reference
    Generic properties:
        Image Pos x:0
        Image Pos y:0
        Image Size x:800
        Image Size y:480
Item:gear_PRNDS_region_1
    Generic properties:
        Item Pos x:0
        Item Pos y:0
Image:gear_1_PRNDS_unselected_cold
    Generic properties:
        Image Pos x:337
        Image Pos y:434
        Image Size x:117
        Image Size y:32
Image:gear_1_PRNDS_unselected_warm
    Generic properties:
        Image Pos x:337
        Image Pos y:434
        Image Size x:117
        Image Size y:32
Image:gear_2_RNDS_unselected_P_selected_cold
    Generic properties:
        Image Pos x:337
        Image Pos y:434
        Image Size x:117
        Image Size y:32
Image:gear_2_RNDS_unselected_P_selected_warm
    Generic properties:
        Image Pos x:337
        Image Pos y:434
        Image Size x:117
        Image Size y:32
Image:gear_3_PNDS_unselected_R_selected_cold
    Generic properties:
        Image Pos x:337
        Image Pos y:434
        Image Size x:117
        Image Size y:32
Image:gear_3_PNDS_unselected_R_selected_warm
    Generic properties:
        Image Pos x:337
        Image Pos y:434
        Image Size x:117
        Image Size y:32
Image:gear_4_PRDS_unselected_N_selected_cold
    Generic properties:
        Image Pos x:337
        Image Pos y:434
        Image Size x:117
        Image Size y:32
Image:gear_4_PRDS_unselected_N_selected_warm
    Generic properties:
        Image Pos x:337
        Image Pos y:434
        Image Size x:117
        Image Size y:32
Image:gear_5_PRNS_unselected_D_selected_cold
    Generic properties:
        Image Pos x:337
        Image Pos y:434
        Image Size x:117
        Image Size y:32
Image:gear_5_PRNS_unselected_D_selected_warm
    Generic properties:
        Image Pos x:337
        Image Pos y:434
        Image Size x:117
        Image Size y:32
Image:gear_6_PRND_unselected_S_selected_cold
    Generic properties:
        Image Pos x:337
        Image Pos y:434
        Image Size x:117
        Image Size y:32
Image:gear_6_PRND_unselected_S_selected_warm
    Generic properties:
        Image Pos x:337
        Image Pos y:434
        Image Size x:117
        Image Size y:32
Image:gear_7_PRNDS_selected_cold
    Generic properties:
        Image Pos x:337
        Image Pos y:434
        Image Size x:117
        Image Size y:32
Image:gear_7_PRNDS_selected_warm
    Generic properties:
        Image Pos x:337
        Image Pos y:434
        Image Size x:117
        Image Size y:32
Item:gear_PRNDS_region_2
    Generic properties:
        Item Pos x:150
        Item Pos y:0
Image:gear_8_PRNDM_unselected_cold
    Generic properties:
        Image Pos x:337
        Image Pos y:435
        Image Size x:124
        Image Size y:30
Image:gear_8_PRNDM_unselected_warm
    Generic properties:
        Image Pos x:337
        Image Pos y:435
        Image Size x:124
        Image Size y:30
Image:gear_9_RNDM_unselected_P_selected_cold
    Generic properties:
        Image Pos x:337
        Image Pos y:435
        Image Size x:124
        Image Size y:30
Image:gear_9_RNDM_unselected_P_selected_warm
    Generic properties:
        Image Pos x:337
        Image Pos y:435
        Image Size x:124
        Image Size y:30
Image:gear_10_PNDM_unselected_R_selected_cold
    Generic properties:
        Image Pos x:337
        Image Pos y:435
        Image Size x:124
        Image Size y:30
Image:gear_10_PNDM_unselected_R_selected_warm
    Generic properties:
        Image Pos x:337
        Image Pos y:435
        Image Size x:124
        Image Size y:30
Image:gear_11_PRDM_unselected_N_selected_cold
    Generic properties:
        Image Pos x:337
        Image Pos y:435
        Image Size x:124
        Image Size y:30
Image:gear_11_PRDM_unselected_N_selected_warm
    Generic properties:
        Image Pos x:337
        Image Pos y:435
        Image Size x:124
        Image Size y:30
Image:gear_12_PRNM_unselected_D_selected_cold
    Generic properties:
        Image Pos x:337
        Image Pos y:435
        Image Size x:124
        Image Size y:30
Image:gear_12_PRNM_unselected_D_selected_warm
    Generic properties:
        Image Pos x:337
        Image Pos y:435
        Image Size x:124
        Image Size y:30
Image:gear_13_PRND_unselected_M_selected_cold
    Generic properties:
        Image Pos x:337
        Image Pos y:435
        Image Size x:124
        Image Size y:30
Image:gear_13_PRND_unselected_M_selected_warm
    Generic properties:
        Image Pos x:337
        Image Pos y:435
        Image Size x:124
        Image Size y:30
Image:gear_14_PRNDM_selected_cold
    Generic properties:
        Image Pos x:337
        Image Pos y:435
        Image Size x:124
        Image Size y:30
Image:gear_14_PRNDM_selected_warm
    Generic properties:
        Image Pos x:337
        Image Pos y:435
        Image Size x:124
        Image Size y:30
Item:gear_PRNDS_region_3
    Generic properties:
        Item Pos x:300
        Item Pos y:0
Image:gear_15_PRNDL_unselected_cold
    Generic properties:
        Image Pos x:337
        Image Pos y:435
        Image Size x:116
        Image Size y:30
Image:gear_15_PRNDL_unselected_warm
    Generic properties:
        Image Pos x:337
        Image Pos y:435
        Image Size x:116
        Image Size y:30
Image:gear_15_RNDL_unselected_P_selected_cold
    Generic properties:
        Image Pos x:337
        Image Pos y:435
        Image Size x:116
        Image Size y:30
Image:gear_16_RNDL_unselected_P_selected_warm
    Generic properties:
        Image Pos x:337
        Image Pos y:435
        Image Size x:116
        Image Size y:30
Image:gear_17_PNDL_unselected_R_selected_cold
    Generic properties:
        Image Pos x:337
        Image Pos y:435
        Image Size x:116
        Image Size y:30
Image:gear_17_PNDL_unselected_R_selected_warm
    Generic properties:
        Image Pos x:337
        Image Pos y:435
        Image Size x:116
        Image Size y:30
Image:gear_18_PRDL_unselected_N_selected_cold
    Generic properties:
        Image Pos x:337
        Image Pos y:435
        Image Size x:116
        Image Size y:30
Image:gear_18_PRDL_unselected_N_selected_warm
    Generic properties:
        Image Pos x:337
        Image Pos y:435
        Image Size x:116
        Image Size y:30
Image:gear_19_PRNL_unselected_D_selected_cold
    Generic properties:
        Image Pos x:337
        Image Pos y:435
        Image Size x:116
        Image Size y:30
Image:gear_19_PRNL_unselected_D_selected_warm
    Generic properties:
        Image Pos x:337
        Image Pos y:435
        Image Size x:116
        Image Size y:30
Image:gear_20_PRND_unselected_L_selected_cold
    Generic properties:
        Image Pos x:337
        Image Pos y:435
        Image Size x:116
        Image Size y:30
Image:gear_20_PRND_unselected_L_selected_warm
    Generic properties:
        Image Pos x:337
        Image Pos y:435
        Image Size x:116
        Image Size y:30
Image:gear_21_PRNDL_selected_cold
    Generic properties:
        Image Pos x:337
        Image Pos y:435
        Image Size x:116
        Image Size y:30
Image:gear_21_PRNDL_selected_warm
    Generic properties:
        Image Pos x:337
        Image Pos y:435
        Image Size x:116
        Image Size y:30
Item:epb_region
    Generic properties:
        Item Pos x:0
        Item Pos y:0
Image:telltale_epb_row
    Generic properties:
        Image Pos x:683
        Image Pos y:28
        Image Size x:41
        Image Size y:32
Image:telltale_epb_usa
    Generic properties:
        Image Pos x:683
        Image Pos y:28
        Image Size x:41
        Image Size y:32
Image:telltale_brake_row
    Generic properties:
        Image Pos x:635
        Image Pos y:85
        Image Size x:41
        Image Size y:32
Image:telltale_brake_usa
    Generic properties:
        Image Pos x:628
        Image Pos y:41
        Image Size x:48
        Image Size y:15
Image:img_hazard_tt
    Generic properties:
        Image Pos x:100
        Image Pos y:100
        Image Size x:25
        Image Size y:22
Image:img_highbeam_tt
    Generic properties:
        Image Pos x:150
        Image Pos y:100
        Image Size x:27
        Image Size y:19
Image:img_lamp_icon
    Generic properties:
        Image Pos x:200
        Image Pos y:100
        Image Size x:28
        Image Size y:26
Image:img_lanedep_tt
    Generic properties:
        Image Pos x:250
        Image Pos y:100
        Image Size x:36
        Image Size y:17
Image:img_lowbeam_tt
    Generic properties:
        Image Pos x:300
        Image Pos y:100
        Image Size x:30
        Image Size y:20
Image:img_lturn_tt
    Generic properties:
        Image Pos x:350
        Image Pos y:100
        Image Size x:27
        Image Size y:23
