road_active_ 0x70B,0x68,0x74D,0x9F,0,0,0xEBA5301F,0x79C6971C,0x2DF498E6,0x983AB280
./test_crc -s 0 -w 0 -c 0x70B,0x68,0x74D,0x9F,0,0,0xEBA5301F,0x79C6971C,0x2DF498E6,0x983AB280
road_inactive_ 0x70B,0x68,0x74D,0x9F,0,0,0xFAEB201,0xFAEB201,0xFAEB201,0xF237924F
./test_crc -s 0 -w 0 -c 0x70B,0x68,0x74D,0x9F,0,0,0xFAEB201,0xFAEB201,0xFAEB201,0xF237924F
road_req_ 0x70B,0x68,0x74D,0x9F,0,0,0xE0F37F0B,0x27C57423,0xE4EC422C,0xB71DA9
./test_crc -s 0 -w 0 -c 0x70B,0x68,0x74D,0x9F,0,0,0xE0F37F0B,0x27C57423,0xE4EC422C,0xB71DA9
sport_req_ 0x70B,0x68,0x74D,0x9F,0,0,0x86C76BBA,0x7E33C1FD,0x7E33C1FD,0x277A5C
./test_crc -s 0 -w 0 -c 0x70B,0x68,0x74D,0x9F,0,0,0x86C76BBA,0x7E33C1FD,0x7E33C1FD,0x277A5C
sport_inactive_ 0x70B,0x68,0x74D,0x9F,0,0,0xA72C019E,0xA72C019E,0xA72C019E,0xD4C161E2
./test_crc -s 0 -w 0 -c 0x70B,0x68,0x74D,0x9F,0,0,0xA72C019E,0xA72C019E,0xA72C019E,0xD4C161E2
sport_active_ 0x70B,0x68,0x74D,0x9F,0,0,0xEBA5301F,0x7E33C1FD,0x7E33C1FD,0x149D8B35
./test_crc -s 0 -w 0 -c 0x70B,0x68,0x74D,0x9F,0,0,0xEBA5301F,0x7E33C1FD,0x7E33C1FD,0x149D8B35
offroad_req_ 0x70B,0x68,0x74D,0x9F,0,0,0xB7E21E4A,0xBFDBC489,0x325D5050,0xE8FC35CC
./test_crc -s 0 -w 0 -c 0x70B,0x68,0x74D,0x9F,0,0,0xB7E21E4A,0xBFDBC489,0x325D5050,0xE8FC35CC
offroad_override_req_ 0x70B,0x68,0x74D,0x9F,0,0,0xD6FC60D2,0x93C9EA15,0x6B3D4052,0x5895154B
./test_crc -s 0 -w 0 -c 0x70B,0x68,0x74D,0x9F,0,0,0xD6FC60D2,0x93C9EA15,0x6B3D4052,0x5895154B
offroad_override_active_ 0x70B,0x68,0x74D,0x9F,0,0,0x6E192520,0x93C9EA15,0xEBA5301F,0xA23CD573
./test_crc -s 0 -w 0 -c 0x70B,0x68,0x74D,0x9F,0,0,0x6E192520,0x93C9EA15,0xEBA5301F,0xA23CD573
offroad_inactive_ 0x70B,0x68,0x74D,0x9F,0,0,0x9ABD7412,0x9ABD7412,0x9ABD7412,0xBCEB10AC
./test_crc -s 0 -w 0 -c 0x70B,0x68,0x74D,0x9F,0,0,0x9ABD7412,0x9ABD7412,0x9ABD7412,0xBCEB10AC
offroad_active_ 0x70B,0x68,0x74D,0x9F,0,0,0x4398A187,0x46E3303D,0x79C42673,0x357CAA51
./test_crc -s 0 -w 0 -c 0x70B,0x68,0x74D,0x9F,0,0,0x4398A187,0x46E3303D,0x79C42673,0x357CAA51
custom_offroad_req_ 0x70B,0x68,0x74D,0x9F,0,0,0x376A7067,0x3F53AAA4,0xB2D53E7D,0x809D707E
./test_crc -s 0 -w 0 -c 0x70B,0x68,0x74D,0x9F,0,0,0x376A7067,0x3F53AAA4,0xB2D53E7D,0x809D707E
custom_offroad_override_req_ 0x70B,0x68,0x74D,0x9F,0,0,0x56740EFF,0x13418438,0xEBB52E7F,0x30F450F9
./test_crc -s 0 -w 0 -c 0x70B,0x68,0x74D,0x9F,0,0,0x56740EFF,0x13418438,0xEBB52E7F,0x30F450F9
custom_offroad_override_active_ 0x70B,0x68,0x74D,0x9F,0,0,0x603C1532,0x13418438,0xEBA5301F,0xB4F8AF82
./test_crc -s 0 -w 0 -c 0x70B,0x68,0x74D,0x9F,0,0,0x603C1532,0x13418438,0xEBA5301F,0xB4F8AF82
custom_offroad_inactive_ 0x70B,0x68,0x74D,0x9F,0,0,0xE22C8C87,0xE22C8C87,0xE22C8C87,0x428B6AED
./test_crc -s 0 -w 0 -c 0x70B,0x68,0x74D,0x9F,0,0,0xE22C8C87,0xE22C8C87,0xE22C8C87,0x428B6AED
custom_offroad_active_ 0x70B,0x68,0x74D,0x9F,0,0,0xEAC66405,0x65405D0,0x3D3204BE,0x6FB7D47F
./test_crc -s 0 -w 0 -c 0x70B,0x68,0x74D,0x9F,0,0,0xEAC66405,0x65405D0,0x3D3204BE,0x6FB7D47F
customa_req_ 0x70B,0x68,0x74D,0x9F,0,0,0xB531C18C,0x6BD23FA6,0xB531C18C,0x9B979A94
./test_crc -s 0 -w 0 -c 0x70B,0x68,0x74D,0x9F,0,0,0xB531C18C,0x6BD23FA6,0xB531C18C,0x9B979A94
customa_inactive_ 0x70B,0x68,0x74D,0x9F,0,0,0xF18D8E83,0xF18D8E83,0xF18D8E83,0xB0CA1211
./test_crc -s 0 -w 0 -c 0x70B,0x68,0x74D,0x9F,0,0,0xF18D8E83,0xF18D8E83,0xF18D8E83,0xB0CA1211
customa_active_ 0x70B,0x68,0x74D,0x9F,0,0,0xB531C18C,0x71F5C249,0xB531C18C,0xFFA396BC
./test_crc -s 0 -w 0 -c 0x70B,0x68,0x74D,0x9F,0,0,0xB531C18C,0x71F5C249,0xB531C18C,0xFFA396BC
customb_req_ 0x70B,0x68,0x74D,0x9F,0,0,0x165519B2,0xC8B6E798,0x165519B2,0xB147DA0F
./test_crc -s 0 -w 0 -c 0x70B,0x68,0x74D,0x9F,0,0,0x165519B2,0xC8B6E798,0x165519B2,0xB147DA0F
customb_inactive_ 0x70B,0x68,0x74D,0x9F,0,0,0xC620CD6A,0xC620CD6A,0xC620CD6A,0x2471B89E
./test_crc -s 0 -w 0 -c 0x70B,0x68,0x74D,0x9F,0,0,0xC620CD6A,0xC620CD6A,0xC620CD6A,0x2471B89E
customb_active_ 0x70B,0x68,0x74D,0x9F,0,0,0x717E5241,0x75AAD8F2,0x8EBC9368,0xEBF41C7
./test_crc -s 0 -w 0 -c 0x70B,0x68,0x74D,0x9F,0,0,0x717E5241,0x75AAD8F2,0x8EBC9368,0xEBF41C7
rain_req_ 0x70B,0x68,0x74D,0x9F,0,0,0x349E6A39,0x4A80F514,0x68FDD003,0xA1EAF8CA
./test_crc -s 0 -w 0 -c 0x70B,0x68,0x74D,0x9F,0,0,0x349E6A39,0x4A80F514,0x68FDD003,0xA1EAF8CA
rain_inactive_ 0x70B,0x68,0x74D,0x9F,0,0,0x4E886870,0x4E886870,0x4E886870,0x3D4C5ADA
./test_crc -s 0 -w 0 -c 0x70B,0x68,0x74D,0x9F,0,0,0x4E886870,0x4E886870,0x4E886870,0x3D4C5ADA
rain_active_ 0x70B,0x68,0x74D,0x9F,0,0,0x8301FD26,0x52467218,0x80435A9D,0xC24774E6
./test_crc -s 0 -w 0 -c 0x70B,0x68,0x74D,0x9F,0,0,0x8301FD26,0x52467218,0x80435A9D,0xC24774E6
eco_req_ 0x70B,0x68,0x74D,0x9F,0,0,0xE7C43035,0x3927CE1F,0xE7C43035,0x1E97AF1A
./test_crc -s 0 -w 0 -c 0x70B,0x68,0x74D,0x9F,0,0,0xE7C43035,0x3927CE1F,0xE7C43035,0x1E97AF1A
eco_inactive_ 0x70B,0x68,0x74D,0x9F,0,0,0x29979F8,0x29979F8,0x29979F8,0x5115C7D
./test_crc -s 0 -w 0 -c 0x70B,0x68,0x74D,0x9F,0,0,0x29979F8,0x29979F8,0x29979F8,0x5115C7D
eco_active_ 0x70B,0x68,0x74D,0x9F,0,0,0xE7C43035,0x46BA4BEC,0xE7C43035,0xF917E21F
./test_crc -s 0 -w 0 -c 0x70B,0x68,0x74D,0x9F,0,0,0xE7C43035,0x46BA4BEC,0xE7C43035,0xF917E21F
error_mode_0_ 0x70B,0x68,0x74D,0x9F,0,0,0x4200A740,0xEC10B93C,0xF6F27434,0xDF1960A1
./test_crc -s 0 -w 0 -c 0x70B,0x68,0x74D,0x9F,0,0,0x4200A740,0xEC10B93C,0xF6F27434,0xDF1960A1
left_turn_indicator 0x72B,0x28E,0x758,0x2BF,0,0,0x82FA8138,0xE02ACA4C,0x82FA8138,0x5D70D9F3
./test_crc -s 0 -w 0 -c 0x72B,0x28E,0x758,0x2BF,0,0,0x82FA8138,0xE02ACA4C,0x82FA8138,0x5D70D9F3
right_turn_indicator 0x26,0x28E,0x53,0x2BF,0,0,0x82FA8138,0xE2A59967,0x82FA8138,0x8EBB91EE
./test_crc -s 0 -w 0 -c 0x26,0x28E,0x53,0x2BF,0,0,0x82FA8138,0xE2A59967,0x82FA8138,0x8EBB91EE
low_battery_voltage_ 0x60B,0x02,0x6A9,0x31,0,0,0xB75F4E73,0x46DD9E7,0x46DD9E7,0xB7000C90
./test_crc -s 0 -w 0 -c 0x60B,0x02,0x6A9,0x31,0,0,0xB75F4E73,0x46DD9E7,0x46DD9E7,0xB7000C90
abs_0_ 0x60B,0x02,0x6A9,0x31,0,0,0xA2B889E2,0x31A8AACE,0x28A577BB,0x660F7383
./test_crc -s 0 -w 0 -c 0x60B,0x02,0x6A9,0x31,0,0,0xA2B889E2,0x31A8AACE,0x28A577BB,0x660F7383
traction_control_fault_ 0x60B,0x02,0x6A9,0x31,0,0,0xF3C30ABA,0xB806F639,0x200FC813,0xAF9BD4B8
./test_crc -s 0 -w 0 -c 0x60B,0x02,0x6A9,0x31,0,0,0xF3C30ABA,0xB806F639,0x200FC813,0xAF9BD4B8
load_shed_ 0x60B,0x02,0x6A9,0x31,0,0,0xC0FE9B9F,0x829FD4E6,0xF0D069A9,0x445AE855
./test_crc -s 0 -w 0 -c 0x60B,0x02,0x6A9,0x31,0,0,0xC0FE9B9F,0x829FD4E6,0xF0D069A9,0x445AE855
road_active_ 0x70B,0x68,0x74D,0x9F,0,0,0xEBA5301F,0x79C6971C,0x2DF498E6,0x983AB280
./test_crc -s 0 -w 0 -c 0x70B,0x68,0x74D,0x9F,0,0,0xEBA5301F,0x79C6971C,0x2DF498E6,0x983AB280
road_inactive_ 0x70B,0x68,0x74D,0x9F,0,0,0xFAEB201,0xFAEB201,0xFAEB201,0xF237924F
./test_crc -s 0 -w 0 -c 0x70B,0x68,0x74D,0x9F,0,0,0xFAEB201,0xFAEB201,0xFAEB201,0xF237924F
road_req_ 0x70B,0x68,0x74D,0x9F,0,0,0xE0F37F0B,0x27C57423,0xE4EC422C,0xB71DA9
./test_crc -s 0 -w 0 -c 0x70B,0x68,0x74D,0x9F,0,0,0xE0F37F0B,0x27C57423,0xE4EC422C,0xB71DA9
sport_req_ 0x70B,0x68,0x74D,0x9F,0,0,0x86C76BBA,0x7E33C1FD,0x7E33C1FD,0x277A5C
./test_crc -s 0 -w 0 -c 0x70B,0x68,0x74D,0x9F,0,0,0x86C76BBA,0x7E33C1FD,0x7E33C1FD,0x277A5C
sport_inactive_ 0x70B,0x68,0x74D,0x9F,0,0,0xA72C019E,0xA72C019E,0xA72C019E,0xD4C161E2
./test_crc -s 0 -w 0 -c 0x70B,0x68,0x74D,0x9F,0,0,0xA72C019E,0xA72C019E,0xA72C019E,0xD4C161E2
sport_active_ 0x70B,0x68,0x74D,0x9F,0,0,0xEBA5301F,0x7E33C1FD,0x7E33C1FD,0x149D8B35
./test_crc -s 0 -w 0 -c 0x70B,0x68,0x74D,0x9F,0,0,0xEBA5301F,0x7E33C1FD,0x7E33C1FD,0x149D8B35
offroad_req_ 0x70B,0x68,0x74D,0x9F,0,0,0xB7E21E4A,0xBFDBC489,0x325D5050,0xE8FC35CC
./test_crc -s 0 -w 0 -c 0x70B,0x68,0x74D,0x9F,0,0,0xB7E21E4A,0xBFDBC489,0x325D5050,0xE8FC35CC
offroad_override_req_ 0x70B,0x68,0x74D,0x9F,0,0,0xD6FC60D2,0x93C9EA15,0x6B3D4052,0x5895154B
./test_crc -s 0 -w 0 -c 0x70B,0x68,0x74D,0x9F,0,0,0xD6FC60D2,0x93C9EA15,0x6B3D4052,0x5895154B
offroad_override_active_ 0x70B,0x68,0x74D,0x9F,0,0,0x6E192520,0x93C9EA15,0xEBA5301F,0xA23CD573
./test_crc -s 0 -w 0 -c 0x70B,0x68,0x74D,0x9F,0,0,0x6E192520,0x93C9EA15,0xEBA5301F,0xA23CD573
offroad_inactive_ 0x70B,0x68,0x74D,0x9F,0,0,0x9ABD7412,0x9ABD7412,0x9ABD7412,0xBCEB10AC
./test_crc -s 0 -w 0 -c 0x70B,0x68,0x74D,0x9F,0,0,0x9ABD7412,0x9ABD7412,0x9ABD7412,0xBCEB10AC
offroad_active_ 0x70B,0x68,0x74D,0x9F,0,0,0x4398A187,0x46E3303D,0x79C42673,0x357CAA51
./test_crc -s 0 -w 0 -c 0x70B,0x68,0x74D,0x9F,0,0,0x4398A187,0x46E3303D,0x79C42673,0x357CAA51
custom_offroad_req_ 0x70B,0x68,0x74D,0x9F,0,0,0x376A7067,0x3F53AAA4,0xB2D53E7D,0x809D707E
./test_crc -s 0 -w 0 -c 0x70B,0x68,0x74D,0x9F,0,0,0x376A7067,0x3F53AAA4,0xB2D53E7D,0x809D707E
custom_offroad_override_req_ 0x70B,0x68,0x74D,0x9F,0,0,0x56740EFF,0x13418438,0xEBB52E7F,0x30F450F9
./test_crc -s 0 -w 0 -c 0x70B,0x68,0x74D,0x9F,0,0,0x56740EFF,0x13418438,0xEBB52E7F,0x30F450F9
custom_offroad_override_active_ 0x70B,0x68,0x74D,0x9F,0,0,0x603C1532,0x13418438,0xEBA5301F,0xB4F8AF82
./test_crc -s 0 -w 0 -c 0x70B,0x68,0x74D,0x9F,0,0,0x603C1532,0x13418438,0xEBA5301F,0xB4F8AF82
custom_offroad_inactive_ 0x70B,0x68,0x74D,0x9F,0,0,0xE22C8C87,0xE22C8C87,0xE22C8C87,0x428B6AED
./test_crc -s 0 -w 0 -c 0x70B,0x68,0x74D,0x9F,0,0,0xE22C8C87,0xE22C8C87,0xE22C8C87,0x428B6AED
custom_offroad_active_ 0x70B,0x68,0x74D,0x9F,0,0,0xEAC66405,0x65405D0,0x3D3204BE,0x6FB7D47F
./test_crc -s 0 -w 0 -c 0x70B,0x68,0x74D,0x9F,0,0,0xEAC66405,0x65405D0,0x3D3204BE,0x6FB7D47F
customa_req_ 0x70B,0x68,0x74D,0x9F,0,0,0xB531C18C,0x6BD23FA6,0xB531C18C,0x9B979A94
./test_crc -s 0 -w 0 -c 0x70B,0x68,0x74D,0x9F,0,0,0xB531C18C,0x6BD23FA6,0xB531C18C,0x9B979A94
customa_inactive_ 0x70B,0x68,0x74D,0x9F,0,0,0xF18D8E83,0xF18D8E83,0xF18D8E83,0xB0CA1211
./test_crc -s 0 -w 0 -c 0x70B,0x68,0x74D,0x9F,0,0,0xF18D8E83,0xF18D8E83,0xF18D8E83,0xB0CA1211
customa_active_ 0x70B,0x68,0x74D,0x9F,0,0,0xB531C18C,0x71F5C249,0xB531C18C,0xFFA396BC
./test_crc -s 0 -w 0 -c 0x70B,0x68,0x74D,0x9F,0,0,0xB531C18C,0x71F5C249,0xB531C18C,0xFFA396BC
customb_req_ 0x70B,0x68,0x74D,0x9F,0,0,0x165519B2,0xC8B6E798,0x165519B2,0xB147DA0F
./test_crc -s 0 -w 0 -c 0x70B,0x68,0x74D,0x9F,0,0,0x165519B2,0xC8B6E798,0x165519B2,0xB147DA0F
customb_inactive_ 0x70B,0x68,0x74D,0x9F,0,0,0xC620CD6A,0xC620CD6A,0xC620CD6A,0x2471B89E
./test_crc -s 0 -w 0 -c 0x70B,0x68,0x74D,0x9F,0,0,0xC620CD6A,0xC620CD6A,0xC620CD6A,0x2471B89E
customb_active_ 0x70B,0x68,0x74D,0x9F,0,0,0x717E5241,0x75AAD8F2,0x8EBC9368,0xEBF41C7
./test_crc -s 0 -w 0 -c 0x70B,0x68,0x74D,0x9F,0,0,0x717E5241,0x75AAD8F2,0x8EBC9368,0xEBF41C7
rain_req_ 0x70B,0x68,0x74D,0x9F,0,0,0x349E6A39,0x4A80F514,0x68FDD003,0xA1EAF8CA
./test_crc -s 0 -w 0 -c 0x70B,0x68,0x74D,0x9F,0,0,0x349E6A39,0x4A80F514,0x68FDD003,0xA1EAF8CA
rain_inactive_ 0x70B,0x68,0x74D,0x9F,0,0,0x4E886870,0x4E886870,0x4E886870,0x3D4C5ADA
./test_crc -s 0 -w 0 -c 0x70B,0x68,0x74D,0x9F,0,0,0x4E886870,0x4E886870,0x4E886870,0x3D4C5ADA
rain_active_ 0x70B,0x68,0x74D,0x9F,0,0,0x8301FD26,0x52467218,0x80435A9D,0xC24774E6
./test_crc -s 0 -w 0 -c 0x70B,0x68,0x74D,0x9F,0,0,0x8301FD26,0x52467218,0x80435A9D,0xC24774E6
eco_req_ 0x70B,0x68,0x74D,0x9F,0,0,0xE7C43035,0x3927CE1F,0xE7C43035,0x1E97AF1A
./test_crc -s 0 -w 0 -c 0x70B,0x68,0x74D,0x9F,0,0,0xE7C43035,0x3927CE1F,0xE7C43035,0x1E97AF1A
eco_inactive_ 0x70B,0x68,0x74D,0x9F,0,0,0x29979F8,0x29979F8,0x29979F8,0x5115C7D
./test_crc -s 0 -w 0 -c 0x70B,0x68,0x74D,0x9F,0,0,0x29979F8,0x29979F8,0x29979F8,0x5115C7D
eco_active_ 0x70B,0x68,0x74D,0x9F,0,0,0xE7C43035,0x46BA4BEC,0xE7C43035,0xF917E21F
./test_crc -s 0 -w 0 -c 0x70B,0x68,0x74D,0x9F,0,0,0xE7C43035,0x46BA4BEC,0xE7C43035,0xF917E21F
error_mode_0_ 0x70B,0x68,0x74D,0x9F,0,0,0x4200A740,0xEC10B93C,0xF6F27434,0xDF1960A1
./test_crc -s 0 -w 0 -c 0x70B,0x68,0x74D,0x9F,0,0,0x4200A740,0xEC10B93C,0xF6F27434,0xDF1960A1
left_turn_indicator 0x72B,0x28E,0x758,0x2BF,0,0,0x82FA8138,0xE02ACA4C,0x82FA8138,0x5D70D9F3
./test_crc -s 0 -w 0 -c 0x72B,0x28E,0x758,0x2BF,0,0,0x82FA8138,0xE02ACA4C,0x82FA8138,0x5D70D9F3
right_turn_indicator 0x26,0x28E,0x53,0x2BF,0,0,0x82FA8138,0xE2A59967,0x82FA8138,0x8EBB91EE
./test_crc -s 0 -w 0 -c 0x26,0x28E,0x53,0x2BF,0,0,0x82FA8138,0xE2A59967,0x82FA8138,0x8EBB91EE
low_battery_voltage_ 0x60B,0x02,0x6A9,0x31,0,0,0xB75F4E73,0x46DD9E7,0x46DD9E7,0xB7000C90
./test_crc -s 0 -w 0 -c 0x60B,0x02,0x6A9,0x31,0,0,0xB75F4E73,0x46DD9E7,0x46DD9E7,0xB7000C90
abs_0_ 0x60B,0x02,0x6A9,0x31,0,0,0xA2B889E2,0x31A8AACE,0x28A577BB,0x660F7383
./test_crc -s 0 -w 0 -c 0x60B,0x02,0x6A9,0x31,0,0,0xA2B889E2,0x31A8AACE,0x28A577BB,0x660F7383
traction_control_fault_ 0x60B,0x02,0x6A9,0x31,0,0,0xF3C30ABA,0xB806F639,0x200FC813,0xAF9BD4B8
./test_crc -s 0 -w 0 -c 0x60B,0x02,0x6A9,0x31,0,0,0xF3C30ABA,0xB806F639,0x200FC813,0xAF9BD4B8
load_shed_ 0x60B,0x02,0x6A9,0x31,0,0,0xC0FE9B9F,0x829FD4E6,0xF0D069A9,0x445AE855
./test_crc -s 0 -w 0 -c 0x60B,0x02,0x6A9,0x31,0,0,0xC0FE9B9F,0x829FD4E6,0xF0D069A9,0x445AE855
road_active_ 0x70B,0x68,0x74D,0x9F,0,0,0xEBA5301F,0x79C6971C,0x2DF498E6,0x983AB280
./test_crc -s 0 -w 0 -c 0x70B,0x68,0x74D,0x9F,0,0,0xEBA5301F,0x79C6971C,0x2DF498E6,0x983AB280
road_inactive_ 0x70B,0x68,0x74D,0x9F,0,0,0xFAEB201,0xFAEB201,0xFAEB201,0xF237924F
./test_crc -s 0 -w 0 -c 0x70B,0x68,0x74D,0x9F,0,0,0xFAEB201,0xFAEB201,0xFAEB201,0xF237924F
road_req_ 0x70B,0x68,0x74D,0x9F,0,0,0xE0F37F0B,0x27C57423,0xE4EC422C,0xB71DA9
./test_crc -s 0 -w 0 -c 0x70B,0x68,0x74D,0x9F,0,0,0xE0F37F0B,0x27C57423,0xE4EC422C,0xB71DA9
sport_req_ 0x70B,0x68,0x74D,0x9F,0,0,0x86C76BBA,0x7E33C1FD,0x7E33C1FD,0x277A5C
./test_crc -s 0 -w 0 -c 0x70B,0x68,0x74D,0x9F,0,0,0x86C76BBA,0x7E33C1FD,0x7E33C1FD,0x277A5C
sport_inactive_ 0x70B,0x68,0x74D,0x9F,0,0,0xA72C019E,0xA72C019E,0xA72C019E,0xD4C161E2
./test_crc -s 0 -w 0 -c 0x70B,0x68,0x74D,0x9F,0,0,0xA72C019E,0xA72C019E,0xA72C019E,0xD4C161E2
sport_active_ 0x70B,0x68,0x74D,0x9F,0,0,0xEBA5301F,0x7E33C1FD,0x7E33C1FD,0x149D8B35
./test_crc -s 0 -w 0 -c 0x70B,0x68,0x74D,0x9F,0,0,0xEBA5301F,0x7E33C1FD,0x7E33C1FD,0x149D8B35
offroad_req_ 0x70B,0x68,0x74D,0x9F,0,0,0xB7E21E4A,0xBFDBC489,0x325D5050,0xE8FC35CC
./test_crc -s 0 -w 0 -c 0x70B,0x68,0x74D,0x9F,0,0,0xB7E21E4A,0xBFDBC489,0x325D5050,0xE8FC35CC
offroad_override_req_ 0x70B,0x68,0x74D,0x9F,0,0,0xD6FC60D2,0x93C9EA15,0x6B3D4052,0x5895154B
./test_crc -s 0 -w 0 -c 0x70B,0x68,0x74D,0x9F,0,0,0xD6FC60D2,0x93C9EA15,0x6B3D4052,0x5895154B
offroad_override_active_ 0x70B,0x68,0x74D,0x9F,0,0,0x6E192520,0x93C9EA15,0xEBA5301F,0xA23CD573
./test_crc -s 0 -w 0 -c 0x70B,0x68,0x74D,0x9F,0,0,0x6E192520,0x93C9EA15,0xEBA5301F,0xA23CD573
offroad_inactive_ 0x70B,0x68,0x74D,0x9F,0,0,0x9ABD7412,0x9ABD7412,0x9ABD7412,0xBCEB10AC
./test_crc -s 0 -w 0 -c 0x70B,0x68,0x74D,0x9F,0,0,0x9ABD7412,0x9ABD7412,0x9ABD7412,0xBCEB10AC
offroad_active_ 0x70B,0x68,0x74D,0x9F,0,0,0x4398A187,0x46E3303D,0x79C42673,0x357CAA51
./test_crc -s 0 -w 0 -c 0x70B,0x68,0x74D,0x9F,0,0,0x4398A187,0x46E3303D,0x79C42673,0x357CAA51
custom_offroad_req_ 0x70B,0x68,0x74D,0x9F,0,0,0x376A7067,0x3F53AAA4,0xB2D53E7D,0x809D707E
./test_crc -s 0 -w 0 -c 0x70B,0x68,0x74D,0x9F,0,0,0x376A7067,0x3F53AAA4,0xB2D53E7D,0x809D707E
custom_offroad_override_req_ 0x70B,0x68,0x74D,0x9F,0,0,0x56740EFF,0x13418438,0xEBB52E7F,0x30F450F9
./test_crc -s 0 -w 0 -c 0x70B,0x68,0x74D,0x9F,0,0,0x56740EFF,0x13418438,0xEBB52E7F,0x30F450F9
custom_offroad_override_active_ 0x70B,0x68,0x74D,0x9F,0,0,0x603C1532,0x13418438,0xEBA5301F,0xB4F8AF82
./test_crc -s 0 -w 0 -c 0x70B,0x68,0x74D,0x9F,0,0,0x603C1532,0x13418438,0xEBA5301F,0xB4F8AF82
custom_offroad_inactive_ 0x70B,0x68,0x74D,0x9F,0,0,0xE22C8C87,0xE22C8C87,0xE22C8C87,0x428B6AED
./test_crc -s 0 -w 0 -c 0x70B,0x68,0x74D,0x9F,0,0,0xE22C8C87,0xE22C8C87,0xE22C8C87,0x428B6AED
custom_offroad_active_ 0x70B,0x68,0x74D,0x9F,0,0,0xEAC66405,0x65405D0,0x3D3204BE,0x6FB7D47F
./test_crc -s 0 -w 0 -c 0x70B,0x68,0x74D,0x9F,0,0,0xEAC66405,0x65405D0,0x3D3204BE,0x6FB7D47F
customa_req_ 0x70B,0x68,0x74D,0x9F,0,0,0xB531C18C,0x6BD23FA6,0xB531C18C,0x9B979A94
./test_crc -s 0 -w 0 -c 0x70B,0x68,0x74D,0x9F,0,0,0xB531C18C,0x6BD23FA6,0xB531C18C,0x9B979A94
customa_inactive_ 0x70B,0x68,0x74D,0x9F,0,0,0xF18D8E83,0xF18D8E83,0xF18D8E83,0xB0CA1211
./test_crc -s 0 -w 0 -c 0x70B,0x68,0x74D,0x9F,0,0,0xF18D8E83,0xF18D8E83,0xF18D8E83,0xB0CA1211
customa_active_ 0x70B,0x68,0x74D,0x9F,0,0,0xB531C18C,0x71F5C249,0xB531C18C,0xFFA396BC
./test_crc -s 0 -w 0 -c 0x70B,0x68,0x74D,0x9F,0,0,0xB531C18C,0x71F5C249,0xB531C18C,0xFFA396BC
customb_req_ 0x70B,0x68,0x74D,0x9F,0,0,0x165519B2,0xC8B6E798,0x165519B2,0xB147DA0F
./test_crc -s 0 -w 0 -c 0x70B,0x68,0x74D,0x9F,0,0,0x165519B2,0xC8B6E798,0x165519B2,0xB147DA0F
customb_inactive_ 0x70B,0x68,0x74D,0x9F,0,0,0xC620CD6A,0xC620CD6A,0xC620CD6A,0x2471B89E
./test_crc -s 0 -w 0 -c 0x70B,0x68,0x74D,0x9F,0,0,0xC620CD6A,0xC620CD6A,0xC620CD6A,0x2471B89E
customb_active_ 0x70B,0x68,0x74D,0x9F,0,0,0x717E5241,0x75AAD8F2,0x8EBC9368,0xEBF41C7
./test_crc -s 0 -w 0 -c 0x70B,0x68,0x74D,0x9F,0,0,0x717E5241,0x75AAD8F2,0x8EBC9368,0xEBF41C7
rain_req_ 0x70B,0x68,0x74D,0x9F,0,0,0x349E6A39,0x4A80F514,0x68FDD003,0xA1EAF8CA
./test_crc -s 0 -w 0 -c 0x70B,0x68,0x74D,0x9F,0,0,0x349E6A39,0x4A80F514,0x68FDD003,0xA1EAF8CA
rain_inactive_ 0x70B,0x68,0x74D,0x9F,0,0,0x4E886870,0x4E886870,0x4E886870,0x3D4C5ADA
./test_crc -s 0 -w 0 -c 0x70B,0x68,0x74D,0x9F,0,0,0x4E886870,0x4E886870,0x4E886870,0x3D4C5ADA
rain_active_ 0x70B,0x68,0x74D,0x9F,0,0,0x8301FD26,0x52467218,0x80435A9D,0xC24774E6
./test_crc -s 0 -w 0 -c 0x70B,0x68,0x74D,0x9F,0,0,0x8301FD26,0x52467218,0x80435A9D,0xC24774E6
eco_req_ 0x70B,0x68,0x74D,0x9F,0,0,0xE7C43035,0x3927CE1F,0xE7C43035,0x1E97AF1A
./test_crc -s 0 -w 0 -c 0x70B,0x68,0x74D,0x9F,0,0,0xE7C43035,0x3927CE1F,0xE7C43035,0x1E97AF1A
eco_inactive_ 0x70B,0x68,0x74D,0x9F,0,0,0x29979F8,0x29979F8,0x29979F8,0x5115C7D
./test_crc -s 0 -w 0 -c 0x70B,0x68,0x74D,0x9F,0,0,0x29979F8,0x29979F8,0x29979F8,0x5115C7D
eco_active_ 0x70B,0x68,0x74D,0x9F,0,0,0xE7C43035,0x46BA4BEC,0xE7C43035,0xF917E21F
./test_crc -s 0 -w 0 -c 0x70B,0x68,0x74D,0x9F,0,0,0xE7C43035,0x46BA4BEC,0xE7C43035,0xF917E21F
error_mode_0_ 0x70B,0x68,0x74D,0x9F,0,0,0x4200A740,0xEC10B93C,0xF6F27434,0xDF1960A1
./test_crc -s 0 -w 0 -c 0x70B,0x68,0x74D,0x9F,0,0,0x4200A740,0xEC10B93C,0xF6F27434,0xDF1960A1
left_turn_indicator 0x72B,0x28E,0x758,0x2BF,0,0,0x653CD2EA,0xDB80061C,0x653CD2EA,0x58493E56
./test_crc -s 0 -w 0 -c 0x72B,0x28E,0x758,0x2BF,0,0,0x653CD2EA,0xDB80061C,0x653CD2EA,0x58493E56
right_turn_indicator 0x26,0x28E,0x53,0x2BF,0,0,0x82FA8138,0xE2A59967,0x82FA8138,0x8EBB91EE
./test_crc -s 0 -w 0 -c 0x26,0x28E,0x53,0x2BF,0,0,0x82FA8138,0xE2A59967,0x82FA8138,0x8EBB91EE
low_battery_voltage_ 0x60B,0x02,0x6A9,0x31,0,0,0xB75F4E73,0x46DD9E7,0x46DD9E7,0xB7000C90
./test_crc -s 0 -w 0 -c 0x60B,0x02,0x6A9,0x31,0,0,0xB75F4E73,0x46DD9E7,0x46DD9E7,0xB7000C90
abs_0_ 0x60B,0x02,0x6A9,0x31,0,0,0xA2B889E2,0x31A8AACE,0x28A577BB,0x660F7383
./test_crc -s 0 -w 0 -c 0x60B,0x02,0x6A9,0x31,0,0,0xA2B889E2,0x31A8AACE,0x28A577BB,0x660F7383
traction_control_fault_ 0x60B,0x02,0x6A9,0x31,0,0,0xF3C30ABA,0xB806F639,0x200FC813,0xAF9BD4B8
./test_crc -s 0 -w 0 -c 0x60B,0x02,0x6A9,0x31,0,0,0xF3C30ABA,0xB806F639,0x200FC813,0xAF9BD4B8
load_shed_ 0x60B,0x02,0x6A9,0x31,0,0,0xC0FE9B9F,0x829FD4E6,0xF0D069A9,0x445AE855
./test_crc -s 0 -w 0 -c 0x60B,0x02,0x6A9,0x31,0,0,0xC0FE9B9F,0x829FD4E6,0xF0D069A9,0x445AE855
road_active_ 0x70B,0x68,0x74D,0x9F,0,0,0xEBA5301F,0x79C6971C,0x2DF498E6,0x983AB280
./test_crc -s 0 -w 0 -c 0x70B,0x68,0x74D,0x9F,0,0,0xEBA5301F,0x79C6971C,0x2DF498E6,0x983AB280
road_inactive_ 0x70B,0x68,0x74D,0x9F,0,0,0xFAEB201,0xFAEB201,0xFAEB201,0xF237924F
./test_crc -s 0 -w 0 -c 0x70B,0x68,0x74D,0x9F,0,0,0xFAEB201,0xFAEB201,0xFAEB201,0xF237924F
road_req_ 0x70B,0x68,0x74D,0x9F,0,0,0xE0F37F0B,0x27C57423,0xE4EC422C,0xB71DA9
./test_crc -s 0 -w 0 -c 0x70B,0x68,0x74D,0x9F,0,0,0xE0F37F0B,0x27C57423,0xE4EC422C,0xB71DA9
sport_req_ 0x70B,0x68,0x74D,0x9F,0,0,0x86C76BBA,0x7E33C1FD,0x7E33C1FD,0x277A5C
./test_crc -s 0 -w 0 -c 0x70B,0x68,0x74D,0x9F,0,0,0x86C76BBA,0x7E33C1FD,0x7E33C1FD,0x277A5C
sport_inactive_ 0x70B,0x68,0x74D,0x9F,0,0,0xA72C019E,0xA72C019E,0xA72C019E,0xD4C161E2
./test_crc -s 0 -w 0 -c 0x70B,0x68,0x74D,0x9F,0,0,0xA72C019E,0xA72C019E,0xA72C019E,0xD4C161E2
sport_active_ 0x70B,0x68,0x74D,0x9F,0,0,0xEBA5301F,0x7E33C1FD,0x7E33C1FD,0x149D8B35
./test_crc -s 0 -w 0 -c 0x70B,0x68,0x74D,0x9F,0,0,0xEBA5301F,0x7E33C1FD,0x7E33C1FD,0x149D8B35
offroad_req_ 0x70B,0x68,0x74D,0x9F,0,0,0xB7E21E4A,0xBFDBC489,0x325D5050,0xE8FC35CC
./test_crc -s 0 -w 0 -c 0x70B,0x68,0x74D,0x9F,0,0,0xB7E21E4A,0xBFDBC489,0x325D5050,0xE8FC35CC
offroad_override_req_ 0x70B,0x68,0x74D,0x9F,0,0,0xD6FC60D2,0x93C9EA15,0x6B3D4052,0x5895154B
./test_crc -s 0 -w 0 -c 0x70B,0x68,0x74D,0x9F,0,0,0xD6FC60D2,0x93C9EA15,0x6B3D4052,0x5895154B
offroad_override_active_ 0x70B,0x68,0x74D,0x9F,0,0,0x6E192520,0x93C9EA15,0xEBA5301F,0xA23CD573
./test_crc -s 0 -w 0 -c 0x70B,0x68,0x74D,0x9F,0,0,0x6E192520,0x93C9EA15,0xEBA5301F,0xA23CD573
offroad_inactive_ 0x70B,0x68,0x74D,0x9F,0,0,0x9ABD7412,0x9ABD7412,0x9ABD7412,0xBCEB10AC
./test_crc -s 0 -w 0 -c 0x70B,0x68,0x74D,0x9F,0,0,0x9ABD7412,0x9ABD7412,0x9ABD7412,0xBCEB10AC
offroad_active_ 0x70B,0x68,0x74D,0x9F,0,0,0x4398A187,0x46E3303D,0x79C42673,0x357CAA51
./test_crc -s 0 -w 0 -c 0x70B,0x68,0x74D,0x9F,0,0,0x4398A187,0x46E3303D,0x79C42673,0x357CAA51
custom_offroad_req_ 0x70B,0x68,0x74D,0x9F,0,0,0x376A7067,0x3F53AAA4,0xB2D53E7D,0x809D707E
./test_crc -s 0 -w 0 -c 0x70B,0x68,0x74D,0x9F,0,0,0x376A7067,0x3F53AAA4,0xB2D53E7D,0x809D707E
custom_offroad_override_req_ 0x70B,0x68,0x74D,0x9F,0,0,0x56740EFF,0x13418438,0xEBB52E7F,0x30F450F9
./test_crc -s 0 -w 0 -c 0x70B,0x68,0x74D,0x9F,0,0,0x56740EFF,0x13418438,0xEBB52E7F,0x30F450F9
custom_offroad_override_active_ 0x70B,0x68,0x74D,0x9F,0,0,0x603C1532,0x13418438,0xEBA5301F,0xB4F8AF82
./test_crc -s 0 -w 0 -c 0x70B,0x68,0x74D,0x9F,0,0,0x603C1532,0x13418438,0xEBA5301F,0xB4F8AF82
custom_offroad_inactive_ 0x70B,0x68,0x74D,0x9F,0,0,0xE22C8C87,0xE22C8C87,0xE22C8C87,0x428B6AED
./test_crc -s 0 -w 0 -c 0x70B,0x68,0x74D,0x9F,0,0,0xE22C8C87,0xE22C8C87,0xE22C8C87,0x428B6AED
custom_offroad_active_ 0x70B,0x68,0x74D,0x9F,0,0,0xEAC66405,0x65405D0,0x3D3204BE,0x6FB7D47F
./test_crc -s 0 -w 0 -c 0x70B,0x68,0x74D,0x9F,0,0,0xEAC66405,0x65405D0,0x3D3204BE,0x6FB7D47F
customa_req_ 0x70B,0x68,0x74D,0x9F,0,0,0xB531C18C,0x6BD23FA6,0xB531C18C,0x9B979A94
./test_crc -s 0 -w 0 -c 0x70B,0x68,0x74D,0x9F,0,0,0xB531C18C,0x6BD23FA6,0xB531C18C,0x9B979A94
customa_inactive_ 0x70B,0x68,0x74D,0x9F,0,0,0xF18D8E83,0xF18D8E83,0xF18D8E83,0xB0CA1211
./test_crc -s 0 -w 0 -c 0x70B,0x68,0x74D,0x9F,0,0,0xF18D8E83,0xF18D8E83,0xF18D8E83,0xB0CA1211
customa_active_ 0x70B,0x68,0x74D,0x9F,0,0,0xB531C18C,0x71F5C249,0xB531C18C,0xFFA396BC
./test_crc -s 0 -w 0 -c 0x70B,0x68,0x74D,0x9F,0,0,0xB531C18C,0x71F5C249,0xB531C18C,0xFFA396BC
customb_req_ 0x70B,0x68,0x74D,0x9F,0,0,0x165519B2,0xC8B6E798,0x165519B2,0xB147DA0F
./test_crc -s 0 -w 0 -c 0x70B,0x68,0x74D,0x9F,0,0,0x165519B2,0xC8B6E798,0x165519B2,0xB147DA0F
customb_inactive_ 0x70B,0x68,0x74D,0x9F,0,0,0xC620CD6A,0xC620CD6A,0xC620CD6A,0x2471B89E
./test_crc -s 0 -w 0 -c 0x70B,0x68,0x74D,0x9F,0,0,0xC620CD6A,0xC620CD6A,0xC620CD6A,0x2471B89E
customb_active_ 0x70B,0x68,0x74D,0x9F,0,0,0x717E5241,0x75AAD8F2,0x8EBC9368,0xEBF41C7
./test_crc -s 0 -w 0 -c 0x70B,0x68,0x74D,0x9F,0,0,0x717E5241,0x75AAD8F2,0x8EBC9368,0xEBF41C7
rain_req_ 0x70B,0x68,0x74D,0x9F,0,0,0x349E6A39,0x4A80F514,0x68FDD003,0xA1EAF8CA
./test_crc -s 0 -w 0 -c 0x70B,0x68,0x74D,0x9F,0,0,0x349E6A39,0x4A80F514,0x68FDD003,0xA1EAF8CA
rain_inactive_ 0x70B,0x68,0x74D,0x9F,0,0,0x4E886870,0x4E886870,0x4E886870,0x3D4C5ADA
./test_crc -s 0 -w 0 -c 0x70B,0x68,0x74D,0x9F,0,0,0x4E886870,0x4E886870,0x4E886870,0x3D4C5ADA
rain_active_ 0x70B,0x68,0x74D,0x9F,0,0,0x8301FD26,0x52467218,0x80435A9D,0xC24774E6
./test_crc -s 0 -w 0 -c 0x70B,0x68,0x74D,0x9F,0,0,0x8301FD26,0x52467218,0x80435A9D,0xC24774E6
eco_req_ 0x70B,0x68,0x74D,0x9F,0,0,0xE7C43035,0x3927CE1F,0xE7C43035,0x1E97AF1A
./test_crc -s 0 -w 0 -c 0x70B,0x68,0x74D,0x9F,0,0,0xE7C43035,0x3927CE1F,0xE7C43035,0x1E97AF1A
eco_inactive_ 0x70B,0x68,0x74D,0x9F,0,0,0x29979F8,0x29979F8,0x29979F8,0x5115C7D
./test_crc -s 0 -w 0 -c 0x70B,0x68,0x74D,0x9F,0,0,0x29979F8,0x29979F8,0x29979F8,0x5115C7D
eco_active_ 0x70B,0x68,0x74D,0x9F,0,0,0xE7C43035,0x46BA4BEC,0xE7C43035,0xF917E21F
./test_crc -s 0 -w 0 -c 0x70B,0x68,0x74D,0x9F,0,0,0xE7C43035,0x46BA4BEC,0xE7C43035,0xF917E21F
error_mode_0_ 0x70B,0x68,0x74D,0x9F,0,0,0x4200A740,0xEC10B93C,0xF6F27434,0xDF1960A1
./test_crc -s 0 -w 0 -c 0x70B,0x68,0x74D,0x9F,0,0,0x4200A740,0xEC10B93C,0xF6F27434,0xDF1960A1
left_turn_indicator 0x72B,0x28E,0x758,0x2BF,0,0,0x653CD2EA,0xDB80061C,0x653CD2EA,0x58493E56
./test_crc -s 0 -w 0 -c 0x72B,0x28E,0x758,0x2BF,0,0,0x653CD2EA,0xDB80061C,0x653CD2EA,0x58493E56
right_turn_indicator 0x26,0x28E,0x53,0x2BF,0,0,0x82FA8138,0xE2A59967,0x82FA8138,0x8EBB91EE
./test_crc -s 0 -w 0 -c 0x26,0x28E,0x53,0x2BF,0,0,0x82FA8138,0xE2A59967,0x82FA8138,0x8EBB91EE
low_battery_voltage_ 0x60B,0x02,0x6A9,0x31,0,0,0xB75F4E73,0x46DD9E7,0x46DD9E7,0xB7000C90
./test_crc -s 0 -w 0 -c 0x60B,0x02,0x6A9,0x31,0,0,0xB75F4E73,0x46DD9E7,0x46DD9E7,0xB7000C90
abs_0_ 0x60B,0x02,0x6A9,0x31,0,0,0xA2B889E2,0x31A8AACE,0x28A577BB,0x660F7383
./test_crc -s 0 -w 0 -c 0x60B,0x02,0x6A9,0x31,0,0,0xA2B889E2,0x31A8AACE,0x28A577BB,0x660F7383
traction_control_fault_ 0x60B,0x02,0x6A9,0x31,0,0,0xF3C30ABA,0xB806F639,0x200FC813,0xAF9BD4B8
./test_crc -s 0 -w 0 -c 0x60B,0x02,0x6A9,0x31,0,0,0xF3C30ABA,0xB806F639,0x200FC813,0xAF9BD4B8
load_shed_ 0x60B,0x02,0x6A9,0x31,0,0,0xC0FE9B9F,0x829FD4E6,0xF0D069A9,0x445AE855
./test_crc -s 0 -w 0 -c 0x60B,0x02,0x6A9,0x31,0,0,0xC0FE9B9F,0x829FD4E6,0xF0D069A9,0x445AE855
